C51 COMPILER V9.59.0.0   TIMER                                                             09/19/2018 11:03:14 PAGE 1   


C51 COMPILER V9.59.0.0, COMPILATION OF MODULE TIMER
OBJECT MODULE PLACED IN .\Objects\Timer.obj
COMPILER INVOKED BY: F:\Keil_v5_C51\C51\BIN\C51.EXE ..\MyLib\src\Timer.c OPTIMIZE(8,SPEED) BROWSE INCDIR(..\Protocol;..\
                    -Mode\inc;..\MyLib\inc;..\Lib\inc;..\User) DEBUG OBJECTEXTEND PRINT(.\Listings\Timer.lst) TABS(2) OBJECT(.\Objects\Timer.
                    -obj)

line level    source

   1          #include "STC8A8K32S4A12.h"
   2          
   3          #include "Timer.h"
   4          #include "Packet.h"
   5          #include "Order.h"
   6          #include "EEPROM.h"
   7          
   8          void TIM0_Init(void) //10毫秒@24.000MHz
   9          {
  10   1          TMOD = 0x04; //外部计数模式
  11   1          TL0 = 0xff;
  12   1          TH0 = 0xff;
  13   1          TR0 = 1; //启动定时器
  14   1          ET0 = 1; //使能定时器中断
  15   1          EA = 1;
  16   1      }
  17          
  18          void TIM2_Init(void) //1毫秒@24.000MHz
  19          {
  20   1          AUXR |= 0x04;  //定时器时钟1T模式
  21   1          T2L = 0x40;    //设置定时初值
  22   1          T2H = 0xA2;    //设置定时初值
  23   1          AUXR &= ~0x10; //定时器2开始计时
  24   1          IE2 |= ET2;
  25   1          EA = 1;
  26   1      }
  27          
  28          void TIM3_Init(void) //1毫秒@24.000MHz
  29          {
  30   1          T4T3M |= 0x02;  //定时器时钟1T模式
  31   1          T3L = 0x40;     //设置定时初值
  32   1          T3H = 0xA2;     //设置定时初值
  33   1          T4T3M &= ~0x08; //定时器3开始计时
  34   1          IE2 |= ET3;     //使能定时器中断
  35   1          EA = 1;
  36   1      }
  37          
  38          void TIM4_Init(void) //1毫秒@24.000MHz
  39          {
  40   1          T4T3M |= 0x20; //定时器时钟12T模式
  41   1          T4L = 0x40;    //设置定时初值
  42   1          T4H = 0xA2;    //设置定时初值
  43   1          T4T3M |= 0x80; //定时器4开始计时
  44   1          IE2 |= ET4;
  45   1          EA = 1;
  46   1      }
  47          
  48          void TIM0_Isr() interrupt 1 using 1
  49          {
  50   1          ValveCount++;
  51   1          ValveCountDown--;
  52   1          ValveAll++;
  53   1      }
C51 COMPILER V9.59.0.0   TIMER                                                             09/19/2018 11:03:14 PAGE 2   

  54          
  55          void TIM2_Isr() interrupt 12 using 1
  56          {
  57   1          if (PollTimer_Start == 0)
  58   1          {
  59   2              TempTimer_Start = ValveCount;
  60   2          }
  61   1          PollTimer_Start++;
  62   1          if (PollTimer_Start == 2000)
  63   1          {
  64   2              PollTimer_Start = 0;
  65   2              if (ValveCount - TempTimer_Start >= 5)
  66   2              {
  67   3                  //ValveCount = 0;
  68   3                  StartBool = True;
  69   3                  AUXR &= ~0x10; //用户开始用水定时器关闭
  70   3                  T4T3M |= 0x08; //用户结束用水定时器开启
  71   3              }
  72   2          }
  73   1          AUXINTIF &= ~T2IF; //清中断标志
  74   1      }
  75          
  76          void TIM3_Isr() interrupt 19 using 1
  77          {
  78   1          if (PollTimer_Stop == 0)
  79   1          {
  80   2              TempTimer_Stop = ValveCount;
  81   2          }
  82   1      
  83   1          PollTimer_Stop++;
  84   1          if (PollTimer_Start_Stop == 3000)
  85   1          {
  86   2              PollTimer_Stop = 0;
  87   2              PollTimer_Start_Stop = 0;
  88   2              StopBool = True;
  89   2              T4T3M &= ~0x08;
  90   2              if (IapRead(EEPROM_DeviceMode) == MODE_FLOW)
  91   2              {
  92   3                  AUXR |= 0x10;
  93   3              }
  94   2          }
  95   1          if (PollTimer_Stop == 100)
  96   1          {
  97   2              PollTimer_Stop = 0;
  98   2              if (ValveCount - TempTimer_Stop <= 5)
  99   2              {
 100   3                  PollTimer_Start_Stop = PollTimer_Start_Stop + 100;
 101   3              }
 102   2              else
 103   2              {
 104   3                  PollTimer_Start_Stop = 0;
 105   3              }
 106   2              TempTimer_Stop = ValveCount;
 107   2          }
 108   1          AUXINTIF &= ~T3IF;
 109   1      }
 110          
 111          void TIM4_Isr() interrupt 20 using 1
 112          {
 113   1          PollTimer++;
 114   1          if (PollTimer == 360000)
 115   1          {
C51 COMPILER V9.59.0.0   TIMER                                                             09/19/2018 11:03:14 PAGE 3   

 116   2              ICCIDBool = True;
 117   2              HeartPacketBool = True;
 118   2              PollTimer = 0;
 119   2          }
 120   1          AUXINTIF &= ~T4IF; //清中断标志
 121   1      }


MODULE INFORMATION:   STATIC OVERLAYABLE
   CODE SIZE        =    531    ----
   CONSTANT SIZE    =   ----    ----
   XDATA SIZE       =   ----    ----
   PDATA SIZE       =   ----    ----
   DATA SIZE        =   ----    ----
   IDATA SIZE       =   ----    ----
   BIT SIZE         =   ----    ----
END OF MODULE INFORMATION.


C51 COMPILATION COMPLETE.  0 WARNING(S),  0 ERROR(S)
