BL51 BANKED LINKER/LOCATER V6.22.2.0                                                    09/19/2018  11:03:15  PAGE 1


BL51 BANKED LINKER/LOCATER V6.22.2.0, INVOKED BY:
F:\KEIL_V5_C51\C51\BIN\BL51.EXE .\Objects\PrivateMode.obj, .\Objects\PublicFunction.obj, .\Objects\PublicMode.obj, .\Obj
>> ects\Gprs.obj, .\Objects\Usart.obj, .\Objects\Delay.obj, .\Objects\IODeal.obj, .\Objects\Timer.obj, .\Objects\EEPROM.
>> obj, .\Objects\STARTUP.obj, .\Objects\main.obj, .\Objects\Packet.obj TO .\Objects\WaterProject PRINT (.\Listings\Wate
>> rProject.m51) RAMSIZE (256)


MEMORY MODEL: SMALL


INPUT MODULES INCLUDED:
  .\Objects\PrivateMode.obj (PRIVATEMODE)
  .\Objects\PublicFunction.obj (PUBLICFUNCTION)
  .\Objects\PublicMode.obj (PUBLICMODE)
  .\Objects\Gprs.obj (GPRS)
  .\Objects\Usart.obj (USART)
  .\Objects\Delay.obj (DELAY)
  .\Objects\IODeal.obj (IODEAL)
  .\Objects\Timer.obj (TIMER)
  .\Objects\EEPROM.obj (EEPROM)
  .\Objects\STARTUP.obj (?C_STARTUP)
  .\Objects\main.obj (MAIN)
  .\Objects\Packet.obj (PACKET)
  F:\KEIL_V5_C51\C51\LIB\C51S.LIB (?C_INIT)
  F:\KEIL_V5_C51\C51\LIB\C51S.LIB (?C?COPY)
  F:\KEIL_V5_C51\C51\LIB\C51S.LIB (?C?CLDPTR)
  F:\KEIL_V5_C51\C51\LIB\C51S.LIB (?C?CLDOPTR)
  F:\KEIL_V5_C51\C51\LIB\C51S.LIB (?C?IMUL)
  F:\KEIL_V5_C51\C51\LIB\C51S.LIB (?C?ISTPTR)
  F:\KEIL_V5_C51\C51\LIB\C51S.LIB (?C?ULDIV)
  F:\KEIL_V5_C51\C51\LIB\C51S.LIB (?C?SLCMP)
  F:\KEIL_V5_C51\C51\LIB\C51S.LIB (?C?ULCMP)
  F:\KEIL_V5_C51\C51\LIB\C51S.LIB (?C?ULSHR)
  F:\KEIL_V5_C51\C51\LIB\C51S.LIB (?C?LSTXDATA)
  F:\KEIL_V5_C51\C51\LIB\C51S.LIB (?C?LSTKXDATA)
  F:\KEIL_V5_C51\C51\LIB\C51S.LIB (ISALPHA)
  F:\KEIL_V5_C51\C51\LIB\C51S.LIB (ISDIGIT)
  F:\KEIL_V5_C51\C51\LIB\C51S.LIB (ISUPPER)
  F:\KEIL_V5_C51\C51\LIB\C51S.LIB (STRNCPY)
  F:\KEIL_V5_C51\C51\LIB\C51S.LIB (STRLEN)
  F:\KEIL_V5_C51\C51\LIB\C51S.LIB (STRCHR)
  F:\KEIL_V5_C51\C51\LIB\C51S.LIB (STRSTR)
  F:\KEIL_V5_C51\C51\LIB\C51S.LIB (ATOI)
  F:\KEIL_V5_C51\C51\LIB\C51S.LIB (?C?MEMSET)
  F:\KEIL_V5_C51\C51\LIB\C51S.LIB (?C?CSTOPTR)
  F:\KEIL_V5_C51\C51\LIB\C51S.LIB (ISSPACE)


LINK MAP OF MODULE:  .\Objects\WaterProject (PRIVATEMODE)


            TYPE    BASE      LENGTH    RELOCATION   SEGMENT NAME
            -----------------------------------------------------

            * * * * * * *   D A T A   M E M O R Y   * * * * * * *
            REG     0000H     0008H     ABSOLUTE     "REG BANK 0"
            REG     0008H     0008H     ABSOLUTE     "REG BANK 1"
                    0010H     0010H                  *** GAP ***
BL51 BANKED LINKER/LOCATER V6.22.2.0                                                  09/19/2018  11:03:15  PAGE 2


            BIT     0020H.0   0000H.1   UNIT         _BIT_GROUP_
                    0020H.1   0000H.7                *** GAP ***
            DATA    0021H     0032H     UNIT         ?DT?PACKET
            DATA    0053H     002AH     UNIT         _DATA_GROUP_
            IDATA   007DH     0001H     UNIT         ?STACK

            * * * * * * *  X D A T A   M E M O R Y  * * * * * * *
            XDATA   0000H     007CH     UNIT         ?XD?PACKET
            XDATA   007CH     001AH     UNIT         _XDATA_GROUP_

            * * * * * * *   C O D E   M E M O R Y   * * * * * * *
            CODE    0000H     0003H     ABSOLUTE     
            CODE    0003H     0008H     UNIT         ?PR?_UART1_SEND?USART
            CODE    000BH     0003H     ABSOLUTE     
            CODE    000EH     0015H     UNIT         ?PR?_GET_LVALUE?PUBLICFUNCTION
            CODE    0023H     0003H     ABSOLUTE     
            CODE    0026H     003CH     UNIT         ?PR?GPRS_CONNECTCLOSE?GPRS
                    0062H     0001H                  *** GAP ***
            CODE    0063H     0003H     ABSOLUTE     
            CODE    0066H     002FH     UNIT         ?PR?UART1_ISR?USART
            CODE    0095H     0004H     UNIT         ?CO?PACKET
                    0099H     0002H                  *** GAP ***
            CODE    009BH     0003H     ABSOLUTE     
                    009EH     0005H                  *** GAP ***
            CODE    00A3H     0003H     ABSOLUTE     
            CODE    00A6H     069BH     UNIT         ?PR?PRIVATEMODE_START?PRIVATEMODE
            CODE    0741H     0544H     UNIT         ?PR?MAIN?MAIN
            CODE    0C85H     03EEH     UNIT         ?PR?PUBLICMODE_START?PUBLICMODE
            CODE    1073H     0300H     UNIT         ?C?LIB_CODE
            CODE    1373H     02BDH     UNIT         ?PR?_GPRS_SENDDATA?GPRS
            CODE    1630H     0287H     UNIT         ?PR?UART1_RECV_DEAL?USART
            CODE    18B7H     0256H     UNIT         ?PR?GPRS_ICCID?GPRS
            CODE    1B0DH     0154H     UNIT         ?C_INITSEG
            CODE    1C61H     0152H     UNIT         ?PR?_GET_CHECK?PUBLICFUNCTION
            CODE    1DB3H     0125H     UNIT         ?PR?_GPRS_CONNECTCREAT?GPRS
            CODE    1ED8H     0107H     UNIT         ?CO?GPRS
            CODE    1FDFH     00EDH     UNIT         ?PR?RECOVERY_PACKETDATA?PUBLICFUNCTION
            CODE    20CCH     00EDH     UNIT         ?PR?GPRS_SENDHEARTPACKET?GPRS
            CODE    21B9H     00D2H     UNIT         ?PR?_HEX_TO_INT?PUBLICFUNCTION
            CODE    228BH     00BDH     UNIT         ?PR?VALVE_TO_FLOW?PUBLICFUNCTION
            CODE    2348H     00B3H     UNIT         ?PR?TIM3_ISR?TIMER
            CODE    23FBH     00B1H     UNIT         ?PR?GPRS_MODE?GPRS
            CODE    24ACH     00B0H     UNIT         ?PR?_RECV_RETURN?GPRS
            CODE    255CH     00B0H     UNIT         ?PR?_RECV_RETURN_SPECIAL?GPRS
            CODE    260CH     00AEH     UNIT         ?PR?_ATOI?ATOI
            CODE    26BAH     00A9H     UNIT         ?PR?SYSTEMINIT_PACKETDATA?PUBLICFUNCTION
            CODE    2763H     00A2H     UNIT         ?PR?_GET_HMLVALUE?PUBLICFUNCTION
            CODE    2805H     008CH     UNIT         ?C_C51STARTUP
            CODE    2891H     0082H     UNIT         ?PR?_STRSTR?STRSTR
            CODE    2913H     007BH     UNIT         ?PR?FLOW_TO_VALVE_FLOWMODE?PUBLICFUNCTION
            CODE    298EH     007BH     UNIT         ?PR?FLOW_TO_VALVE_PUBLICMODE?PUBLICFUNCTION
            CODE    2A09H     0074H     UNIT         ?PR?TIM2_ISR?TIMER
            CODE    2A7DH     006EH     UNIT         ?PR?_CHAR_TO_INT?PUBLICFUNCTION
            CODE    2AEBH     006EH     UNIT         ?PR?GPRS_SIGNAL?GPRS
            CODE    2B59H     006AH     UNIT         ?PR?UART1_RECV_NUM_AT?USART
            CODE    2BC3H     006AH     UNIT         ?PR?UART1_RECV_NUM_PACKET?USART
            CODE    2C2DH     005BH     UNIT         ?PR?TIM4_ISR?TIMER
BL51 BANKED LINKER/LOCATER V6.22.2.0                                                  09/19/2018  11:03:15  PAGE 3


            CODE    2C88H     0052H     UNIT         ?PR?_STRNCPY?STRNCPY
            CODE    2CDAH     004BH     UNIT         ?PR?TIM0_ISR?TIMER
            CODE    2D25H     0025H     UNIT         ?PR?_UART1_SEND_DATA?USART
            CODE    2D4AH     0024H     UNIT         ?CO?PRIVATEMODE
            CODE    2D6EH     0024H     UNIT         ?CO?PUBLICMODE
            CODE    2D92H     0024H     UNIT         ?CO?MAIN
            CODE    2DB6H     001CH     UNIT         ?PR?_GET_HLVALUE?PUBLICFUNCTION
            CODE    2DD2H     001CH     UNIT         ?PR?_STRCHR?STRCHR
            CODE    2DEEH     001BH     UNIT         ?PR?UART1_INIT?USART
            CODE    2E09H     001BH     UNIT         ?PR?_DELAY_S?DELAY
            CODE    2E24H     001BH     UNIT         ?PR?_ISALPHA?ISALPHA
            CODE    2E3FH     001AH     UNIT         ?PR?_GET_HVALUE?PUBLICFUNCTION
            CODE    2E59H     0019H     UNIT         ?PR?_VALVE_SWITCH?PUBLICFUNCTION
            CODE    2E72H     0019H     UNIT         ?PR?_GET_LONG_L?PUBLICFUNCTION
            CODE    2E8BH     0018H     UNIT         ?PR?_IAPREAD?EEPROM
            CODE    2EA3H     0018H     UNIT         ?PR?_IAPPROGRAM?EEPROM
            CODE    2EBBH     0016H     UNIT         ?PR?GPRS_INIT?GPRS
            CODE    2ED1H     0016H     UNIT         ?PR?_DELAY_MS?DELAY
            CODE    2EE7H     0016H     UNIT         ?PR?_IAPERASE?EEPROM
            CODE    2EFDH     0015H     UNIT         ?PR?_GET_LONG_H?PUBLICFUNCTION
            CODE    2F12H     0015H     UNIT         ?PR?_GET_LONG_M1?PUBLICFUNCTION
            CODE    2F27H     0015H     UNIT         ?PR?_GET_LONG_M2?PUBLICFUNCTION
            CODE    2F3CH     0015H     UNIT         ?PR?_STRLEN?STRLEN
            CODE    2F51H     0013H     UNIT         ?PR?_ISSPACE?ISSPACE
            CODE    2F64H     0012H     UNIT         ?PR?TIM2_INIT?TIMER
            CODE    2F76H     0012H     UNIT         ?PR?TIM3_INIT?TIMER
            CODE    2F88H     0012H     UNIT         ?PR?TIM4_INIT?TIMER
            CODE    2F9AH     0010H     UNIT         ?PR?TIM0_INIT?TIMER
            CODE    2FAAH     000FH     UNIT         ?PR?_ISDIGIT?ISDIGIT
            CODE    2FB9H     000FH     UNIT         ?PR?_ISUPPER?ISUPPER
            CODE    2FC8H     000EH     UNIT         ?PR?VALVE_OPEN?IODEAL
            CODE    2FD6H     000EH     UNIT         ?PR?VALVE_CLOSE?IODEAL
            CODE    2FE4H     000DH     UNIT         ?PR?IAPIDLE?EEPROM
            CODE    2FF1H     0009H     UNIT         ?PR?_CLEAR_BUF?USART
            CODE    2FFAH     0007H     UNIT         ?PR?VALVE_INIT?IODEAL



OVERLAY MAP OF MODULE:   .\Objects\WaterProject (PRIVATEMODE)


SEGMENT                                             BIT_GROUP          DATA_GROUP          XDATA_GROUP
  +--> CALLED SEGMENT                            START    LENGTH     START    LENGTH     START    LENGTH
--------------------------------------------------------------------------------------------------------
?PR?UART1_ISR?USART                              -----    -----      -----    -----      -----    -----
  +--> ?PR?UART1_RECV_NUM_PACKET?USART
  +--> ?PR?UART1_RECV_DEAL?USART
  +--> ?PR?UART1_RECV_NUM_AT?USART

?PR?UART1_RECV_NUM_PACKET?USART                  -----    -----      -----    -----      007CH    0003H

?PR?UART1_RECV_DEAL?USART                        -----    -----      -----    -----      007CH    0006H
  +--> ?PR?_CLEAR_BUF?USART

?PR?UART1_RECV_NUM_AT?USART                      -----    -----      -----    -----      007CH    0003H

*** NEW ROOT ***************************************************
BL51 BANKED LINKER/LOCATER V6.22.2.0                                                  09/19/2018  11:03:15  PAGE 4



?PR?TIM3_ISR?TIMER                               -----    -----      -----    -----      -----    -----
  +--> ?PR?_IAPREAD?EEPROM

?PR?_IAPREAD?EEPROM                              -----    -----      -----    -----      -----    -----
  +--> ?PR?IAPIDLE?EEPROM

*** NEW ROOT ***************************************************

?C_C51STARTUP                                    -----    -----      -----    -----      -----    -----
  +--> ?PR?MAIN?MAIN
  +--> ?C_INITSEG

?PR?MAIN?MAIN                                    -----    -----      -----    -----      -----    -----
  +--> ?PR?GPRS_INIT?GPRS
  +--> ?PR?_DELAY_S?DELAY
  +--> ?PR?VALVE_INIT?IODEAL
  +--> ?PR?TIM0_INIT?TIMER
  +--> ?PR?TIM2_INIT?TIMER
  +--> ?PR?TIM3_INIT?TIMER
  +--> ?PR?TIM4_INIT?TIMER
  +--> ?PR?_IAPREAD?EEPROM
  +--> ?PR?_IAPERASE?EEPROM
  +--> ?PR?_IAPPROGRAM?EEPROM
  +--> ?PR?RECOVERY_PACKETDATA?PUBLICFUNCTION
  +--> ?PR?_GET_HMLVALUE?PUBLICFUNCTION
  +--> ?PR?_DELAY_MS?DELAY
  +--> ?PR?GPRS_MODE?GPRS
  +--> ?PR?GPRS_ICCID?GPRS
  +--> ?PR?GPRS_CONNECTCLOSE?GPRS
  +--> ?CO?MAIN
  +--> ?PR?_GPRS_CONNECTCREAT?GPRS
  +--> ?PR?_GPRS_SENDDATA?GPRS
  +--> ?PR?_RECV_RETURN?GPRS
  +--> ?PR?_RECV_RETURN_SPECIAL?GPRS
  +--> ?PR?_CLEAR_BUF?USART
  +--> ?PR?PUBLICMODE_START?PUBLICMODE
  +--> ?PR?PRIVATEMODE_START?PRIVATEMODE

?PR?GPRS_INIT?GPRS                               -----    -----      -----    -----      -----    -----
  +--> ?PR?UART1_INIT?USART
  +--> ?PR?_DELAY_S?DELAY
  +--> ?PR?_DELAY_MS?DELAY

?PR?_IAPERASE?EEPROM                             -----    -----      -----    -----      -----    -----
  +--> ?PR?IAPIDLE?EEPROM

?PR?_IAPPROGRAM?EEPROM                           -----    -----      -----    -----      -----    -----
  +--> ?PR?IAPIDLE?EEPROM

?PR?RECOVERY_PACKETDATA?PUBLICFUNCTION           -----    -----      -----    -----      -----    -----
  +--> ?PR?_IAPERASE?EEPROM
  +--> ?PR?_IAPPROGRAM?EEPROM

?PR?_GET_HMLVALUE?PUBLICFUNCTION                 -----    -----      0053H    0008H      0082H    0004H

?PR?GPRS_MODE?GPRS                               -----    -----      -----    -----      -----    -----
BL51 BANKED LINKER/LOCATER V6.22.2.0                                                  09/19/2018  11:03:15  PAGE 5


  +--> ?PR?_RECV_RETURN?GPRS
  +--> ?PR?_CLEAR_BUF?USART
  +--> ?CO?GPRS
  +--> ?PR?_UART1_SEND_DATA?USART
  +--> ?PR?_DELAY_MS?DELAY

?PR?_RECV_RETURN?GPRS                            -----    -----      006BH    0006H      -----    -----
  +--> ?CO?GPRS
  +--> ?PR?_STRSTR?STRSTR

?PR?_STRSTR?STRSTR                               -----    -----      0071H    000CH      -----    -----

?PR?_UART1_SEND_DATA?USART                       -----    -----      006BH    0003H      -----    -----
  +--> ?PR?_UART1_SEND?USART

?PR?GPRS_ICCID?GPRS                              -----    -----      0053H    0018H      -----    -----
  +--> ?CO?GPRS
  +--> ?PR?_RECV_RETURN?GPRS
  +--> ?PR?_CLEAR_BUF?USART
  +--> ?PR?_UART1_SEND_DATA?USART
  +--> ?PR?_DELAY_MS?DELAY
  +--> ?PR?_STRCHR?STRCHR
  +--> ?PR?_STRNCPY?STRNCPY
  +--> ?PR?_HEX_TO_INT?PUBLICFUNCTION
  +--> ?PR?_IAPERASE?EEPROM
  +--> ?PR?_IAPPROGRAM?EEPROM

?PR?_STRNCPY?STRNCPY                             -----    -----      006BH    000AH      -----    -----

?PR?_HEX_TO_INT?PUBLICFUNCTION                   -----    -----      006BH    0003H      0082H    000AH
  +--> ?PR?_STRLEN?STRLEN
  +--> ?PR?_CHAR_TO_INT?PUBLICFUNCTION

?PR?_CHAR_TO_INT?PUBLICFUNCTION                  -----    -----      006EH    0001H      -----    -----
  +--> ?PR?_ISDIGIT?ISDIGIT
  +--> ?PR?_ISALPHA?ISALPHA
  +--> ?PR?_ISUPPER?ISUPPER

?PR?GPRS_CONNECTCLOSE?GPRS                       -----    -----      -----    -----      -----    -----
  +--> ?CO?GPRS
  +--> ?PR?_RECV_RETURN?GPRS
  +--> ?PR?_CLEAR_BUF?USART
  +--> ?PR?_UART1_SEND_DATA?USART
  +--> ?PR?_DELAY_MS?DELAY

?PR?_GPRS_CONNECTCREAT?GPRS                      -----    -----      005CH    0006H      -----    -----
  +--> ?CO?GPRS
  +--> ?PR?_UART1_SEND_DATA?USART
  +--> ?PR?_UART1_SEND?USART
  +--> ?PR?_DELAY_MS?DELAY
  +--> ?PR?_RECV_RETURN?GPRS
  +--> ?PR?_CLEAR_BUF?USART

?PR?_GPRS_SENDDATA?GPRS                          -----    -----      0057H    0005H      008AH    0004H
  +--> ?PR?_CLEAR_BUF?USART
  +--> ?PR?GPRS_SIGNAL?GPRS
  +--> ?CO?GPRS
BL51 BANKED LINKER/LOCATER V6.22.2.0                                                  09/19/2018  11:03:15  PAGE 6


  +--> ?PR?_UART1_SEND_DATA?USART
  +--> ?PR?_RECV_RETURN?GPRS
  +--> ?PR?_RECV_RETURN_SPECIAL?GPRS
  +--> ?PR?GPRS_CONNECTCLOSE?GPRS
  +--> ?PR?_GPRS_CONNECTCREAT?GPRS
  +--> ?PR?_IAPREAD?EEPROM
  +--> ?PR?VALVE_TO_FLOW?PUBLICFUNCTION
  +--> ?PR?_GET_CHECK?PUBLICFUNCTION
  +--> ?PR?_UART1_SEND?USART

?PR?GPRS_SIGNAL?GPRS                             -----    -----      005CH    0003H      -----    -----
  +--> ?CO?GPRS
  +--> ?PR?_RECV_RETURN?GPRS
  +--> ?PR?_CLEAR_BUF?USART
  +--> ?PR?_UART1_SEND_DATA?USART
  +--> ?PR?_DELAY_MS?DELAY
  +--> ?PR?_STRCHR?STRCHR
  +--> ?PR?_STRNCPY?STRNCPY
  +--> ?PR?_ATOI?ATOI
  +--> ?PR?_IAPERASE?EEPROM
  +--> ?PR?_IAPPROGRAM?EEPROM

?PR?_ATOI?ATOI                                   0020H.0  0000H.1    005FH    0005H      -----    -----
  +--> ?PR?_ISSPACE?ISSPACE
  +--> ?PR?_ISDIGIT?ISDIGIT

?PR?_RECV_RETURN_SPECIAL?GPRS                    -----    -----      005CH    0006H      -----    -----
  +--> ?CO?GPRS
  +--> ?PR?_STRSTR?STRSTR

?PR?VALVE_TO_FLOW?PUBLICFUNCTION                 -----    -----      -----    -----      008EH    0006H
  +--> ?CO?PACKET
  +--> ?PR?_GET_HVALUE?PUBLICFUNCTION
  +--> ?PR?_GET_LVALUE?PUBLICFUNCTION

?PR?_GET_HVALUE?PUBLICFUNCTION                   -----    -----      -----    -----      0094H    0002H

?PR?_GET_LVALUE?PUBLICFUNCTION                   -----    -----      -----    -----      0094H    0002H

?PR?_GET_CHECK?PUBLICFUNCTION                    -----    -----      005CH    0006H      008EH    0002H
  +--> ?PR?_GET_HVALUE?PUBLICFUNCTION
  +--> ?PR?_GET_LVALUE?PUBLICFUNCTION

?PR?PUBLICMODE_START?PUBLICMODE                  -----    -----      0053H    0002H      -----    -----
  +--> ?PR?_VALVE_SWITCH?PUBLICFUNCTION
  +--> ?PR?_IAPERASE?EEPROM
  +--> ?PR?_IAPPROGRAM?EEPROM
  +--> ?PR?GPRS_SENDHEARTPACKET?GPRS
  +--> ?PR?_IAPREAD?EEPROM
  +--> ?PR?SYSTEMINIT_PACKETDATA?PUBLICFUNCTION
  +--> ?PR?_GPRS_SENDDATA?GPRS
  +--> ?PR?RECOVERY_PACKETDATA?PUBLICFUNCTION
  +--> ?PR?FLOW_TO_VALVE_PUBLICMODE?PUBLICFU...
  +--> ?PR?_GET_LONG_H?PUBLICFUNCTION
  +--> ?PR?_GET_LONG_M1?PUBLICFUNCTION
  +--> ?PR?_GET_LONG_M2?PUBLICFUNCTION
  +--> ?PR?_GET_LONG_L?PUBLICFUNCTION
BL51 BANKED LINKER/LOCATER V6.22.2.0                                                  09/19/2018  11:03:15  PAGE 7


  +--> ?CO?PUBLICMODE
  +--> ?PR?_RECV_RETURN?GPRS
  +--> ?PR?_RECV_RETURN_SPECIAL?GPRS
  +--> ?PR?GPRS_CONNECTCLOSE?GPRS
  +--> ?PR?_GPRS_CONNECTCREAT?GPRS
  +--> ?PR?_CLEAR_BUF?USART

?PR?_VALVE_SWITCH?PUBLICFUNCTION                 -----    -----      0055H    0002H      -----    -----
  +--> ?PR?VALVE_OPEN?IODEAL
  +--> ?PR?VALVE_CLOSE?IODEAL

?PR?VALVE_OPEN?IODEAL                            -----    -----      -----    -----      -----    -----
  +--> ?PR?_DELAY_MS?DELAY

?PR?VALVE_CLOSE?IODEAL                           -----    -----      -----    -----      -----    -----
  +--> ?PR?_DELAY_MS?DELAY

?PR?GPRS_SENDHEARTPACKET?GPRS                    -----    -----      0055H    0002H      -----    -----
  +--> ?PR?_CLEAR_BUF?USART
  +--> ?PR?_IAPREAD?EEPROM
  +--> ?CO?GPRS
  +--> ?PR?_UART1_SEND_DATA?USART
  +--> ?PR?_RECV_RETURN?GPRS
  +--> ?PR?_RECV_RETURN_SPECIAL?GPRS
  +--> ?PR?GPRS_CONNECTCLOSE?GPRS
  +--> ?PR?_GPRS_CONNECTCREAT?GPRS
  +--> ?PR?_GPRS_SENDDATA?GPRS
  +--> ?PR?_UART1_SEND?USART

?PR?SYSTEMINIT_PACKETDATA?PUBLICFUNCTION         -----    -----      -----    -----      -----    -----
  +--> ?PR?_IAPERASE?EEPROM
  +--> ?PR?_IAPPROGRAM?EEPROM
  +--> ?PR?_GET_HLVALUE?PUBLICFUNCTION
  +--> ?CO?PACKET
  +--> ?PR?_GET_LONG_H?PUBLICFUNCTION
  +--> ?PR?_GET_LONG_M1?PUBLICFUNCTION
  +--> ?PR?_GET_LONG_M2?PUBLICFUNCTION
  +--> ?PR?_GET_LONG_L?PUBLICFUNCTION

?PR?_GET_HLVALUE?PUBLICFUNCTION                  -----    -----      -----    -----      0090H    0002H

?PR?_GET_LONG_H?PUBLICFUNCTION                   -----    -----      -----    -----      008AH    0002H

?PR?_GET_LONG_M1?PUBLICFUNCTION                  -----    -----      -----    -----      008AH    0002H

?PR?_GET_LONG_M2?PUBLICFUNCTION                  -----    -----      -----    -----      008AH    0002H

?PR?_GET_LONG_L?PUBLICFUNCTION                   -----    -----      0055H    0004H      008AH    0002H

?PR?FLOW_TO_VALVE_PUBLICMODE?PUBLICFU...         -----    -----      0055H    0002H      0082H    0006H
  +--> ?PR?_GET_HLVALUE?PUBLICFUNCTION
  +--> ?CO?PACKET

?PR?PRIVATEMODE_START?PRIVATEMODE                -----    -----      -----    -----      0082H    0008H
  +--> ?PR?_IAPERASE?EEPROM
  +--> ?PR?_IAPPROGRAM?EEPROM
  +--> ?PR?GPRS_SENDHEARTPACKET?GPRS
BL51 BANKED LINKER/LOCATER V6.22.2.0                                                  09/19/2018  11:03:15  PAGE 8


  +--> ?PR?_IAPREAD?EEPROM
  +--> ?PR?_GPRS_SENDDATA?GPRS
  +--> ?PR?_VALVE_SWITCH?PUBLICFUNCTION
  +--> ?PR?FLOW_TO_VALVE_FLOWMODE?PUBLICFUNC...
  +--> ?PR?_GET_LONG_H?PUBLICFUNCTION
  +--> ?PR?_GET_LONG_M1?PUBLICFUNCTION
  +--> ?PR?_GET_LONG_M2?PUBLICFUNCTION
  +--> ?PR?_GET_LONG_L?PUBLICFUNCTION
  +--> ?PR?RECOVERY_PACKETDATA?PUBLICFUNCTION
  +--> ?PR?SYSTEMINIT_PACKETDATA?PUBLICFUNCTION
  +--> ?CO?PRIVATEMODE
  +--> ?PR?_RECV_RETURN?GPRS
  +--> ?PR?_RECV_RETURN_SPECIAL?GPRS
  +--> ?PR?GPRS_CONNECTCLOSE?GPRS
  +--> ?PR?_GPRS_CONNECTCREAT?GPRS
  +--> ?PR?_CLEAR_BUF?USART

?PR?FLOW_TO_VALVE_FLOWMODE?PUBLICFUNC...         -----    -----      0053H    0002H      008AH    0006H
  +--> ?PR?_GET_HLVALUE?PUBLICFUNCTION
  +--> ?CO?PACKET



SYMBOL TABLE OF MODULE:  .\Objects\WaterProject (PRIVATEMODE)

  VALUE           TYPE          NAME
  ----------------------------------

  -------         MODULE        PRIVATEMODE
  C:0000H         SYMBOL        _ICE_DUMMY_
  D:0080H         PUBLIC        P0
  D:0090H         PUBLIC        P1
  D:00A0H         PUBLIC        P2
  D:00B0H         PUBLIC        P3
  D:00C0H         PUBLIC        P4
  D:00C8H         PUBLIC        P5
  D:00E8H         PUBLIC        P6
  D:00F8H         PUBLIC        P7
  D:00A8H         PUBLIC        IE
  D:00B8H         PUBLIC        IP
  D:00D8H         PUBLIC        CCON
  D:0098H         PUBLIC        SCON
  D:0088H         PUBLIC        TCON
  D:008EH         PUBLIC        AUXR
  C:00A6H         PUBLIC        PrivateMode_Start
  D:00D0H         PUBLIC        PSW
  -------         PROC          PRIVATEMODE_START
  -------         DO            
  X:0082H         SYMBOL        ValveCountDown_New
  X:0086H         SYMBOL        ValveCountDown_Old
  -------         ENDDO         
  C:00A6H         LINE#         16
  C:00A6H         LINE#         17
  C:00A6H         LINE#         20
  C:00A9H         LINE#         21
  C:00B0H         LINE#         22
  C:00B9H         LINE#         23
BL51 BANKED LINKER/LOCATER V6.22.2.0                                                  09/19/2018  11:03:15  PAGE 9


  C:00BEH         LINE#         24
  C:00C2H         LINE#         26
  C:00C2H         LINE#         27
  C:00C2H         LINE#         29
  C:00CAH         LINE#         30
  C:00CAH         LINE#         31
  C:00CDH         LINE#         32
  C:00D2H         LINE#         33
  C:00D7H         LINE#         34
  C:00D7H         LINE#         35
  C:00E9H         LINE#         36
  C:00E9H         LINE#         38
  C:00F1H         LINE#         39
  C:00F1H         LINE#         40
  C:00F1H         LINE#         41
  C:00F1H         LINE#         42
  C:00F1H         LINE#         43
  C:00F4H         LINE#         45
  C:00F4H         LINE#         46
  C:00FFH         LINE#         47
  C:00FFH         LINE#         48
  C:010BH         LINE#         49
  C:0118H         LINE#         50
  C:0122H         LINE#         51
  C:0127H         LINE#         52
  C:0127H         LINE#         53
  C:012AH         LINE#         55
  C:012AH         LINE#         56
  C:0132H         LINE#         57
  C:0132H         LINE#         58
  C:013EH         LINE#         59
  C:014BH         LINE#         60
  C:0152H         LINE#         61
  C:0152H         LINE#         62
  C:0155H         LINE#         63
  C:015DH         LINE#         64
  C:015DH         LINE#         65
  C:0162H         LINE#         66
  C:0168H         LINE#         67
  C:016FH         LINE#         68
  C:0178H         LINE#         69
  C:017EH         LINE#         70
  C:017EH         LINE#         71
  C:0181H         LINE#         72
  C:018CH         LINE#         73
  C:018CH         LINE#         74
  C:019EH         LINE#         75
  C:019EH         LINE#         76
  C:01A5H         LINE#         77
  C:01ABH         LINE#         78
  C:01B1H         LINE#         79
  C:01B3H         LINE#         80
  C:01B5H         LINE#         81
  C:01C8H         LINE#         82
  C:01C8H         LINE#         83
  C:01CDH         LINE#         84
  C:01D3H         LINE#         85
BL51 BANKED LINKER/LOCATER V6.22.2.0                                                  09/19/2018  11:03:15  PAGE 10


  C:01D9H         LINE#         86
  C:01DBH         LINE#         87
  C:01DDH         LINE#         88
  C:01F0H         LINE#         89
  C:01F0H         LINE#         90
  C:01F6H         LINE#         91
  C:01FCH         LINE#         92
  C:0203H         LINE#         93
  C:020CH         LINE#         94
  C:020CH         LINE#         95
  C:0215H         LINE#         96
  C:0215H         LINE#         97
  C:0218H         LINE#         98
  C:0223H         LINE#         99
  C:0223H         LINE#         100
  C:022CH         LINE#         101
  C:023AH         LINE#         102
  C:0262H         LINE#         103
  C:026EH         LINE#         104
  C:027BH         LINE#         105
  C:0288H         LINE#         106
  C:0295H         LINE#         107
  C:029CH         LINE#         108
  C:02A5H         LINE#         109
  C:02AEH         LINE#         110
  C:02B7H         LINE#         111
  C:02C0H         LINE#         113
  C:02D3H         LINE#         114
  C:02D3H         LINE#         115
  C:02DAH         LINE#         116
  C:02E0H         LINE#         117
  C:02E6H         LINE#         118
  C:02E8H         LINE#         119
  C:02EAH         LINE#         120
  C:02FDH         LINE#         121
  C:02FDH         LINE#         122
  C:0302H         LINE#         123
  C:0308H         LINE#         124
  C:030EH         LINE#         125
  C:0310H         LINE#         126
  C:0312H         LINE#         127
  C:0325H         LINE#         128
  C:0325H         LINE#         129
  C:032BH         LINE#         130
  C:0331H         LINE#         131
  C:0338H         LINE#         132
  C:0341H         LINE#         133
  C:0341H         LINE#         135
  C:034DH         LINE#         136
  C:0352H         LINE#         137
  C:0356H         LINE#         138
  C:0356H         LINE#         139
  C:0358H         LINE#         140
  C:0360H         LINE#         141
  C:0360H         LINE#         142
  C:036CH         LINE#         143
  C:0379H         LINE#         144
BL51 BANKED LINKER/LOCATER V6.22.2.0                                                  09/19/2018  11:03:15  PAGE 11


  C:0383H         LINE#         145
  C:0388H         LINE#         147
  C:038BH         LINE#         148
  C:0393H         LINE#         149
  C:0393H         LINE#         150
  C:0398H         LINE#         151
  C:039BH         LINE#         152
  C:03AAH         LINE#         153
  C:03B0H         LINE#         155
  C:03B0H         LINE#         156
  C:03B8H         LINE#         157
  C:03B8H         LINE#         158
  C:03BDH         LINE#         159
  C:03C0H         LINE#         160
  C:03CFH         LINE#         161
  C:03D6H         LINE#         163
  C:03D6H         LINE#         164
  C:03E1H         LINE#         165
  C:03E1H         LINE#         167
  C:03E9H         LINE#         168
  C:03E9H         LINE#         169
  C:03EEH         LINE#         170
  C:03F4H         LINE#         171
  C:03FBH         LINE#         172
  C:0404H         LINE#         173
  C:0410H         LINE#         174
  C:0415H         LINE#         175
  C:0419H         LINE#         176
  C:041CH         LINE#         177
  C:0425H         LINE#         178
  C:0425H         LINE#         179
  C:0437H         LINE#         180
  C:0437H         LINE#         181
  C:043EH         LINE#         182
  C:0444H         LINE#         183
  C:044AH         LINE#         184
  C:044CH         LINE#         185
  C:044EH         LINE#         186
  C:0461H         LINE#         187
  C:0461H         LINE#         188
  C:0466H         LINE#         189
  C:046CH         LINE#         190
  C:0472H         LINE#         191
  C:0474H         LINE#         192
  C:0476H         LINE#         193
  C:0489H         LINE#         194
  C:0489H         LINE#         195
  C:048FH         LINE#         196
  C:0495H         LINE#         197
  C:049CH         LINE#         198
  C:04A5H         LINE#         199
  C:04A5H         LINE#         200
  C:04B1H         LINE#         201
  C:04B6H         LINE#         202
  C:04BBH         LINE#         203
  C:04BBH         LINE#         204
  C:04BBH         LINE#         205
BL51 BANKED LINKER/LOCATER V6.22.2.0                                                  09/19/2018  11:03:15  PAGE 12


  C:04C6H         LINE#         206
  C:04C6H         LINE#         207
  C:04D8H         LINE#         208
  C:04D8H         LINE#         209
  C:04DFH         LINE#         210
  C:04E5H         LINE#         211
  C:04EBH         LINE#         212
  C:04EDH         LINE#         213
  C:04EFH         LINE#         214
  C:0502H         LINE#         215
  C:0502H         LINE#         216
  C:0507H         LINE#         217
  C:050DH         LINE#         218
  C:0513H         LINE#         219
  C:0515H         LINE#         220
  C:0517H         LINE#         221
  C:052AH         LINE#         222
  C:052AH         LINE#         223
  C:0530H         LINE#         224
  C:0536H         LINE#         225
  C:053DH         LINE#         226
  C:0546H         LINE#         227
  C:0546H         LINE#         228
  C:054BH         LINE#         229
  C:054BH         LINE#         230
  C:0556H         LINE#         231
  C:0556H         LINE#         232
  C:0568H         LINE#         233
  C:0568H         LINE#         234
  C:056FH         LINE#         235
  C:0575H         LINE#         236
  C:057BH         LINE#         237
  C:057DH         LINE#         238
  C:057FH         LINE#         239
  C:0592H         LINE#         240
  C:0592H         LINE#         241
  C:0597H         LINE#         242
  C:059DH         LINE#         243
  C:05A3H         LINE#         244
  C:05A5H         LINE#         245
  C:05A7H         LINE#         246
  C:05BAH         LINE#         247
  C:05BAH         LINE#         248
  C:05C0H         LINE#         249
  C:05C6H         LINE#         250
  C:05CDH         LINE#         251
  C:05D6H         LINE#         252
  C:05D6H         LINE#         253
  C:05E3H         LINE#         254
  C:05F0H         LINE#         255
  C:05FDH         LINE#         256
  C:060AH         LINE#         258
  C:0611H         LINE#         259
  C:061AH         LINE#         260
  C:0623H         LINE#         261
  C:062CH         LINE#         262
  C:0635H         LINE#         264
BL51 BANKED LINKER/LOCATER V6.22.2.0                                                  09/19/2018  11:03:15  PAGE 13


  C:0642H         LINE#         265
  C:064FH         LINE#         266
  C:065CH         LINE#         267
  C:0669H         LINE#         269
  C:0670H         LINE#         270
  C:0679H         LINE#         271
  C:0682H         LINE#         272
  C:068BH         LINE#         273
  C:0694H         LINE#         275
  C:06A3H         LINE#         276
  C:06A8H         LINE#         277
  C:06A8H         LINE#         278
  C:06A8H         LINE#         279
  C:06D8H         LINE#         280
  C:06D8H         LINE#         281
  C:06D8H         LINE#         282
  C:06D8H         LINE#         283
  C:06D8H         LINE#         284
  C:06D8H         LINE#         285
  C:06D8H         LINE#         286
  C:06DAH         LINE#         288
  C:06DAH         LINE#         289
  C:070DH         LINE#         290
  C:070DH         LINE#         291
  C:0710H         LINE#         292
  C:0722H         LINE#         293
  C:0728H         LINE#         294
  C:072EH         LINE#         295
  C:0737H         LINE#         296
  C:0740H         LINE#         298
  C:0740H         LINE#         299
  C:0740H         LINE#         300
  -------         ENDPROC       PRIVATEMODE_START
  -------         ENDMOD        PRIVATEMODE

  -------         MODULE        PUBLICFUNCTION
  C:0000H         SYMBOL        _ICE_DUMMY_
  D:0080H         PUBLIC        P0
  D:0090H         PUBLIC        P1
  D:00A0H         PUBLIC        P2
  D:00B0H         PUBLIC        P3
  D:00C0H         PUBLIC        P4
  C:2763H         PUBLIC        _Get_HMLvalue
  D:00C8H         PUBLIC        P5
  D:00E8H         PUBLIC        P6
  D:00F8H         PUBLIC        P7
  C:298EH         PUBLIC        Flow_to_Valve_PublicMode
  C:1FDFH         PUBLIC        Recovery_PacketData
  D:00A8H         PUBLIC        IE
  D:00B8H         PUBLIC        IP
  D:00D8H         PUBLIC        CCON
  D:0098H         PUBLIC        SCON
  D:0088H         PUBLIC        TCON
  C:2DB9H         PUBLIC        _Get_HLvalue
  C:2EFDH         PUBLIC        _Get_Long_H
  C:228BH         PUBLIC        Valve_to_Flow
  C:2E72H         PUBLIC        _Get_Long_L
BL51 BANKED LINKER/LOCATER V6.22.2.0                                                  09/19/2018  11:03:15  PAGE 14


  C:2913H         PUBLIC        Flow_to_Valve_FlowMode
  C:2A7DH         PUBLIC        _Char_to_Int
  C:2E59H         PUBLIC        _Valve_Switch
  C:26BAH         PUBLIC        SystemInit_PacketData
  C:1C61H         PUBLIC        _Get_Check
  C:2E44H         PUBLIC        _Get_Hvalue
  C:0013H         PUBLIC        _Get_Lvalue
  C:2F12H         PUBLIC        _Get_Long_M1
  C:2F27H         PUBLIC        _Get_Long_M2
  C:21B9H         PUBLIC        _Hex_to_Int
  D:00D0H         PUBLIC        PSW
  -------         PROC          _VALVE_SWITCH
  D:0055H         SYMBOL        Switch
  C:2E59H         LINE#         18
  C:2E5DH         LINE#         19
  C:2E5DH         LINE#         20
  C:2E65H         LINE#         21
  C:2E65H         LINE#         22
  C:2E68H         LINE#         23
  C:2E68H         LINE#         24
  C:2E6EH         LINE#         25
  C:2E6EH         LINE#         26
  C:2E71H         LINE#         27
  C:2E71H         LINE#         28
  -------         ENDPROC       _VALVE_SWITCH
  C:2E3FH         SYMBOL        L?0053
  -------         PROC          L?0052
  -------         ENDPROC       L?0052
  C:2E3FH         SYMBOL        L?0053
  -------         PROC          _GET_HVALUE
  D:0006H         SYMBOL        Check
  -------         DO            
  X:0094H         SYMBOL        Hvalue
  -------         ENDDO         
  C:2E44H         LINE#         30
  C:2E44H         LINE#         31
  C:2E44H         LINE#         32
  C:2E4BH         LINE#         33
  C:2E58H         LINE#         34
  C:2E58H         LINE#         35
  -------         ENDPROC       _GET_HVALUE
  C:000EH         SYMBOL        L?0051
  -------         PROC          L?0050
  -------         ENDPROC       L?0050
  C:000EH         SYMBOL        L?0051
  -------         PROC          _GET_LVALUE
  D:0006H         SYMBOL        Check
  -------         DO            
  X:0094H         SYMBOL        Lvalue
  -------         ENDDO         
  C:0013H         LINE#         37
  C:0013H         LINE#         38
  C:0013H         LINE#         39
  C:001AH         LINE#         40
  C:0022H         LINE#         41
  C:0022H         LINE#         42
  -------         ENDPROC       _GET_LVALUE
BL51 BANKED LINKER/LOCATER V6.22.2.0                                                  09/19/2018  11:03:15  PAGE 15


  -------         PROC          _GET_LONG_H
  D:0004H         SYMBOL        Check
  -------         DO            
  X:008AH         SYMBOL        Hvalue
  -------         ENDDO         
  C:2EFDH         LINE#         44
  C:2EFDH         LINE#         45
  C:2EFDH         LINE#         46
  C:2F04H         LINE#         47
  C:2F11H         LINE#         48
  C:2F11H         LINE#         49
  -------         ENDPROC       _GET_LONG_H
  -------         PROC          _GET_LONG_M1
  D:0004H         SYMBOL        Check
  -------         DO            
  X:008AH         SYMBOL        Lvalue
  -------         ENDDO         
  C:2F12H         LINE#         51
  C:2F12H         LINE#         52
  C:2F12H         LINE#         53
  C:2F19H         LINE#         54
  C:2F26H         LINE#         55
  C:2F26H         LINE#         56
  -------         ENDPROC       _GET_LONG_M1
  -------         PROC          _GET_LONG_M2
  D:0004H         SYMBOL        Check
  -------         DO            
  X:008AH         SYMBOL        Hvalue
  -------         ENDDO         
  C:2F27H         LINE#         57
  C:2F27H         LINE#         58
  C:2F27H         LINE#         59
  C:2F2EH         LINE#         60
  C:2F3BH         LINE#         61
  C:2F3BH         LINE#         62
  -------         ENDPROC       _GET_LONG_M2
  -------         PROC          _GET_LONG_L
  D:0055H         SYMBOL        Check
  -------         DO            
  X:008AH         SYMBOL        Lvalue
  -------         ENDDO         
  C:2E72H         LINE#         64
  C:2E7AH         LINE#         65
  C:2E7AH         LINE#         66
  C:2E81H         LINE#         67
  C:2E8AH         LINE#         68
  C:2E8AH         LINE#         69
  -------         ENDPROC       _GET_LONG_L
  -------         PROC          L?0054
  -------         ENDPROC       L?0054
  -------         PROC          _GET_HLVALUE
  D:0007H         SYMBOL        Hvalue
  D:0005H         SYMBOL        Lvalue
  -------         DO            
  X:0090H         SYMBOL        HLvalue
  -------         ENDDO         
  C:2DB9H         LINE#         71
BL51 BANKED LINKER/LOCATER V6.22.2.0                                                  09/19/2018  11:03:15  PAGE 16


  C:2DB9H         LINE#         72
  C:2DB9H         LINE#         73
  C:2DC0H         LINE#         74
  C:2DD1H         LINE#         75
  C:2DD1H         LINE#         76
  -------         ENDPROC       _GET_HLVALUE
  -------         PROC          _GET_HMLVALUE
  D:0053H         SYMBOL        Hvalue
  D:0055H         SYMBOL        M1value
  D:0057H         SYMBOL        M2value
  D:0059H         SYMBOL        Lvalue
  -------         DO            
  X:0082H         SYMBOL        HMLvalue
  -------         ENDDO         
  C:2763H         LINE#         78
  C:276FH         LINE#         79
  C:276FH         LINE#         80
  C:2779H         LINE#         81
  C:27F6H         LINE#         82
  C:2804H         LINE#         83
  -------         ENDPROC       _GET_HMLVALUE
  -------         PROC          _GET_CHECK
  D:0001H         SYMBOL        HCheck
  D:005FH         SYMBOL        LCheck
  -------         DO            
  X:008EH         SYMBOL        Check
  -------         ENDDO         
  C:1C61H         LINE#         85
  C:1C61H         LINE#         86
  C:1C61H         LINE#         88
  C:1D98H         LINE#         89
  C:1DA1H         LINE#         90
  -------         ENDPROC       _GET_CHECK
  -------         PROC          _CHAR_TO_INT
  D:006EH         SYMBOL        ch
  C:2A7DH         LINE#         93
  C:2A7FH         LINE#         94
  C:2A7FH         LINE#         95
  C:2A84H         LINE#         96
  C:2A94H         LINE#         97
  C:2AC6H         LINE#         98
  C:2AC8H         LINE#         99
  C:2ACFH         LINE#         100
  C:2AE6H         LINE#         102
  C:2AEAH         LINE#         103
  -------         ENDPROC       _CHAR_TO_INT
  -------         PROC          _HEX_TO_INT
  D:006BH         SYMBOL        hex
  -------         DO            
  X:0082H         SYMBOL        len
  X:0084H         SYMBOL        num
  X:0086H         SYMBOL        temp
  X:0088H         SYMBOL        bits
  X:008AH         SYMBOL        i
  -------         ENDDO         
  C:21B9H         LINE#         105
  C:21BFH         LINE#         106
BL51 BANKED LINKER/LOCATER V6.22.2.0                                                  09/19/2018  11:03:15  PAGE 17


  C:21BFH         LINE#         108
  C:21C6H         LINE#         112
  C:21D1H         LINE#         114
  C:21F9H         LINE#         115
  C:21F9H         LINE#         116
  C:2216H         LINE#         117
  C:2244H         LINE#         118
  C:2260H         LINE#         119
  C:226AH         LINE#         120
  C:2282H         LINE#         121
  C:228AH         LINE#         122
  -------         ENDPROC       _HEX_TO_INT
  -------         PROC          FLOW_TO_VALVE_FLOWMODE
  -------         DO            
  X:008AH         SYMBOL        HL
  X:008CH         SYMBOL        HLC
  D:0053H         SYMBOL        i
  -------         ENDDO         
  C:2913H         LINE#         124
  C:2913H         LINE#         125
  C:2913H         LINE#         126
  C:291AH         LINE#         127
  C:2922H         LINE#         129
  C:2934H         LINE#         130
  C:2948H         LINE#         131
  C:2948H         LINE#         132
  C:2975H         LINE#         133
  C:297FH         LINE#         134
  C:298DH         LINE#         135
  -------         ENDPROC       FLOW_TO_VALVE_FLOWMODE
  -------         PROC          FLOW_TO_VALVE_PUBLICMODE
  -------         DO            
  X:0082H         SYMBOL        HL
  X:0084H         SYMBOL        HLC
  D:0055H         SYMBOL        i
  -------         ENDDO         
  C:298EH         LINE#         137
  C:298EH         LINE#         138
  C:298EH         LINE#         139
  C:2995H         LINE#         140
  C:299DH         LINE#         142
  C:29AFH         LINE#         143
  C:29C3H         LINE#         144
  C:29C3H         LINE#         145
  C:29F0H         LINE#         146
  C:29FAH         LINE#         147
  C:2A08H         LINE#         148
  -------         ENDPROC       FLOW_TO_VALVE_PUBLICMODE
  -------         PROC          VALVE_TO_FLOW
  -------         DO            
  X:008EH         SYMBOL        UseFlow
  X:0090H         SYMBOL        SurplusFlow
  X:0092H         SYMBOL        UsedFlow
  -------         ENDDO         
  C:228BH         LINE#         150
  C:228BH         LINE#         151
  C:228BH         LINE#         155
BL51 BANKED LINKER/LOCATER V6.22.2.0                                                  09/19/2018  11:03:15  PAGE 18


  C:22ADH         LINE#         156
  C:22B5H         LINE#         157
  C:22BAH         LINE#         158
  C:22C2H         LINE#         159
  C:22E3H         LINE#         160
  C:2305H         LINE#         161
  C:2310H         LINE#         162
  C:231BH         LINE#         163
  C:2326H         LINE#         164
  C:2331H         LINE#         165
  C:233CH         LINE#         166
  C:2347H         LINE#         167
  -------         ENDPROC       VALVE_TO_FLOW
  -------         PROC          RECOVERY_PACKETDATA
  C:1FDFH         LINE#         169
  C:1FDFH         LINE#         170
  C:1FDFH         LINE#         171
  C:1FE6H         LINE#         172
  C:1FEEH         LINE#         173
  C:1FF6H         LINE#         174
  C:1FFEH         LINE#         175
  C:2006H         LINE#         177
  C:200DH         LINE#         178
  C:2016H         LINE#         179
  C:201CH         LINE#         181
  C:2021H         LINE#         183
  C:2028H         LINE#         184
  C:2031H         LINE#         185
  C:2036H         LINE#         187
  C:203AH         LINE#         188
  C:203EH         LINE#         189
  C:2042H         LINE#         190
  C:2046H         LINE#         191
  C:204AH         LINE#         192
  C:204EH         LINE#         194
  C:2052H         LINE#         195
  C:2056H         LINE#         197
  C:205AH         LINE#         198
  C:205EH         LINE#         200
  C:2062H         LINE#         201
  C:2066H         LINE#         203
  C:206AH         LINE#         204
  C:206EH         LINE#         206
  C:2072H         LINE#         207
  C:2076H         LINE#         209
  C:207DH         LINE#         210
  C:2086H         LINE#         211
  C:208FH         LINE#         212
  C:2098H         LINE#         213
  C:20A1H         LINE#         215
  C:20A8H         LINE#         216
  C:20B1H         LINE#         217
  C:20BAH         LINE#         218
  C:20C3H         LINE#         219
  -------         ENDPROC       RECOVERY_PACKETDATA
  -------         PROC          SYSTEMINIT_PACKETDATA
  C:26BAH         LINE#         222
BL51 BANKED LINKER/LOCATER V6.22.2.0                                                  09/19/2018  11:03:15  PAGE 19


  C:26BAH         LINE#         223
  C:26BAH         LINE#         224
  C:26BFH         LINE#         225
  C:26C6H         LINE#         226
  C:26D2H         LINE#         227
  C:26D9H         LINE#         228
  C:26E5H         LINE#         230
  C:2708H         LINE#         231
  C:2711H         LINE#         232
  C:271EH         LINE#         233
  C:272BH         LINE#         234
  C:2738H         LINE#         236
  C:273FH         LINE#         237
  C:2748H         LINE#         238
  C:2751H         LINE#         239
  C:275AH         LINE#         240
  -------         ENDPROC       SYSTEMINIT_PACKETDATA
  -------         ENDMOD        PUBLICFUNCTION

  -------         MODULE        PUBLICMODE
  C:0000H         SYMBOL        _ICE_DUMMY_
  D:0080H         PUBLIC        P0
  D:0090H         PUBLIC        P1
  D:00A0H         PUBLIC        P2
  D:00B0H         PUBLIC        P3
  D:00C0H         PUBLIC        P4
  D:00C8H         PUBLIC        P5
  D:00E8H         PUBLIC        P6
  D:00F8H         PUBLIC        P7
  D:00A8H         PUBLIC        IE
  D:00B8H         PUBLIC        IP
  D:00D8H         PUBLIC        CCON
  D:0098H         PUBLIC        SCON
  D:0088H         PUBLIC        TCON
  D:008EH         PUBLIC        AUXR
  C:0C85H         PUBLIC        PublicMode_Start
  D:00D1H         PUBLIC        T4T3M
  D:00D0H         PUBLIC        PSW
  -------         PROC          PUBLICMODE_START
  -------         DO            
  D:0053H         SYMBOL        ValveFlag
  C:0F27H         SYMBOL        STOPWATER
  -------         ENDDO         
  C:0C85H         LINE#         16
  C:0C85H         LINE#         17
  C:0C85H         LINE#         18
  C:0C8AH         LINE#         19
  C:0C8FH         LINE#         20
  C:0C96H         LINE#         21
  C:0C9FH         LINE#         22
  C:0CA2H         LINE#         23
  C:0CA5H         LINE#         25
  C:0CA5H         LINE#         26
  C:0CA5H         LINE#         28
  C:0CADH         LINE#         29
  C:0CADH         LINE#         30
  C:0CB0H         LINE#         31
BL51 BANKED LINKER/LOCATER V6.22.2.0                                                  09/19/2018  11:03:15  PAGE 20


  C:0CB5H         LINE#         32
  C:0CBAH         LINE#         33
  C:0CBAH         LINE#         34
  C:0CCCH         LINE#         35
  C:0CCCH         LINE#         36
  C:0CD4H         LINE#         37
  C:0CD4H         LINE#         38
  C:0CD4H         LINE#         39
  C:0CD4H         LINE#         40
  C:0CD4H         LINE#         41
  C:0CD7H         LINE#         43
  C:0CD7H         LINE#         44
  C:0CE2H         LINE#         45
  C:0CE2H         LINE#         46
  C:0CE2H         LINE#         47
  C:0CE2H         LINE#         48
  C:0CE2H         LINE#         49
  C:0CE2H         LINE#         50
  C:0CE2H         LINE#         51
  C:0CE4H         LINE#         53
  C:0CE4H         LINE#         54
  C:0CECH         LINE#         55
  C:0CECH         LINE#         56
  C:0CF8H         LINE#         57
  C:0D05H         LINE#         58
  C:0D0CH         LINE#         59
  C:0D0CH         LINE#         60
  C:0D0FH         LINE#         61
  C:0D17H         LINE#         62
  C:0D17H         LINE#         63
  C:0D1CH         LINE#         64
  C:0D22H         LINE#         65
  C:0D29H         LINE#         66
  C:0D32H         LINE#         67
  C:0D38H         LINE#         68
  C:0D38H         LINE#         69
  C:0D3BH         LINE#         70
  C:0D43H         LINE#         71
  C:0D43H         LINE#         72
  C:0D48H         LINE#         73
  C:0D4EH         LINE#         74
  C:0D54H         LINE#         75
  C:0D5DH         LINE#         76
  C:0D63H         LINE#         77
  C:0D63H         LINE#         78
  C:0D66H         LINE#         79
  C:0D6EH         LINE#         80
  C:0D6EH         LINE#         81
  C:0D73H         LINE#         82
  C:0D76H         LINE#         83
  C:0D85H         LINE#         84
  C:0D8CH         LINE#         86
  C:0D8CH         LINE#         87
  C:0D94H         LINE#         88
  C:0D94H         LINE#         89
  C:0D99H         LINE#         90
  C:0D9CH         LINE#         91
BL51 BANKED LINKER/LOCATER V6.22.2.0                                                  09/19/2018  11:03:15  PAGE 21


  C:0DA8H         LINE#         92
  C:0DAEH         LINE#         94
  C:0DAEH         LINE#         95
  C:0DB6H         LINE#         96
  C:0DB6H         LINE#         97
  C:0DC2H         LINE#         98
  C:0DCFH         LINE#         99
  C:0DD6H         LINE#         100
  C:0DD6H         LINE#         101
  C:0DD9H         LINE#         102
  C:0DE1H         LINE#         103
  C:0DE1H         LINE#         104
  C:0DE6H         LINE#         105
  C:0DEEH         LINE#         106
  C:0DEEH         LINE#         107
  C:0DF4H         LINE#         108
  C:0DFBH         LINE#         109
  C:0E04H         LINE#         110
  C:0E09H         LINE#         111
  C:0E0BH         LINE#         112
  C:0E11H         LINE#         113
  C:0E11H         LINE#         114
  C:0E16H         LINE#         115
  C:0E1CH         LINE#         116
  C:0E25H         LINE#         117
  C:0E2BH         LINE#         118
  C:0E2BH         LINE#         119
  C:0E34H         LINE#         120
  C:0E34H         LINE#         121
  C:0E37H         LINE#         122
  C:0E42H         LINE#         123
  C:0E42H         LINE#         124
  C:0E47H         LINE#         125
  C:0E4DH         LINE#         126
  C:0E56H         LINE#         127
  C:0E61H         LINE#         129
  C:0E68H         LINE#         130
  C:0E71H         LINE#         131
  C:0E7AH         LINE#         132
  C:0E7FH         LINE#         133
  C:0E83H         LINE#         134
  C:0E86H         LINE#         135
  C:0E86H         LINE#         136
  C:0E86H         LINE#         137
  C:0E8EH         LINE#         138
  C:0E8EH         LINE#         139
  C:0E93H         LINE#         141
  C:0E9CH         LINE#         144
  C:0E9FH         LINE#         145
  C:0E9FH         LINE#         146
  C:0EB2H         LINE#         147
  C:0EB2H         LINE#         148
  C:0EB8H         LINE#         149
  C:0EBEH         LINE#         150
  C:0EC7H         LINE#         155
  C:0EC7H         LINE#         156
  C:0ECFH         LINE#         157
BL51 BANKED LINKER/LOCATER V6.22.2.0                                                  09/19/2018  11:03:15  PAGE 22


  C:0ECFH         LINE#         158
  C:0ED3H         LINE#         161
  C:0EE5H         LINE#         162
  C:0EEEH         LINE#         163
  C:0F01H         LINE#         164
  C:0F0AH         LINE#         165
  C:0F13H         LINE#         166
  C:0F1BH         LINE#         167
  C:0F1BH         LINE#         168
  C:0F1FH         LINE#         169
  C:0F21H         LINE#         170
  C:0F21H         LINE#         171
  C:0F24H         LINE#         173
  C:0F24H         LINE#         175
  C:0F27H         LINE#         177
  C:0F27H         LINE#         178
  C:0F2AH         LINE#         179
  C:0F2DH         LINE#         182
  C:0F3AH         LINE#         183
  C:0F47H         LINE#         184
  C:0F54H         LINE#         185
  C:0F61H         LINE#         187
  C:0F68H         LINE#         188
  C:0F71H         LINE#         189
  C:0F7AH         LINE#         190
  C:0F83H         LINE#         191
  C:0F8CH         LINE#         194
  C:0F95H         LINE#         195
  C:0F9DH         LINE#         196
  C:0FA1H         LINE#         197
  C:0FA5H         LINE#         199
  C:0FA5H         LINE#         200
  C:0FA7H         LINE#         201
  C:0FAFH         LINE#         202
  C:0FAFH         LINE#         203
  C:0FB8H         LINE#         205
  C:0FBDH         LINE#         206
  C:0FBDH         LINE#         207
  C:0FBDH         LINE#         209
  C:0FEDH         LINE#         210
  C:0FEDH         LINE#         211
  C:0FEDH         LINE#         212
  C:0FEDH         LINE#         213
  C:0FEDH         LINE#         214
  C:0FEDH         LINE#         215
  C:0FEDH         LINE#         216
  C:0FEDH         LINE#         217
  C:0FEDH         LINE#         218
  C:0FEDH         LINE#         219
  C:0FEFH         LINE#         221
  C:0FEFH         LINE#         222
  C:1022H         LINE#         223
  C:1022H         LINE#         224
  C:1025H         LINE#         225
  C:1037H         LINE#         226
  C:103EH         LINE#         227
  C:1045H         LINE#         228
BL51 BANKED LINKER/LOCATER V6.22.2.0                                                  09/19/2018  11:03:15  PAGE 23


  C:1054H         LINE#         229
  C:105AH         LINE#         230
  C:1060H         LINE#         231
  C:1069H         LINE#         232
  C:1072H         LINE#         234
  C:1072H         LINE#         235
  C:1072H         LINE#         236
  -------         ENDPROC       PUBLICMODE_START
  -------         ENDMOD        PUBLICMODE

  -------         MODULE        GPRS
  C:0000H         SYMBOL        _ICE_DUMMY_
  C:20CCH         PUBLIC        GPRS_SendHeartPacket
  C:2AEBH         PUBLIC        GPRS_Signal
  D:0080H         PUBLIC        P0
  D:0090H         PUBLIC        P1
  D:00A0H         PUBLIC        P2
  D:00B0H         PUBLIC        P3
  D:00C0H         PUBLIC        P4
  D:00C8H         PUBLIC        P5
  D:00E8H         PUBLIC        P6
  D:00F8H         PUBLIC        P7
  D:00A8H         PUBLIC        IE
  C:24BBH         PUBLIC        _RECV_Return
  D:00B8H         PUBLIC        IP
  D:00D8H         PUBLIC        CCON
  C:23FBH         PUBLIC        GPRS_Mode
  C:137FH         PUBLIC        _GPRS_SendData
  C:2EBBH         PUBLIC        GPRS_Init
  D:0098H         PUBLIC        SCON
  D:0088H         PUBLIC        TCON
  B:00B0H.5       PUBLIC        P35
  C:256BH         PUBLIC        _RECV_Return_Special
  C:1FC7H         SYMBOL        _?ix1000
  C:1FDCH         SYMBOL        _?ix1001
  C:1DC2H         PUBLIC        _GPRS_ConnectCreat
  C:0026H         PUBLIC        GPRS_ConnectClose
  D:00D0H         PUBLIC        PSW
  C:18B7H         PUBLIC        GPRS_ICCID
  C:24ACH         SYMBOL        L?0095
  -------         PROC          L?0094
  -------         ENDPROC       L?0094
  C:24ACH         SYMBOL        L?0095
  -------         PROC          _RECV_RETURN
  D:006BH         SYMBOL        Recv1
  D:006EH         SYMBOL        Recv2
  C:24BBH         LINE#         14
  C:24C1H         LINE#         15
  C:24C1H         LINE#         16
  C:24CFH         LINE#         17
  C:24CFH         LINE#         18
  C:24D3H         LINE#         19
  C:24D3H         LINE#         20
  C:24DDH         LINE#         21
  C:24DDH         LINE#         22
  C:2519H         LINE#         23
  C:251BH         LINE#         26
BL51 BANKED LINKER/LOCATER V6.22.2.0                                                  09/19/2018  11:03:15  PAGE 24


  C:251BH         LINE#         27
  C:2521H         LINE#         28
  C:2521H         LINE#         29
  C:2538H         LINE#         30
  C:253AH         LINE#         32
  C:253CH         LINE#         33
  C:253CH         LINE#         35
  C:253CH         LINE#         36
  C:2553H         LINE#         37
  C:2558H         LINE#         39
  C:255BH         LINE#         40
  C:255BH         LINE#         41
  -------         ENDPROC       _RECV_RETURN
  -------         PROC          L?0096
  -------         ENDPROC       L?0096
  -------         PROC          _RECV_RETURN_SPECIAL
  D:005CH         SYMBOL        Recv1
  D:005FH         SYMBOL        Recv2
  C:256BH         LINE#         43
  C:2571H         LINE#         44
  C:2571H         LINE#         45
  C:257FH         LINE#         46
  C:257FH         LINE#         47
  C:2583H         LINE#         48
  C:2583H         LINE#         49
  C:258DH         LINE#         50
  C:258DH         LINE#         51
  C:25C9H         LINE#         52
  C:25CBH         LINE#         55
  C:25CBH         LINE#         56
  C:25D1H         LINE#         57
  C:25D1H         LINE#         58
  C:25E8H         LINE#         59
  C:25EAH         LINE#         61
  C:25ECH         LINE#         62
  C:25ECH         LINE#         64
  C:25ECH         LINE#         65
  C:2603H         LINE#         66
  C:2608H         LINE#         68
  C:260BH         LINE#         69
  C:260BH         LINE#         70
  -------         ENDPROC       _RECV_RETURN_SPECIAL
  -------         PROC          GPRS_INIT
  C:2EBBH         LINE#         72
  C:2EBBH         LINE#         73
  C:2EBBH         LINE#         74
  C:2EBEH         LINE#         75
  C:2EC0H         LINE#         76
  C:2EC7H         LINE#         77
  C:2ECEH         LINE#         78
  C:2ED0H         LINE#         79
  -------         ENDPROC       GPRS_INIT
  -------         PROC          GPRS_MODE
  C:23FBH         LINE#         80
  C:23FBH         LINE#         81
  C:23FBH         LINE#         82
  C:23FBH         LINE#         83
BL51 BANKED LINKER/LOCATER V6.22.2.0                                                  09/19/2018  11:03:15  PAGE 25


  C:23FBH         LINE#         84
  C:23FDH         LINE#         85
  C:2404H         LINE#         86
  C:2404H         LINE#         87
  C:240DH         LINE#         88
  C:2416H         LINE#         89
  C:241DH         LINE#         91
  C:241FH         LINE#         95
  C:2435H         LINE#         96
  C:2435H         LINE#         97
  C:243EH         LINE#         98
  C:2447H         LINE#         99
  C:244EH         LINE#         100
  C:2450H         LINE#         104
  C:2466H         LINE#         105
  C:2466H         LINE#         106
  C:246FH         LINE#         107
  C:2478H         LINE#         108
  C:247FH         LINE#         109
  C:2481H         LINE#         115
  C:2488H         LINE#         116
  C:2488H         LINE#         117
  C:2491H         LINE#         118
  C:249AH         LINE#         119
  C:24A1H         LINE#         120
  C:24A3H         LINE#         121
  -------         ENDPROC       GPRS_MODE
  -------         PROC          L?0097
  -------         ENDPROC       L?0097
  -------         PROC          _GPRS_CONNECTCREAT
  D:005CH         SYMBOL        ServerIP
  D:005FH         SYMBOL        ServerPort
  C:1DC2H         LINE#         124
  C:1DC8H         LINE#         125
  C:1DC8H         LINE#         126
  C:1DD1H         LINE#         127
  C:1DD6H         LINE#         128
  C:1DDFH         LINE#         129
  C:1DE4H         LINE#         130
  C:1DE9H         LINE#         131
  C:1DEEH         LINE#         132
  C:1DF7H         LINE#         133
  C:1DFCH         LINE#         134
  C:1E01H         LINE#         135
  C:1E06H         LINE#         136
  C:1E0FH         LINE#         137
  C:1E14H         LINE#         138
  C:1E1DH         LINE#         139
  C:1E24H         LINE#         140
  C:1E24H         LINE#         141
  C:1E24H         LINE#         142
  C:1E3CH         LINE#         143
  C:1E3CH         LINE#         144
  C:1E3EH         LINE#         146
  C:1E3EH         LINE#         147
  C:1E56H         LINE#         148
  C:1E56H         LINE#         149
BL51 BANKED LINKER/LOCATER V6.22.2.0                                                  09/19/2018  11:03:15  PAGE 26


  C:1E5FH         LINE#         151
  C:1E5FH         LINE#         152
  C:1E77H         LINE#         153
  C:1E77H         LINE#         154
  C:1E80H         LINE#         155
  C:1E89H         LINE#         156
  C:1E8EH         LINE#         157
  C:1E97H         LINE#         158
  C:1E9CH         LINE#         159
  C:1EA1H         LINE#         160
  C:1EA6H         LINE#         161
  C:1EAFH         LINE#         162
  C:1EB4H         LINE#         163
  C:1EB9H         LINE#         164
  C:1EBEH         LINE#         165
  C:1EC7H         LINE#         166
  C:1ECCH         LINE#         167
  C:1ED5H         LINE#         171
  C:1ED5H         LINE#         172
  -------         ENDPROC       _GPRS_CONNECTCREAT
  -------         PROC          GPRS_CONNECTCLOSE
  C:0026H         LINE#         176
  C:0026H         LINE#         177
  C:0026H         LINE#         178
  C:0026H         LINE#         179
  C:0026H         LINE#         180
  C:0028H         LINE#         181
  C:003EH         LINE#         182
  C:003EH         LINE#         183
  C:0047H         LINE#         184
  C:0050H         LINE#         185
  C:0057H         LINE#         186
  C:0059H         LINE#         187
  -------         ENDPROC       GPRS_CONNECTCLOSE
  -------         PROC          L?0098
  -------         ENDPROC       L?0098
  -------         PROC          _GPRS_SENDDATA
  D:0057H         SYMBOL        Command
  D:0058H         SYMBOL        Mode
  D:0059H         SYMBOL        Status
  -------         DO            
  D:005AH         SYMBOL        Send_Num
  X:008AH         SYMBOL        HCheck
  X:008CH         SYMBOL        LCheck
  C:1409H         SYMBOL        SENDFLAG
  -------         ENDDO         
  C:137FH         LINE#         190
  C:1385H         LINE#         191
  C:1385H         LINE#         192
  C:138AH         LINE#         195
  C:1393H         LINE#         196
  C:1398H         LINE#         197
  C:139BH         LINE#         198
  C:13A4H         LINE#         200
  C:13A4H         LINE#         201
  C:13A4H         LINE#         202
  C:13BCH         LINE#         203
BL51 BANKED LINKER/LOCATER V6.22.2.0                                                  09/19/2018  11:03:15  PAGE 27


  C:13BCH         LINE#         204
  C:13BCH         LINE#         205
  C:13BCH         LINE#         206
  C:13DDH         LINE#         207
  C:13DDH         LINE#         208
  C:13E0H         LINE#         209
  C:13E3H         LINE#         210
  C:13EAH         LINE#         211
  C:13F1H         LINE#         212
  C:13F4H         LINE#         213
  C:13FDH         LINE#         214
  C:1406H         LINE#         215
  C:1406H         LINE#         219
  C:1409H         LINE#         220
  C:1409H         LINE#         221
  C:1412H         LINE#         222
  C:141BH         LINE#         223
  C:1427H         LINE#         224
  C:1433H         LINE#         225
  C:143FH         LINE#         226
  C:144BH         LINE#         227
  C:1451H         LINE#         228
  C:1457H         LINE#         229
  C:145DH         LINE#         230
  C:1460H         LINE#         231
  C:146CH         LINE#         232
  C:1478H         LINE#         233
  C:1484H         LINE#         234
  C:1490H         LINE#         235
  C:149CH         LINE#         236
  C:14A8H         LINE#         237
  C:14B4H         LINE#         238
  C:14C0H         LINE#         239
  C:14CCH         LINE#         240
  C:14D8H         LINE#         241
  C:14EAH         LINE#         242
  C:14F3H         LINE#         243
  C:14FCH         LINE#         244
  C:1504H         LINE#         245
  C:150CH         LINE#         246
  C:1514H         LINE#         247
  C:151CH         LINE#         248
  C:1524H         LINE#         249
  C:152CH         LINE#         250
  C:1534H         LINE#         251
  C:153CH         LINE#         252
  C:1544H         LINE#         253
  C:154CH         LINE#         254
  C:1554H         LINE#         255
  C:155CH         LINE#         256
  C:1564H         LINE#         257
  C:156CH         LINE#         258
  C:1574H         LINE#         259
  C:157CH         LINE#         260
  C:1584H         LINE#         261
  C:158CH         LINE#         262
  C:1594H         LINE#         263
BL51 BANKED LINKER/LOCATER V6.22.2.0                                                  09/19/2018  11:03:15  PAGE 28


  C:159CH         LINE#         264
  C:15A4H         LINE#         265
  C:15ACH         LINE#         266
  C:15B4H         LINE#         267
  C:15BCH         LINE#         268
  C:15C4H         LINE#         269
  C:15CCH         LINE#         270
  C:15D4H         LINE#         271
  C:15DCH         LINE#         272
  C:15E4H         LINE#         273
  C:15ECH         LINE#         274
  C:15F4H         LINE#         275
  C:15FCH         LINE#         276
  C:1604H         LINE#         277
  C:160CH         LINE#         278
  C:1614H         LINE#         279
  C:161CH         LINE#         280
  C:1621H         LINE#         282
  C:1621H         LINE#         283
  C:1621H         LINE#         284
  C:162AH         LINE#         285
  C:162AH         LINE#         286
  C:162FH         LINE#         288
  C:162FH         LINE#         289
  C:162FH         LINE#         290
  -------         ENDPROC       _GPRS_SENDDATA
  -------         PROC          GPRS_SENDHEARTPACKET
  -------         DO            
  D:0055H         SYMBOL        Send_Num
  C:2181H         SYMBOL        SENDHEARTFLAG
  -------         ENDDO         
  C:20CCH         LINE#         291
  C:20CCH         LINE#         292
  C:20CCH         LINE#         293
  C:20D1H         LINE#         294
  C:20DAH         LINE#         295
  C:20DFH         LINE#         296
  C:20EAH         LINE#         297
  C:20F6H         LINE#         298
  C:2102H         LINE#         299
  C:210EH         LINE#         300
  C:2117H         LINE#         302
  C:2117H         LINE#         303
  C:2117H         LINE#         304
  C:212FH         LINE#         305
  C:212FH         LINE#         306
  C:212FH         LINE#         307
  C:212FH         LINE#         308
  C:2150H         LINE#         309
  C:2150H         LINE#         310
  C:2153H         LINE#         311
  C:2156H         LINE#         312
  C:215DH         LINE#         313
  C:2164H         LINE#         314
  C:2167H         LINE#         315
  C:216CH         LINE#         316
  C:2175H         LINE#         317
BL51 BANKED LINKER/LOCATER V6.22.2.0                                                  09/19/2018  11:03:15  PAGE 29


  C:217EH         LINE#         318
  C:217EH         LINE#         319
  C:2181H         LINE#         320
  C:2181H         LINE#         321
  C:218AH         LINE#         322
  C:2192H         LINE#         323
  C:219AH         LINE#         324
  C:21A2H         LINE#         325
  C:21AAH         LINE#         327
  C:21AAH         LINE#         328
  C:21AAH         LINE#         329
  C:21B3H         LINE#         330
  C:21B3H         LINE#         331
  C:21B8H         LINE#         333
  C:21B8H         LINE#         334
  C:21B8H         LINE#         335
  -------         ENDPROC       GPRS_SENDHEARTPACKET
  -------         PROC          GPRS_SIGNAL
  -------         DO            
  D:005CH         SYMBOL        Signal
  -------         ENDDO         
  C:2AEBH         LINE#         337
  C:2AEBH         LINE#         338
  C:2AEBH         LINE#         340
  C:2AEBH         LINE#         341
  C:2AEBH         LINE#         342
  C:2AEDH         LINE#         344
  C:2B03H         LINE#         345
  C:2B03H         LINE#         346
  C:2B0CH         LINE#         347
  C:2B15H         LINE#         348
  C:2B1CH         LINE#         350
  C:2B1EH         LINE#         351
  C:2B46H         LINE#         352
  C:2B4DH         LINE#         353
  -------         ENDPROC       GPRS_SIGNAL
  -------         PROC          GPRS_ICCID
  -------         DO            
  D:0053H         SYMBOL        Signal
  D:0068H         SYMBOL        Temp
  -------         ENDDO         
  C:18B7H         LINE#         356
  C:18B7H         LINE#         357
  C:18B7H         LINE#         358
  C:18CAH         LINE#         359
  C:18DDH         LINE#         360
  C:18DDH         LINE#         361
  C:18DDH         LINE#         362
  C:18DFH         LINE#         363
  C:18F5H         LINE#         364
  C:18F5H         LINE#         365
  C:18FEH         LINE#         366
  C:1907H         LINE#         367
  C:190EH         LINE#         368
  C:1910H         LINE#         369
  C:1936H         LINE#         370
  C:194EH         LINE#         371
BL51 BANKED LINKER/LOCATER V6.22.2.0                                                  09/19/2018  11:03:15  PAGE 30


  C:195CH         LINE#         372
  C:1963H         LINE#         373
  C:196FH         LINE#         375
  C:1987H         LINE#         376
  C:1996H         LINE#         377
  C:199DH         LINE#         379
  C:19B5H         LINE#         380
  C:19C4H         LINE#         381
  C:19CBH         LINE#         383
  C:19E3H         LINE#         384
  C:19F2H         LINE#         385
  C:19F9H         LINE#         387
  C:1A11H         LINE#         388
  C:1A20H         LINE#         389
  C:1A27H         LINE#         391
  C:1A3FH         LINE#         392
  C:1A4EH         LINE#         393
  C:1A55H         LINE#         395
  C:1A6DH         LINE#         396
  C:1A7CH         LINE#         397
  C:1A83H         LINE#         399
  C:1A9BH         LINE#         400
  C:1AAAH         LINE#         401
  C:1AB1H         LINE#         403
  C:1AC9H         LINE#         404
  C:1AD8H         LINE#         405
  C:1ADFH         LINE#         407
  C:1AF7H         LINE#         408
  C:1B06H         LINE#         409
  -------         ENDPROC       GPRS_ICCID
  -------         ENDMOD        GPRS

  -------         MODULE        USART
  C:0000H         SYMBOL        _ICE_DUMMY_
  D:0080H         PUBLIC        P0
  D:0090H         PUBLIC        P1
  D:00A0H         PUBLIC        P2
  D:00B0H         PUBLIC        P3
  D:00C0H         PUBLIC        P4
  D:00C8H         PUBLIC        P5
  B:00A8H.7       PUBLIC        EA
  D:00E8H         PUBLIC        P6
  D:00F8H         PUBLIC        P7
  C:2B59H         PUBLIC        Uart1_Recv_NUM_AT
  D:00A8H         PUBLIC        IE
  B:00A8H.4       PUBLIC        ES
  C:2D25H         PUBLIC        _Uart1_Send_Data
  D:00B8H         PUBLIC        IP
  C:1630H         PUBLIC        Uart1_Recv_Deal
  B:0098H.0       PUBLIC        RI
  B:0098H.1       PUBLIC        TI
  D:00D8H         PUBLIC        CCON
  D:0099H         PUBLIC        SBUF
  D:0098H         PUBLIC        SCON
  D:0089H         PUBLIC        TMOD
  D:0088H         PUBLIC        TCON
  B:00C8H.0       PUBLIC        P50
BL51 BANKED LINKER/LOCATER V6.22.2.0                                                  09/19/2018  11:03:15  PAGE 31


  B:00C8H.1       PUBLIC        P51
  C:0003H         PUBLIC        _Uart1_Send
  D:008EH         PUBLIC        AUXR
  C:2DEEH         PUBLIC        Uart1_Init
  B:00A8H.3       PUBLIC        ET1
  D:008DH         PUBLIC        TH1
  C:2BC3H         PUBLIC        Uart1_Recv_NUM_Packet
  D:008BH         PUBLIC        TL1
  B:0088H.6       PUBLIC        TR1
  C:0066H         PUBLIC        Uart1_Isr
  C:2FF1H         PUBLIC        _Clear_Buf
  D:00D0H         PUBLIC        PSW
  -------         PROC          UART1_INIT
  C:2DEEH         LINE#         15
  C:2DEEH         LINE#         16
  C:2DEEH         LINE#         17
  C:2DF1H         LINE#         18
  C:2DF4H         LINE#         19
  C:2DF7H         LINE#         20
  C:2DFAH         LINE#         21
  C:2DFDH         LINE#         22
  C:2E00H         LINE#         23
  C:2E02H         LINE#         24
  C:2E04H         LINE#         28
  C:2E06H         LINE#         29
  C:2E08H         LINE#         30
  -------         ENDPROC       UART1_INIT
  -------         PROC          _UART1_SEND
  D:0007H         SYMBOL        Buf
  C:0003H         LINE#         32
  C:0003H         LINE#         33
  C:0003H         LINE#         34
  C:0005H         LINE#         35
  C:0008H         LINE#         37
  C:000AH         LINE#         38
  -------         ENDPROC       _UART1_SEND
  -------         PROC          _UART1_SEND_DATA
  D:006BH         SYMBOL        Buf
  C:2D25H         LINE#         40
  C:2D2BH         LINE#         41
  C:2D2BH         LINE#         42
  C:2D36H         LINE#         43
  C:2D36H         LINE#         44
  C:2D47H         LINE#         45
  C:2D49H         LINE#         46
  -------         ENDPROC       _UART1_SEND_DATA
  -------         PROC          UART1_RECV_NUM_AT
  -------         DO            
  D:0006H         SYMBOL        RecStr
  X:007CH         SYMBOL        Num
  X:007DH         SYMBOL        Count
  C:2B66H         SYMBOL        Loop
  -------         ENDDO         
  C:2B59H         LINE#         48
  C:2B59H         LINE#         49
  C:2B59H         LINE#         50
  C:2B5DH         LINE#         51
BL51 BANKED LINKER/LOCATER V6.22.2.0                                                  09/19/2018  11:03:15  PAGE 32


  C:2B62H         LINE#         52
  C:2B66H         LINE#         53
  C:2B66H         LINE#         54
  C:2B6DH         LINE#         55
  C:2B74H         LINE#         56
  C:2B76H         LINE#         57
  C:2B8AH         LINE#         58
  C:2B8AH         LINE#         59
  C:2B8DH         LINE#         60
  C:2B92H         LINE#         61
  C:2B95H         LINE#         62
  C:2B95H         LINE#         63
  C:2B97H         LINE#         64
  C:2BA5H         LINE#         65
  C:2BB6H         LINE#         66
  C:2BB6H         LINE#         67
  C:2BB8H         LINE#         68
  C:2BBCH         LINE#         69
  C:2BBCH         LINE#         70
  C:2BBCH         LINE#         71
  C:2BBCH         LINE#         72
  C:2BBCH         LINE#         73
  C:2BBEH         LINE#         74
  C:2BC2H         LINE#         75
  -------         ENDPROC       UART1_RECV_NUM_AT
  -------         PROC          UART1_RECV_NUM_PACKET
  -------         DO            
  D:0006H         SYMBOL        RecStr
  X:007CH         SYMBOL        Num
  X:007DH         SYMBOL        Count
  C:2BD0H         SYMBOL        Loop
  -------         ENDDO         
  C:2BC3H         LINE#         77
  C:2BC3H         LINE#         78
  C:2BC3H         LINE#         79
  C:2BC7H         LINE#         80
  C:2BCCH         LINE#         81
  C:2BD0H         LINE#         82
  C:2BD0H         LINE#         83
  C:2BD7H         LINE#         84
  C:2BDEH         LINE#         85
  C:2BE0H         LINE#         86
  C:2BF4H         LINE#         87
  C:2BF4H         LINE#         88
  C:2BF7H         LINE#         89
  C:2BFCH         LINE#         90
  C:2BFFH         LINE#         91
  C:2BFFH         LINE#         92
  C:2C01H         LINE#         93
  C:2C0FH         LINE#         94
  C:2C20H         LINE#         95
  C:2C20H         LINE#         96
  C:2C22H         LINE#         98
  C:2C26H         LINE#         99
  C:2C26H         LINE#         100
  C:2C26H         LINE#         101
  C:2C26H         LINE#         102
BL51 BANKED LINKER/LOCATER V6.22.2.0                                                  09/19/2018  11:03:15  PAGE 33


  C:2C26H         LINE#         103
  C:2C28H         LINE#         105
  C:2C2CH         LINE#         106
  -------         ENDPROC       UART1_RECV_NUM_PACKET
  -------         PROC          UART1_RECV_DEAL
  -------         DO            
  X:007CH         SYMBOL        Check
  X:007EH         SYMBOL        HCheck
  X:0080H         SYMBOL        LCheck
  -------         ENDDO         
  C:1630H         LINE#         108
  C:1630H         LINE#         109
  C:1630H         LINE#         114
  C:1638H         LINE#         115
  C:1640H         LINE#         116
  C:1648H         LINE#         117
  C:1650H         LINE#         118
  C:1658H         LINE#         119
  C:1660H         LINE#         120
  C:1668H         LINE#         121
  C:1670H         LINE#         122
  C:1678H         LINE#         123
  C:1680H         LINE#         124
  C:1688H         LINE#         125
  C:1690H         LINE#         126
  C:1698H         LINE#         127
  C:16A0H         LINE#         128
  C:16A8H         LINE#         129
  C:16B0H         LINE#         130
  C:16B8H         LINE#         131
  C:16C0H         LINE#         132
  C:16C8H         LINE#         133
  C:16D0H         LINE#         134
  C:16D8H         LINE#         135
  C:16E0H         LINE#         136
  C:16E8H         LINE#         137
  C:16F0H         LINE#         138
  C:16F8H         LINE#         139
  C:1700H         LINE#         140
  C:1708H         LINE#         141
  C:1710H         LINE#         142
  C:1718H         LINE#         143
  C:1720H         LINE#         144
  C:1728H         LINE#         145
  C:1730H         LINE#         146
  C:1738H         LINE#         147
  C:1740H         LINE#         148
  C:1748H         LINE#         149
  C:1750H         LINE#         151
  C:1759H         LINE#         152
  C:188FH         LINE#         153
  C:189EH         LINE#         154
  C:18A6H         LINE#         155
  C:18B0H         LINE#         156
  C:18B6H         LINE#         161
  -------         ENDPROC       UART1_RECV_DEAL
  -------         PROC          _CLEAR_BUF
BL51 BANKED LINKER/LOCATER V6.22.2.0                                                  09/19/2018  11:03:15  PAGE 34


  D:0001H         SYMBOL        Rx_Buf
  C:2FF1H         LINE#         163
  C:2FF1H         LINE#         164
  C:2FF1H         LINE#         165
  -------         ENDPROC       _CLEAR_BUF
  -------         PROC          UART1_ISR
  C:0066H         LINE#         168
  C:0073H         LINE#         171
  C:007BH         LINE#         172
  C:007BH         LINE#         173
  C:0082H         LINE#         174
  C:0082H         LINE#         176
  C:0085H         LINE#         177
  C:0085H         LINE#         178
  C:0087H         LINE#         180
  C:0087H         LINE#         181
  C:008AH         LINE#         182
  C:008AH         LINE#         185
  -------         ENDPROC       UART1_ISR
  -------         ENDMOD        USART

  -------         MODULE        DELAY
  C:0000H         SYMBOL        _ICE_DUMMY_
  D:0080H         PUBLIC        P0
  D:0090H         PUBLIC        P1
  D:00A0H         PUBLIC        P2
  D:00B0H         PUBLIC        P3
  D:00C0H         PUBLIC        P4
  D:00C8H         PUBLIC        P5
  D:00E8H         PUBLIC        P6
  D:00F8H         PUBLIC        P7
  D:00A8H         PUBLIC        IE
  D:00B8H         PUBLIC        IP
  D:00D8H         PUBLIC        CCON
  C:2E09H         PUBLIC        _Delay_S
  D:0098H         PUBLIC        SCON
  D:0088H         PUBLIC        TCON
  C:2ED1H         PUBLIC        _Delay_MS
  D:00D0H         PUBLIC        PSW
  -------         PROC          _DELAY_S
  D:0006H         SYMBOL        S
  -------         DO            
  D:0005H         SYMBOL        i
  D:0004H         SYMBOL        j
  D:0003H         SYMBOL        k
  -------         ENDDO         
  C:2E09H         LINE#         6
  C:2E09H         LINE#         7
  C:2E09H         LINE#         9
  C:2E13H         LINE#         10
  C:2E13H         LINE#         11
  C:2E14H         LINE#         12
  C:2E15H         LINE#         13
  C:2E17H         LINE#         14
  C:2E19H         LINE#         15
  C:2E1BH         LINE#         17
  C:2E1BH         LINE#         19
BL51 BANKED LINKER/LOCATER V6.22.2.0                                                  09/19/2018  11:03:15  PAGE 35


  C:2E1BH         LINE#         20
  C:2E1DH         LINE#         22
  C:2E1FH         LINE#         23
  C:2E21H         LINE#         24
  C:2E23H         LINE#         25
  -------         ENDPROC       _DELAY_S
  -------         PROC          _DELAY_MS
  D:0006H         SYMBOL        MS
  -------         DO            
  D:0005H         SYMBOL        i
  D:0004H         SYMBOL        j
  -------         ENDDO         
  C:2ED1H         LINE#         27
  C:2ED1H         LINE#         28
  C:2ED1H         LINE#         30
  C:2EDBH         LINE#         31
  C:2EDBH         LINE#         32
  C:2EDCH         LINE#         33
  C:2EDEH         LINE#         34
  C:2EE0H         LINE#         36
  C:2EE0H         LINE#         37
  C:2EE2H         LINE#         39
  C:2EE4H         LINE#         40
  C:2EE6H         LINE#         41
  -------         ENDPROC       _DELAY_MS
  -------         ENDMOD        DELAY

  -------         MODULE        IODEAL
  C:0000H         SYMBOL        _ICE_DUMMY_
[...]
  C:2385H         LINE#         89
  C:2388H         LINE#         90
  C:239AH         LINE#         91
  C:239AH         LINE#         92
  C:239DH         LINE#         93
  C:239DH         LINE#         94
  C:239DH         LINE#         95
  C:23A5H         LINE#         96
  C:23A5H         LINE#         97
  C:23A9H         LINE#         98
  C:23D4H         LINE#         99
  C:23D4H         LINE#         100
  C:23DFH         LINE#         101
  C:23E1H         LINE#         103
  C:23E1H         LINE#         104
  C:23E7H         LINE#         105
  C:23E7H         LINE#         106
  C:23EDH         LINE#         107
  C:23EDH         LINE#         108
  C:23F0H         LINE#         109
  -------         ENDPROC       TIM3_ISR
  -------         PROC          TIM4_ISR
  C:2C2DH         LINE#         111
  C:2C3AH         LINE#         113
  C:2C53H         LINE#         114
  C:2C68H         LINE#         115
  C:2C68H         LINE#         116
  C:2C6DH         LINE#         117
BL51 BANKED LINKER/LOCATER V6.22.2.0                                                  09/19/2018  11:03:15  PAGE 39


  C:2C72H         LINE#         118
  C:2C7AH         LINE#         119
  C:2C7AH         LINE#         120
  C:2C7DH         LINE#         121
  -------         ENDPROC       TIM4_ISR
  -------         ENDMOD        TIMER

  -------         MODULE        EEPROM
  C:0000H         SYMBOL        _ICE_DUMMY_
  D:0080H         PUBLIC        P0
  D:0090H         PUBLIC        P1
  D:00A0H         PUBLIC        P2
  D:00B0H         PUBLIC        P3
  D:00C0H         PUBLIC        P4
  D:00C8H         PUBLIC        P5
  D:00E8H         PUBLIC        P6
  D:00F8H         PUBLIC        P7
  D:00A8H         PUBLIC        IE
  C:2EE7H         PUBLIC        _IapErase
  D:00C5H         PUBLIC        IAP_CMD
  D:00B8H         PUBLIC        IP
  C:2E8BH         PUBLIC        _IapRead
  C:2FE4H         PUBLIC        IapIdle
  D:00C3H         PUBLIC        IAP_ADDRH
  D:00D8H         PUBLIC        CCON
  D:00C4H         PUBLIC        IAP_ADDRL
  D:0098H         PUBLIC        SCON
  D:0088H         PUBLIC        TCON
  D:00C7H         PUBLIC        IAP_CONTR
  D:00C2H         PUBLIC        IAP_DATA
  D:00C6H         PUBLIC        IAP_TRIG
  C:2EA3H         PUBLIC        _IapProgram
  D:00D0H         PUBLIC        PSW
  -------         PROC          IAPIDLE
  C:2FE4H         LINE#         8
  C:2FE4H         LINE#         9
  C:2FE4H         LINE#         10
  C:2FE7H         LINE#         11
  C:2FE9H         LINE#         12
  C:2FEBH         LINE#         13
  C:2FEEH         LINE#         14
  C:2FF0H         LINE#         15
  -------         ENDPROC       IAPIDLE
  -------         PROC          _IAPREAD
  D:0006H         SYMBOL        addr
  -------         DO            
  D:0007H         SYMBOL        dat
  -------         ENDDO         
  C:2E8BH         LINE#         17
  C:2E8BH         LINE#         18
  C:2E8BH         LINE#         21
  C:2E8EH         LINE#         22
  C:2E91H         LINE#         23
  C:2E93H         LINE#         24
  C:2E97H         LINE#         25
  C:2E9AH         LINE#         26
  C:2E9DH         LINE#         27
BL51 BANKED LINKER/LOCATER V6.22.2.0                                                  09/19/2018  11:03:15  PAGE 40


  C:2E9EH         LINE#         28
  C:2EA0H         LINE#         29
  -------         ENDPROC       _IAPREAD
  -------         PROC          _IAPPROGRAM
  D:0006H         SYMBOL        addr
  D:0005H         SYMBOL        dat
  C:2EA3H         LINE#         34
  C:2EA3H         LINE#         35
  C:2EA3H         LINE#         36
  C:2EA6H         LINE#         37
  C:2EA9H         LINE#         38
  C:2EABH         LINE#         39
  C:2EAFH         LINE#         40
  C:2EB1H         LINE#         41
  C:2EB4H         LINE#         42
  C:2EB7H         LINE#         43
  C:2EB8H         LINE#         44
  -------         ENDPROC       _IAPPROGRAM
  -------         PROC          _IAPERASE
  D:0006H         SYMBOL        addr
  C:2EE7H         LINE#         47
  C:2EE7H         LINE#         48
  C:2EE7H         LINE#         49
  C:2EEAH         LINE#         50
  C:2EEDH         LINE#         51
  C:2EEFH         LINE#         52
  C:2EF3H         LINE#         53
  C:2EF6H         LINE#         54
  C:2EF9H         LINE#         55
  C:2EFAH         LINE#         56
  -------         ENDPROC       _IAPERASE
  -------         ENDMOD        EEPROM

  -------         MODULE        ?C_STARTUP
  C:2805H         SEGMENT       ?C_C51STARTUP
  I:007DH         SEGMENT       ?STACK
  C:0000H         PUBLIC        ?C_STARTUP
  D:00E0H         SYMBOL        ACC
  D:00F0H         SYMBOL        B
  D:0083H         SYMBOL        DPH
  D:0082H         SYMBOL        DPL
  N:0000H         SYMBOL        IBPSTACK
  N:0100H         SYMBOL        IBPSTACKTOP
  N:0080H         SYMBOL        IDATALEN
  C:2808H         SYMBOL        IDATALOOP
  N:0000H         SYMBOL        PBPSTACK
  N:0100H         SYMBOL        PBPSTACKTOP
  N:0000H         SYMBOL        PDATALEN
  N:0000H         SYMBOL        PDATASTART
  N:0000H         SYMBOL        PPAGE
  N:0000H         SYMBOL        PPAGEENABLE
  D:00A0H         SYMBOL        PPAGE_SFR
  D:0081H         SYMBOL        SP
  C:2805H         SYMBOL        STARTUP1
  N:0000H         SYMBOL        XBPSTACK
  N:0000H         SYMBOL        XBPSTACKTOP
  N:0000H         SYMBOL        XDATALEN
BL51 BANKED LINKER/LOCATER V6.22.2.0                                                  09/19/2018  11:03:15  PAGE 41


  N:0000H         SYMBOL        XDATASTART
  C:0000H         LINE#         126
  C:2805H         LINE#         133
  C:2807H         LINE#         134
  C:2808H         LINE#         135
  C:2809H         LINE#         136
  C:280BH         LINE#         185
  C:280EH         LINE#         196
  -------         ENDMOD        ?C_STARTUP

  -------         MODULE        MAIN
  C:0000H         SYMBOL        _ICE_DUMMY_
  D:0080H         PUBLIC        P0
  D:0090H         PUBLIC        P1
  D:00A0H         PUBLIC        P2
  D:00B0H         PUBLIC        P3
  D:00C0H         PUBLIC        P4
  D:00C8H         PUBLIC        P5
  D:00E8H         PUBLIC        P6
  D:00F8H         PUBLIC        P7
  D:00A8H         PUBLIC        IE
  D:00B8H         PUBLIC        IP
  D:00D8H         PUBLIC        CCON
  C:0741H         PUBLIC        main
  D:0098H         PUBLIC        SCON
  D:0088H         PUBLIC        TCON
  B:00C8H.0       PUBLIC        P50
  B:00C8H.1       PUBLIC        P51
  D:00D0H         PUBLIC        PSW
  -------         PROC          MAIN
  -------         DO            
  C:0B4DH         SYMBOL        MODESWITCH
  -------         ENDDO         
  C:0741H         LINE#         20
  C:0741H         LINE#         21
  C:0741H         LINE#         22
  C:0743H         LINE#         23
  C:0746H         LINE#         24
  C:074DH         LINE#         25
  C:074FH         LINE#         27
  C:0752H         LINE#         28
  C:0755H         LINE#         29
  C:0758H         LINE#         30
  C:075BH         LINE#         31
  C:075EH         LINE#         32
  C:076DH         LINE#         33
  C:0771H         LINE#         34
  C:0771H         LINE#         35
  C:0779H         LINE#         36
  C:0780H         LINE#         37
  C:0789H         LINE#         38
  C:078CH         LINE#         39
  C:078CH         LINE#         40
  C:078CH         LINE#         41
  C:078CH         LINE#         42
  C:078FH         LINE#         44
  C:078FH         LINE#         45
BL51 BANKED LINKER/LOCATER V6.22.2.0                                                  09/19/2018  11:03:15  PAGE 42


  C:0797H         LINE#         46
  C:079EH         LINE#         47
  C:07A7H         LINE#         48
  C:07B3H         LINE#         49
  C:07BFH         LINE#         50
  C:07C8H         LINE#         51
  C:07D1H         LINE#         52
  C:07DAH         LINE#         53
  C:07E3H         LINE#         54
  C:0801H         LINE#         56
  C:080AH         LINE#         57
  C:0813H         LINE#         58
  C:081CH         LINE#         59
  C:0825H         LINE#         60
  C:0827H         LINE#         61
  C:082EH         LINE#         62
  C:0830H         LINE#         63
  C:0830H         LINE#         64
  C:0833H         LINE#         65
  C:0836H         LINE#         66
  C:0839H         LINE#         67
  C:084BH         LINE#         68
  C:084BH         LINE#         69
  C:084BH         LINE#         70
  C:0857H         LINE#         71
  C:0863H         LINE#         72
  C:086FH         LINE#         73
  C:087BH         LINE#         74
  C:089FH         LINE#         75
  C:089FH         LINE#         76
  C:08A5H         LINE#         77
  C:08ABH         LINE#         78
  C:08B4H         LINE#         79
  C:08B7H         LINE#         80
  C:08B7H         LINE#         81
  C:08B7H         LINE#         82
  C:08BFH         LINE#         83
  C:08BFH         LINE#         84
  C:08CBH         LINE#         85
  C:08D7H         LINE#         86
  C:08DEH         LINE#         87
  C:08EAH         LINE#         88
  C:08F6H         LINE#         89
  C:0902H         LINE#         90
  C:090EH         LINE#         91
  C:091DH         LINE#         92
  C:0922H         LINE#         93
  C:0925H         LINE#         94
  C:0925H         LINE#         95
  C:092DH         LINE#         96
  C:092DH         LINE#         97
  C:0939H         LINE#         98
  C:0946H         LINE#         99
  C:0950H         LINE#         100
  C:0955H         LINE#         101
  C:0955H         LINE#         102
  C:0985H         LINE#         103
BL51 BANKED LINKER/LOCATER V6.22.2.0                                                  09/19/2018  11:03:15  PAGE 43


  C:0985H         LINE#         104
  C:0988H         LINE#         105
  C:099AH         LINE#         106
  C:09A0H         LINE#         107
  C:09A6H         LINE#         108
  C:09AFH         LINE#         109
  C:09BEH         LINE#         110
  C:09C4H         LINE#         111
  C:09C9H         LINE#         112
  C:09D2H         LINE#         113
  C:09DBH         LINE#         114
  C:09DBH         LINE#         115
  C:0A0BH         LINE#         116
  C:0A0BH         LINE#         117
  C:0A0EH         LINE#         118
  C:0A20H         LINE#         119
  C:0A26H         LINE#         120
  C:0A2CH         LINE#         121
  C:0A35H         LINE#         122
  C:0A44H         LINE#         123
  C:0A4AH         LINE#         124
  C:0A4FH         LINE#         125
  C:0A58H         LINE#         126
  C:0A61H         LINE#         127
  C:0A61H         LINE#         128
  C:0A6CH         LINE#         129
  C:0A6CH         LINE#         130
  C:0A70H         LINE#         131
  C:0A7FH         LINE#         132
  C:0A7FH         LINE#         133
  C:0A82H         LINE#         134
  C:0A82H         LINE#         136
  C:0A82H         LINE#         137
  C:0A82H         LINE#         138
  C:0A82H         LINE#         139
  C:0A8AH         LINE#         140
  C:0A8AH         LINE#         141
  C:0A99H         LINE#         142
  C:0A9CH         LINE#         143
  C:0A9CH         LINE#         144
  C:0ACCH         LINE#         145
  C:0ACCH         LINE#         146
  C:0ACFH         LINE#         147
  C:0AE1H         LINE#         148
  C:0AE8H         LINE#         149
  C:0AEFH         LINE#         150
  C:0AFEH         LINE#         151
  C:0B04H         LINE#         152
  C:0B09H         LINE#         153
  C:0B12H         LINE#         154
  C:0B1BH         LINE#         155
  C:0B1BH         LINE#         156
  C:0B4BH         LINE#         157
  C:0B4BH         LINE#         158
  C:0B4BH         LINE#         159
  C:0B4BH         LINE#         160
  C:0B4BH         LINE#         161
BL51 BANKED LINKER/LOCATER V6.22.2.0                                                  09/19/2018  11:03:15  PAGE 44


  C:0B4BH         LINE#         162
  C:0B4BH         LINE#         163
  C:0B4BH         LINE#         164
  C:0B4BH         LINE#         165
  C:0B4BH         LINE#         166
  C:0B4BH         LINE#         167
  C:0B4BH         LINE#         168
  C:0B4BH         LINE#         169
  C:0B4BH         LINE#         170
  C:0B4BH         LINE#         171
  C:0B4DH         LINE#         172
  C:0B52H         LINE#         173
  C:0B64H         LINE#         174
  C:0B64H         LINE#         175
  C:0B67H         LINE#         176
  C:0B69H         LINE#         177
  C:0B7BH         LINE#         178
  C:0B7BH         LINE#         179
  C:0B7EH         LINE#         180
  C:0B7EH         LINE#         181
  C:0BAEH         LINE#         182
  C:0BAEH         LINE#         183
  C:0BB1H         LINE#         184
  C:0BC3H         LINE#         185
  C:0BCAH         LINE#         186
  C:0BD1H         LINE#         187
  C:0BE0H         LINE#         188
  C:0BE6H         LINE#         189
  C:0BEBH         LINE#         190
  C:0BF4H         LINE#         191
  C:0BFDH         LINE#         192
  C:0C00H         LINE#         193
  C:0C00H         LINE#         194
  C:0C33H         LINE#         195
  C:0C33H         LINE#         196
  C:0C36H         LINE#         197
  C:0C48H         LINE#         198
  C:0C4FH         LINE#         199
  C:0C56H         LINE#         200
  C:0C65H         LINE#         201
  C:0C6BH         LINE#         202
  C:0C70H         LINE#         203
  C:0C79H         LINE#         204
  C:0C82H         LINE#         205
  -------         ENDPROC       MAIN
  -------         ENDMOD        MAIN

  -------         MODULE        PACKET
  C:0000H         SYMBOL        _ICE_DUMMY_
  C:0095H         PUBLIC        Valve1L
  X:0000H         PUBLIC        Rx_Buffer_AT
  X:0032H         PUBLIC        Order
  X:0033H         PUBLIC        RechargeFlow_01
  X:0034H         PUBLIC        RechargeFlow_02
  D:0021H         PUBLIC        ValveCountDown_M1
  X:0035H         PUBLIC        RechargeDay_01
  D:0022H         PUBLIC        ValveCountDown_M2
BL51 BANKED LINKER/LOCATER V6.22.2.0                                                  09/19/2018  11:03:15  PAGE 45


  X:0036H         PUBLIC        Rx_Buffer
  X:005AH         PUBLIC        RechargeDay_02
  D:0023H         PUBLIC        Lock
  D:0025H         PUBLIC        ValveCount
  D:0029H         PUBLIC        TempTimer_Start
  D:002BH         PUBLIC        PollTimer_Start
  D:002DH         PUBLIC        PollTimer_Start_Stop
  D:002FH         PUBLIC        ValveAll
  D:0033H         PUBLIC        PollTimer
  D:0037H         PUBLIC        StartBool
  X:005BH         PUBLIC        GPRSSignal
  X:005CH         PUBLIC        Check_01
  X:005DH         PUBLIC        Check_02
  X:005EH         PUBLIC        DeviceID_01
  X:005FH         PUBLIC        DeviceID_02
  X:0060H         PUBLIC        DeviceID_03
  D:0039H         PUBLIC        TempTimer_Stop
  X:0061H         PUBLIC        DeviceID_04
  D:003BH         PUBLIC        PollTimer_Stop
  D:003DH         PUBLIC        ValveCountDown
  X:0062H         PUBLIC        DeviceFlow_01
  X:0063H         PUBLIC        DeviceFlow_02
  X:0064H         PUBLIC        WaterTDS_01
  X:0065H         PUBLIC        WaterTDS_02
  D:0041H         PUBLIC        StopBool
  D:0043H         PUBLIC        BUSY
  D:0045H         PUBLIC        ValveAll_H
  D:0046H         PUBLIC        ValveAll_L
  X:0066H         PUBLIC        ICCID1_01
  D:0047H         PUBLIC        ValveCountDown_H
  X:0067H         PUBLIC        ICCID2_01
  X:0068H         PUBLIC        ICCID1_02
  X:0069H         PUBLIC        ICCID3_01
  X:006AH         PUBLIC        ICCID2_02
  X:006BH         PUBLIC        ICCID4_01
  X:006CH         PUBLIC        ICCID3_02
  X:006DH         PUBLIC        ICCID5_01
  X:006EH         PUBLIC        ICCID4_02
  D:0048H         PUBLIC        ValveCountDown_L
  X:006FH         PUBLIC        ICCID5_02
  X:0070H         PUBLIC        DeviceMode
  X:0071H         PUBLIC        DeviceStatus
  C:0097H         PUBLIC        Valve001L
  X:0072H         PUBLIC        SurplusFlow_01
  X:0073H         PUBLIC        SurplusFlow_02
  D:0049H         PUBLIC        HeartPacketBool
  D:004BH         PUBLIC        Send_OK_Flag
  X:0074H         PUBLIC        Buf_Length
  X:0076H         PUBLIC        SurplusDay_01
  X:0077H         PUBLIC        SurplusDay_02
  D:004DH         PUBLIC        ICCIDBool
  X:0078H         PUBLIC        UsedFlow_01
  X:0079H         PUBLIC        UsedFlow_02
  X:007AH         PUBLIC        UsedDay_01
  D:004FH         PUBLIC        OpenDeviceCount
  X:007BH         PUBLIC        UsedDay_02
  D:0051H         PUBLIC        ValveAll_M1
BL51 BANKED LINKER/LOCATER V6.22.2.0                                                  09/19/2018  11:03:15  PAGE 46


  D:0052H         PUBLIC        ValveAll_M2
  -------         ENDMOD        PACKET

  -------         MODULE        ?C?COPY
  C:1143H         PUBLIC        ?C?COPY
  -------         ENDMOD        ?C?COPY

  -------         MODULE        ?C?CLDPTR
  C:1169H         PUBLIC        ?C?CLDPTR
  -------         ENDMOD        ?C?CLDPTR

  -------         MODULE        ?C?CLDOPTR
  C:1182H         PUBLIC        ?C?CLDOPTR
  -------         ENDMOD        ?C?CLDOPTR

  -------         MODULE        ?C?IMUL
  C:11AFH         PUBLIC        ?C?IMUL
  -------         ENDMOD        ?C?IMUL

  -------         MODULE        ?C?ISTPTR
  C:11C1H         PUBLIC        ?C?ISTPTR
  -------         ENDMOD        ?C?ISTPTR

  -------         MODULE        ?C?ULDIV
  C:121CH         PUBLIC        ?C?ULDIV
  -------         ENDMOD        ?C?ULDIV

  -------         MODULE        ?C?SLCMP
  C:12AEH         PUBLIC        ?C?SLCMP
  -------         ENDMOD        ?C?SLCMP

  -------         MODULE        ?C?ULCMP
  C:12C4H         PUBLIC        ?C?ULCMP
  -------         ENDMOD        ?C?ULCMP

  -------         MODULE        ?C?ULSHR
  C:12D5H         PUBLIC        ?C?ULSHR
  -------         ENDMOD        ?C?ULSHR

  -------         MODULE        ?C?LSTXDATA
  C:12E8H         PUBLIC        ?C?LSTXDATA
  -------         ENDMOD        ?C?LSTXDATA

  -------         MODULE        ?C?LSTKXDATA
  C:12F4H         PUBLIC        ?C?LSTKXDATA
  -------         ENDMOD        ?C?LSTKXDATA

  -------         MODULE        ISALPHA
  C:2E24H         PUBLIC        _isalpha
  -------         ENDMOD        ISALPHA

  -------         MODULE        ISDIGIT
  C:2FAAH         PUBLIC        _isdigit
  -------         ENDMOD        ISDIGIT

  -------         MODULE        ISUPPER
  C:2FB9H         PUBLIC        _isupper
BL51 BANKED LINKER/LOCATER V6.22.2.0                                                  09/19/2018  11:03:15  PAGE 47


  -------         ENDMOD        ISUPPER

  -------         MODULE        STRNCPY
  D:006BH         PUBLIC        ?_strncpy?BYTE
  C:2C88H         PUBLIC        _strncpy
  -------         ENDMOD        STRNCPY

  -------         MODULE        STRLEN
  C:2F3CH         PUBLIC        _STRLEN
  -------         ENDMOD        STRLEN

  -------         MODULE        STRCHR
  C:2DD2H         PUBLIC        _STRCHR
  -------         ENDMOD        STRCHR

  -------         MODULE        STRSTR
  D:0071H         PUBLIC        ?_strstr?BYTE
  C:2891H         PUBLIC        _strstr
  -------         ENDMOD        STRSTR

  -------         MODULE        ATOI
  C:260CH         PUBLIC        _atoi
  -------         ENDMOD        ATOI

  -------         MODULE        ?C?MEMSET
  C:1325H         PUBLIC        ?C?MEMSET
  -------         ENDMOD        ?C?MEMSET

  -------         MODULE        ?C?CSTOPTR
  C:1351H         PUBLIC        ?C?CSTOPTR
  -------         ENDMOD        ?C?CSTOPTR

  -------         MODULE        ISSPACE
  C:2F51H         PUBLIC        _isspace
  -------         ENDMOD        ISSPACE

Program Size: data=109.1 xdata=150 code=12281
LINK/LOCATE RUN COMPLETE.  0 WARNING(S),  0 ERROR(S)
