BL51 BANKED LINKER/LOCATER V6.22.2.0                                                    09/19/2018  10:14:33  PAGE 1


BL51 BANKED LINKER/LOCATER V6.22.2.0, INVOKED BY:
F:\KEIL_V5_C51\C51\BIN\BL51.EXE .\Objects\PrivateMode.obj, .\Objects\PublicFunction.obj, .\Objects\PublicMode.obj, .\Obj
>> ects\Gprs.obj, .\Objects\Usart.obj, .\Objects\Delay.obj, .\Objects\IODeal.obj, .\Objects\Timer.obj, .\Objects\EEPROM.
>> obj, .\Objects\STARTUP.obj, .\Objects\main.obj, .\Objects\Packet.obj TO .\Objects\WaterProject PRINT (.\Listings\Wate
>> rProject.m51) RAMSIZE (256)


MEMORY MODEL: SMALL


INPUT MODULES INCLUDED:
  .\Objects\PrivateMode.obj (PRIVATEMODE)
  .\Objects\PublicFunction.obj (PUBLICFUNCTION)
  .\Objects\PublicMode.obj (PUBLICMODE)
  .\Objects\Gprs.obj (GPRS)
  .\Objects\Usart.obj (USART)
  .\Objects\Delay.obj (DELAY)
  .\Objects\IODeal.obj (IODEAL)
  .\Objects\Timer.obj (TIMER)
  .\Objects\EEPROM.obj (EEPROM)
  .\Objects\STARTUP.obj (?C_STARTUP)
  .\Objects\main.obj (MAIN)
  .\Objects\Packet.obj (PACKET)
  F:\KEIL_V5_C51\C51\LIB\C51S.LIB (?C_INIT)
  F:\KEIL_V5_C51\C51\LIB\C51S.LIB (?C?COPY)
  F:\KEIL_V5_C51\C51\LIB\C51S.LIB (?C?CLDPTR)
  F:\KEIL_V5_C51\C51\LIB\C51S.LIB (?C?CLDOPTR)
  F:\KEIL_V5_C51\C51\LIB\C51S.LIB (?C?IMUL)
  F:\KEIL_V5_C51\C51\LIB\C51S.LIB (?C?ISTPTR)
  F:\KEIL_V5_C51\C51\LIB\C51S.LIB (?C?ULDIV)
  F:\KEIL_V5_C51\C51\LIB\C51S.LIB (?C?SLCMP)
  F:\KEIL_V5_C51\C51\LIB\C51S.LIB (?C?ULCMP)
  F:\KEIL_V5_C51\C51\LIB\C51S.LIB (?C?ULSHR)
  F:\KEIL_V5_C51\C51\LIB\C51S.LIB (?C?LSTXDATA)
  F:\KEIL_V5_C51\C51\LIB\C51S.LIB (?C?LSTKXDATA)
  F:\KEIL_V5_C51\C51\LIB\C51S.LIB (ISALPHA)
  F:\KEIL_V5_C51\C51\LIB\C51S.LIB (ISDIGIT)
  F:\KEIL_V5_C51\C51\LIB\C51S.LIB (ISUPPER)
  F:\KEIL_V5_C51\C51\LIB\C51S.LIB (STRNCPY)
  F:\KEIL_V5_C51\C51\LIB\C51S.LIB (STRLEN)
  F:\KEIL_V5_C51\C51\LIB\C51S.LIB (STRCHR)
  F:\KEIL_V5_C51\C51\LIB\C51S.LIB (STRSTR)
  F:\KEIL_V5_C51\C51\LIB\C51S.LIB (ATOI)
  F:\KEIL_V5_C51\C51\LIB\C51S.LIB (?C?MEMSET)
  F:\KEIL_V5_C51\C51\LIB\C51S.LIB (?C?CSTOPTR)
  F:\KEIL_V5_C51\C51\LIB\C51S.LIB (ISSPACE)


LINK MAP OF MODULE:  .\Objects\WaterProject (PRIVATEMODE)


            TYPE    BASE      LENGTH    RELOCATION   SEGMENT NAME
            -----------------------------------------------------

            * * * * * * *   D A T A   M E M O R Y   * * * * * * *
            REG     0000H     0008H     ABSOLUTE     "REG BANK 0"
            REG     0008H     0008H     ABSOLUTE     "REG BANK 1"
                    0010H     0010H                  *** GAP ***
BL51 BANKED LINKER/LOCATER V6.22.2.0                                                  09/19/2018  10:14:33  PAGE 2


            BIT     0020H.0   0000H.1   UNIT         _BIT_GROUP_
                    0020H.1   0000H.7                *** GAP ***
            DATA    0021H     0032H     UNIT         ?DT?PACKET
            DATA    0053H     002AH     UNIT         _DATA_GROUP_
            IDATA   007DH     0001H     UNIT         ?STACK

            * * * * * * *  X D A T A   M E M O R Y  * * * * * * *
            XDATA   0000H     007CH     UNIT         ?XD?PACKET
            XDATA   007CH     001AH     UNIT         _XDATA_GROUP_

            * * * * * * *   C O D E   M E M O R Y   * * * * * * *
            CODE    0000H     0003H     ABSOLUTE     
            CODE    0003H     0008H     UNIT         ?PR?_UART1_SEND?USART
            CODE    000BH     0003H     ABSOLUTE     
            CODE    000EH     0015H     UNIT         ?PR?_GET_LVALUE?PUBLICFUNCTION
            CODE    0023H     0003H     ABSOLUTE     
            CODE    0026H     003CH     UNIT         ?PR?GPRS_CONNECTCLOSE?GPRS
                    0062H     0001H                  *** GAP ***
            CODE    0063H     0003H     ABSOLUTE     
            CODE    0066H     002FH     UNIT         ?PR?UART1_ISR?USART
            CODE    0095H     0004H     UNIT         ?CO?PACKET
                    0099H     0002H                  *** GAP ***
            CODE    009BH     0003H     ABSOLUTE     
                    009EH     0005H                  *** GAP ***
            CODE    00A3H     0003H     ABSOLUTE     
            CODE    00A6H     0671H     UNIT         ?PR?PRIVATEMODE_START?PRIVATEMODE
            CODE    0717H     0514H     UNIT         ?PR?MAIN?MAIN
            CODE    0C2BH     03BFH     UNIT         ?PR?PUBLICMODE_START?PUBLICMODE
            CODE    0FEAH     0300H     UNIT         ?C?LIB_CODE
            CODE    12EAH     02BDH     UNIT         ?PR?_GPRS_SENDDATA?GPRS
            CODE    15A7H     029AH     UNIT         ?PR?UART1_RECV_DEAL?USART
            CODE    1841H     0256H     UNIT         ?PR?GPRS_ICCID?GPRS
            CODE    1A97H     0154H     UNIT         ?C_INITSEG
            CODE    1BEBH     0152H     UNIT         ?PR?_GET_CHECK?PUBLICFUNCTION
            CODE    1D3DH     0125H     UNIT         ?PR?_GPRS_CONNECTCREAT?GPRS
            CODE    1E62H     0107H     UNIT         ?CO?GPRS
            CODE    1F69H     00EDH     UNIT         ?PR?RECOVERY_PACKETDATA?PUBLICFUNCTION
            CODE    2056H     00EDH     UNIT         ?PR?GPRS_SENDHEARTPACKET?GPRS
            CODE    2143H     00D2H     UNIT         ?PR?_HEX_TO_INT?PUBLICFUNCTION
            CODE    2215H     00BDH     UNIT         ?PR?VALVE_TO_FLOW?PUBLICFUNCTION
            CODE    22D2H     00B3H     UNIT         ?PR?TIM3_ISR?TIMER
            CODE    2385H     00B1H     UNIT         ?PR?GPRS_MODE?GPRS
            CODE    2436H     00B0H     UNIT         ?PR?_RECV_RETURN?GPRS
            CODE    24E6H     00B0H     UNIT         ?PR?_RECV_RETURN_SPECIAL?GPRS
            CODE    2596H     00AEH     UNIT         ?PR?_ATOI?ATOI
            CODE    2644H     00A9H     UNIT         ?PR?SYSTEMINIT_PACKETDATA?PUBLICFUNCTION
            CODE    26EDH     00A2H     UNIT         ?PR?_GET_HMLVALUE?PUBLICFUNCTION
            CODE    278FH     008CH     UNIT         ?C_C51STARTUP
            CODE    281BH     0082H     UNIT         ?PR?_STRSTR?STRSTR
            CODE    289DH     0074H     UNIT         ?PR?FLOW_TO_VALVE_FLOWMODE?PUBLICFUNCTION
            CODE    2911H     0074H     UNIT         ?PR?FLOW_TO_VALVE_PUBLICMODE?PUBLICFUNCTION
            CODE    2985H     0074H     UNIT         ?PR?TIM2_ISR?TIMER
            CODE    29F9H     006EH     UNIT         ?PR?_CHAR_TO_INT?PUBLICFUNCTION
            CODE    2A67H     006EH     UNIT         ?PR?GPRS_SIGNAL?GPRS
            CODE    2AD5H     006AH     UNIT         ?PR?UART1_RECV_NUM_AT?USART
            CODE    2B3FH     006AH     UNIT         ?PR?UART1_RECV_NUM_PACKET?USART
            CODE    2BA9H     005BH     UNIT         ?PR?TIM4_ISR?TIMER
BL51 BANKED LINKER/LOCATER V6.22.2.0                                                  09/19/2018  10:14:33  PAGE 3


            CODE    2C04H     0052H     UNIT         ?PR?_STRNCPY?STRNCPY
            CODE    2C56H     004BH     UNIT         ?PR?TIM0_ISR?TIMER
            CODE    2CA1H     0025H     UNIT         ?PR?_UART1_SEND_DATA?USART
            CODE    2CC6H     0024H     UNIT         ?CO?PRIVATEMODE
            CODE    2CEAH     0024H     UNIT         ?CO?PUBLICMODE
            CODE    2D0EH     0024H     UNIT         ?CO?MAIN
            CODE    2D32H     0023H     UNIT         ?PR?_GET_HLVALUE?PUBLICFUNCTION
            CODE    2D55H     001CH     UNIT         ?PR?_STRCHR?STRCHR
            CODE    2D71H     001BH     UNIT         ?PR?UART1_INIT?USART
            CODE    2D8CH     001BH     UNIT         ?PR?_DELAY_S?DELAY
            CODE    2DA7H     001BH     UNIT         ?PR?_ISALPHA?ISALPHA
            CODE    2DC2H     001AH     UNIT         ?PR?_GET_HVALUE?PUBLICFUNCTION
            CODE    2DDCH     0019H     UNIT         ?PR?_VALVE_SWITCH?PUBLICFUNCTION
            CODE    2DF5H     0019H     UNIT         ?PR?_GET_LONG_L?PUBLICFUNCTION
            CODE    2E0EH     0018H     UNIT         ?PR?_IAPREAD?EEPROM
            CODE    2E26H     0018H     UNIT         ?PR?_IAPPROGRAM?EEPROM
            CODE    2E3EH     0016H     UNIT         ?PR?GPRS_INIT?GPRS
            CODE    2E54H     0016H     UNIT         ?PR?_DELAY_MS?DELAY
            CODE    2E6AH     0016H     UNIT         ?PR?_IAPERASE?EEPROM
            CODE    2E80H     0015H     UNIT         ?PR?_GET_LONG_H?PUBLICFUNCTION
            CODE    2E95H     0015H     UNIT         ?PR?_GET_LONG_M1?PUBLICFUNCTION
            CODE    2EAAH     0015H     UNIT         ?PR?_GET_LONG_M2?PUBLICFUNCTION
            CODE    2EBFH     0015H     UNIT         ?PR?_STRLEN?STRLEN
            CODE    2ED4H     0013H     UNIT         ?PR?_ISSPACE?ISSPACE
            CODE    2EE7H     0012H     UNIT         ?PR?TIM2_INIT?TIMER
            CODE    2EF9H     0012H     UNIT         ?PR?TIM3_INIT?TIMER
            CODE    2F0BH     0012H     UNIT         ?PR?TIM4_INIT?TIMER
            CODE    2F1DH     0010H     UNIT         ?PR?TIM0_INIT?TIMER
            CODE    2F2DH     000FH     UNIT         ?PR?_ISDIGIT?ISDIGIT
            CODE    2F3CH     000FH     UNIT         ?PR?_ISUPPER?ISUPPER
            CODE    2F4BH     000EH     UNIT         ?PR?VALVE_OPEN?IODEAL
            CODE    2F59H     000EH     UNIT         ?PR?VALVE_CLOSE?IODEAL
            CODE    2F67H     000DH     UNIT         ?PR?IAPIDLE?EEPROM
            CODE    2F74H     0009H     UNIT         ?PR?_CLEAR_BUF?USART
            CODE    2F7DH     0007H     UNIT         ?PR?VALVE_INIT?IODEAL



OVERLAY MAP OF MODULE:   .\Objects\WaterProject (PRIVATEMODE)


SEGMENT                                             BIT_GROUP          DATA_GROUP          XDATA_GROUP
  +--> CALLED SEGMENT                            START    LENGTH     START    LENGTH     START    LENGTH
--------------------------------------------------------------------------------------------------------
?PR?UART1_ISR?USART                              -----    -----      -----    -----      -----    -----
  +--> ?PR?UART1_RECV_NUM_PACKET?USART
  +--> ?PR?UART1_RECV_DEAL?USART
  +--> ?PR?UART1_RECV_NUM_AT?USART

?PR?UART1_RECV_NUM_PACKET?USART                  -----    -----      -----    -----      007CH    0003H

?PR?UART1_RECV_DEAL?USART                        -----    -----      -----    -----      007CH    0006H
  +--> ?PR?_CLEAR_BUF?USART

?PR?UART1_RECV_NUM_AT?USART                      -----    -----      -----    -----      007CH    0003H

*** NEW ROOT ***************************************************
BL51 BANKED LINKER/LOCATER V6.22.2.0                                                  09/19/2018  10:14:33  PAGE 4



?PR?TIM3_ISR?TIMER                               -----    -----      -----    -----      -----    -----
  +--> ?PR?_IAPREAD?EEPROM

?PR?_IAPREAD?EEPROM                              -----    -----      -----    -----      -----    -----
  +--> ?PR?IAPIDLE?EEPROM

*** NEW ROOT ***************************************************

?C_C51STARTUP                                    -----    -----      -----    -----      -----    -----
  +--> ?PR?MAIN?MAIN
  +--> ?C_INITSEG

?PR?MAIN?MAIN                                    -----    -----      -----    -----      -----    -----
  +--> ?PR?GPRS_INIT?GPRS
  +--> ?PR?_DELAY_S?DELAY
  +--> ?PR?VALVE_INIT?IODEAL
  +--> ?PR?TIM0_INIT?TIMER
  +--> ?PR?TIM2_INIT?TIMER
  +--> ?PR?TIM3_INIT?TIMER
  +--> ?PR?TIM4_INIT?TIMER
  +--> ?PR?_IAPREAD?EEPROM
  +--> ?PR?_IAPERASE?EEPROM
  +--> ?PR?_IAPPROGRAM?EEPROM
  +--> ?PR?RECOVERY_PACKETDATA?PUBLICFUNCTION
  +--> ?PR?_GET_HMLVALUE?PUBLICFUNCTION
  +--> ?PR?_DELAY_MS?DELAY
  +--> ?PR?GPRS_MODE?GPRS
  +--> ?PR?GPRS_ICCID?GPRS
  +--> ?PR?GPRS_CONNECTCLOSE?GPRS
  +--> ?CO?MAIN
  +--> ?PR?_GPRS_CONNECTCREAT?GPRS
  +--> ?PR?_GPRS_SENDDATA?GPRS
  +--> ?PR?_RECV_RETURN?GPRS
  +--> ?PR?_RECV_RETURN_SPECIAL?GPRS
  +--> ?PR?_CLEAR_BUF?USART
  +--> ?PR?PUBLICMODE_START?PUBLICMODE
  +--> ?PR?PRIVATEMODE_START?PRIVATEMODE

?PR?GPRS_INIT?GPRS                               -----    -----      -----    -----      -----    -----
  +--> ?PR?UART1_INIT?USART
  +--> ?PR?_DELAY_S?DELAY
  +--> ?PR?_DELAY_MS?DELAY

?PR?_IAPERASE?EEPROM                             -----    -----      -----    -----      -----    -----
  +--> ?PR?IAPIDLE?EEPROM

?PR?_IAPPROGRAM?EEPROM                           -----    -----      -----    -----      -----    -----
  +--> ?PR?IAPIDLE?EEPROM

?PR?RECOVERY_PACKETDATA?PUBLICFUNCTION           -----    -----      -----    -----      -----    -----
  +--> ?PR?_IAPERASE?EEPROM
  +--> ?PR?_IAPPROGRAM?EEPROM

?PR?_GET_HMLVALUE?PUBLICFUNCTION                 -----    -----      0053H    0008H      0082H    0004H

?PR?GPRS_MODE?GPRS                               -----    -----      -----    -----      -----    -----
BL51 BANKED LINKER/LOCATER V6.22.2.0                                                  09/19/2018  10:14:33  PAGE 5


  +--> ?PR?_RECV_RETURN?GPRS
  +--> ?PR?_CLEAR_BUF?USART
  +--> ?CO?GPRS
  +--> ?PR?_UART1_SEND_DATA?USART
  +--> ?PR?_DELAY_MS?DELAY

?PR?_RECV_RETURN?GPRS                            -----    -----      006BH    0006H      -----    -----
  +--> ?CO?GPRS
  +--> ?PR?_STRSTR?STRSTR

?PR?_STRSTR?STRSTR                               -----    -----      0071H    000CH      -----    -----

?PR?_UART1_SEND_DATA?USART                       -----    -----      006BH    0003H      -----    -----
  +--> ?PR?_UART1_SEND?USART

?PR?GPRS_ICCID?GPRS                              -----    -----      0053H    0018H      -----    -----
  +--> ?CO?GPRS
  +--> ?PR?_RECV_RETURN?GPRS
  +--> ?PR?_CLEAR_BUF?USART
  +--> ?PR?_UART1_SEND_DATA?USART
  +--> ?PR?_DELAY_MS?DELAY
  +--> ?PR?_STRCHR?STRCHR
  +--> ?PR?_STRNCPY?STRNCPY
  +--> ?PR?_HEX_TO_INT?PUBLICFUNCTION
  +--> ?PR?_IAPERASE?EEPROM
  +--> ?PR?_IAPPROGRAM?EEPROM

?PR?_STRNCPY?STRNCPY                             -----    -----      006BH    000AH      -----    -----

?PR?_HEX_TO_INT?PUBLICFUNCTION                   -----    -----      006BH    0003H      0082H    000AH
  +--> ?PR?_STRLEN?STRLEN
  +--> ?PR?_CHAR_TO_INT?PUBLICFUNCTION

?PR?_CHAR_TO_INT?PUBLICFUNCTION                  -----    -----      006EH    0001H      -----    -----
  +--> ?PR?_ISDIGIT?ISDIGIT
  +--> ?PR?_ISALPHA?ISALPHA
  +--> ?PR?_ISUPPER?ISUPPER

?PR?GPRS_CONNECTCLOSE?GPRS                       -----    -----      -----    -----      -----    -----
  +--> ?CO?GPRS
  +--> ?PR?_RECV_RETURN?GPRS
  +--> ?PR?_CLEAR_BUF?USART
  +--> ?PR?_UART1_SEND_DATA?USART
  +--> ?PR?_DELAY_MS?DELAY

?PR?_GPRS_CONNECTCREAT?GPRS                      -----    -----      005CH    0006H      -----    -----
  +--> ?CO?GPRS
  +--> ?PR?_UART1_SEND_DATA?USART
  +--> ?PR?_UART1_SEND?USART
  +--> ?PR?_DELAY_MS?DELAY
  +--> ?PR?_RECV_RETURN?GPRS
  +--> ?PR?_CLEAR_BUF?USART

?PR?_GPRS_SENDDATA?GPRS                          -----    -----      0057H    0005H      008AH    0004H
  +--> ?PR?_CLEAR_BUF?USART
  +--> ?PR?GPRS_SIGNAL?GPRS
  +--> ?CO?GPRS
BL51 BANKED LINKER/LOCATER V6.22.2.0                                                  09/19/2018  10:14:33  PAGE 6


  +--> ?PR?_UART1_SEND_DATA?USART
  +--> ?PR?_RECV_RETURN?GPRS
  +--> ?PR?_RECV_RETURN_SPECIAL?GPRS
  +--> ?PR?GPRS_CONNECTCLOSE?GPRS
  +--> ?PR?_GPRS_CONNECTCREAT?GPRS
  +--> ?PR?_IAPREAD?EEPROM
  +--> ?PR?VALVE_TO_FLOW?PUBLICFUNCTION
  +--> ?PR?_GET_CHECK?PUBLICFUNCTION
  +--> ?PR?_UART1_SEND?USART

?PR?GPRS_SIGNAL?GPRS                             -----    -----      005CH    0003H      -----    -----
  +--> ?CO?GPRS
  +--> ?PR?_RECV_RETURN?GPRS
  +--> ?PR?_CLEAR_BUF?USART
  +--> ?PR?_UART1_SEND_DATA?USART
  +--> ?PR?_DELAY_MS?DELAY
  +--> ?PR?_STRCHR?STRCHR
  +--> ?PR?_STRNCPY?STRNCPY
  +--> ?PR?_ATOI?ATOI
  +--> ?PR?_IAPERASE?EEPROM
  +--> ?PR?_IAPPROGRAM?EEPROM

?PR?_ATOI?ATOI                                   0020H.0  0000H.1    005FH    0005H      -----    -----
  +--> ?PR?_ISSPACE?ISSPACE
  +--> ?PR?_ISDIGIT?ISDIGIT

?PR?_RECV_RETURN_SPECIAL?GPRS                    -----    -----      005CH    0006H      -----    -----
  +--> ?CO?GPRS
  +--> ?PR?_STRSTR?STRSTR

?PR?VALVE_TO_FLOW?PUBLICFUNCTION                 -----    -----      -----    -----      008EH    0006H
  +--> ?CO?PACKET
  +--> ?PR?_GET_HVALUE?PUBLICFUNCTION
  +--> ?PR?_GET_LVALUE?PUBLICFUNCTION

?PR?_GET_HVALUE?PUBLICFUNCTION                   -----    -----      -----    -----      0094H    0002H

?PR?_GET_LVALUE?PUBLICFUNCTION                   -----    -----      -----    -----      0094H    0002H

?PR?_GET_CHECK?PUBLICFUNCTION                    -----    -----      005CH    0006H      008EH    0002H
  +--> ?PR?_GET_HVALUE?PUBLICFUNCTION
  +--> ?PR?_GET_LVALUE?PUBLICFUNCTION

?PR?PUBLICMODE_START?PUBLICMODE                  -----    -----      0053H    0002H      -----    -----
  +--> ?PR?_VALVE_SWITCH?PUBLICFUNCTION
  +--> ?PR?_IAPERASE?EEPROM
  +--> ?PR?_IAPPROGRAM?EEPROM
  +--> ?PR?GPRS_SENDHEARTPACKET?GPRS
  +--> ?PR?_IAPREAD?EEPROM
  +--> ?PR?_GPRS_SENDDATA?GPRS
  +--> ?PR?SYSTEMINIT_PACKETDATA?PUBLICFUNCTION
  +--> ?PR?RECOVERY_PACKETDATA?PUBLICFUNCTION
  +--> ?PR?FLOW_TO_VALVE_PUBLICMODE?PUBLICFU...
  +--> ?PR?_GET_LONG_H?PUBLICFUNCTION
  +--> ?PR?_GET_LONG_M1?PUBLICFUNCTION
  +--> ?PR?_GET_LONG_M2?PUBLICFUNCTION
  +--> ?PR?_GET_LONG_L?PUBLICFUNCTION
BL51 BANKED LINKER/LOCATER V6.22.2.0                                                  09/19/2018  10:14:33  PAGE 7


  +--> ?CO?PUBLICMODE
  +--> ?PR?_RECV_RETURN?GPRS
  +--> ?PR?_RECV_RETURN_SPECIAL?GPRS
  +--> ?PR?GPRS_CONNECTCLOSE?GPRS
  +--> ?PR?_GPRS_CONNECTCREAT?GPRS
  +--> ?PR?_CLEAR_BUF?USART

?PR?_VALVE_SWITCH?PUBLICFUNCTION                 -----    -----      0055H    0002H      -----    -----
  +--> ?PR?VALVE_OPEN?IODEAL
  +--> ?PR?VALVE_CLOSE?IODEAL

?PR?VALVE_OPEN?IODEAL                            -----    -----      -----    -----      -----    -----
  +--> ?PR?_DELAY_MS?DELAY

?PR?VALVE_CLOSE?IODEAL                           -----    -----      -----    -----      -----    -----
  +--> ?PR?_DELAY_MS?DELAY

?PR?GPRS_SENDHEARTPACKET?GPRS                    -----    -----      0055H    0002H      -----    -----
  +--> ?PR?_CLEAR_BUF?USART
  +--> ?PR?_IAPREAD?EEPROM
  +--> ?CO?GPRS
  +--> ?PR?_UART1_SEND_DATA?USART
  +--> ?PR?_RECV_RETURN?GPRS
  +--> ?PR?_RECV_RETURN_SPECIAL?GPRS
  +--> ?PR?GPRS_CONNECTCLOSE?GPRS
  +--> ?PR?_GPRS_CONNECTCREAT?GPRS
  +--> ?PR?_GPRS_SENDDATA?GPRS
  +--> ?PR?_UART1_SEND?USART

?PR?SYSTEMINIT_PACKETDATA?PUBLICFUNCTION         -----    -----      -----    -----      -----    -----
  +--> ?PR?_IAPERASE?EEPROM
  +--> ?PR?_IAPPROGRAM?EEPROM
  +--> ?PR?_GET_HLVALUE?PUBLICFUNCTION
  +--> ?CO?PACKET
  +--> ?PR?_GET_LONG_H?PUBLICFUNCTION
  +--> ?PR?_GET_LONG_M1?PUBLICFUNCTION
  +--> ?PR?_GET_LONG_M2?PUBLICFUNCTION
  +--> ?PR?_GET_LONG_L?PUBLICFUNCTION

?PR?_GET_HLVALUE?PUBLICFUNCTION                  -----    -----      -----    -----      0090H    0002H

?PR?_GET_LONG_H?PUBLICFUNCTION                   -----    -----      -----    -----      008AH    0002H

?PR?_GET_LONG_M1?PUBLICFUNCTION                  -----    -----      -----    -----      008AH    0002H

?PR?_GET_LONG_M2?PUBLICFUNCTION                  -----    -----      -----    -----      008AH    0002H

?PR?_GET_LONG_L?PUBLICFUNCTION                   -----    -----      0055H    0004H      008AH    0002H

?PR?FLOW_TO_VALVE_PUBLICMODE?PUBLICFU...         -----    -----      0055H    0002H      0082H    0006H
  +--> ?PR?_GET_HLVALUE?PUBLICFUNCTION
  +--> ?CO?PACKET

?PR?PRIVATEMODE_START?PRIVATEMODE                -----    -----      -----    -----      0082H    0008H
  +--> ?PR?_IAPERASE?EEPROM
  +--> ?PR?_IAPPROGRAM?EEPROM
  +--> ?PR?GPRS_SENDHEARTPACKET?GPRS
BL51 BANKED LINKER/LOCATER V6.22.2.0                                                  09/19/2018  10:14:33  PAGE 8


  +--> ?PR?_IAPREAD?EEPROM
  +--> ?PR?_GPRS_SENDDATA?GPRS
  +--> ?PR?_VALVE_SWITCH?PUBLICFUNCTION
  +--> ?PR?FLOW_TO_VALVE_FLOWMODE?PUBLICFUNC...
  +--> ?PR?_GET_LONG_H?PUBLICFUNCTION
  +--> ?PR?_GET_LONG_M1?PUBLICFUNCTION
  +--> ?PR?_GET_LONG_M2?PUBLICFUNCTION
  +--> ?PR?_GET_LONG_L?PUBLICFUNCTION
  +--> ?PR?RECOVERY_PACKETDATA?PUBLICFUNCTION
  +--> ?PR?SYSTEMINIT_PACKETDATA?PUBLICFUNCTION
  +--> ?CO?PRIVATEMODE
  +--> ?PR?_RECV_RETURN?GPRS
  +--> ?PR?_RECV_RETURN_SPECIAL?GPRS
  +--> ?PR?GPRS_CONNECTCLOSE?GPRS
  +--> ?PR?_GPRS_CONNECTCREAT?GPRS
  +--> ?PR?_CLEAR_BUF?USART

?PR?FLOW_TO_VALVE_FLOWMODE?PUBLICFUNC...         -----    -----      0053H    0002H      008AH    0006H
  +--> ?PR?_GET_HLVALUE?PUBLICFUNCTION
  +--> ?CO?PACKET



SYMBOL TABLE OF MODULE:  .\Objects\WaterProject (PRIVATEMODE)

  VALUE           TYPE          NAME
  ----------------------------------

  -------         MODULE        PRIVATEMODE
  C:0000H         SYMBOL        _ICE_DUMMY_
  D:0080H         PUBLIC        P0
  D:0090H         PUBLIC        P1
  D:00A0H         PUBLIC        P2
  D:00B0H         PUBLIC        P3
  D:00C0H         PUBLIC        P4
  D:00C8H         PUBLIC        P5
  D:00E8H         PUBLIC        P6
  D:00F8H         PUBLIC        P7
  D:00A8H         PUBLIC        IE
  D:00B8H         PUBLIC        IP
  D:00D8H         PUBLIC        CCON
  D:0098H         PUBLIC        SCON
  D:0088H         PUBLIC        TCON
  D:008EH         PUBLIC        AUXR
  C:00A6H         PUBLIC        PrivateMode_Start
  D:00D0H         PUBLIC        PSW
  -------         PROC          PRIVATEMODE_START
  -------         DO            
  X:0082H         SYMBOL        ValveCountDown_New
  X:0086H         SYMBOL        ValveCountDown_Old
  -------         ENDDO         
  C:00A6H         LINE#         16
  C:00A6H         LINE#         17
  C:00A6H         LINE#         20
  C:00A9H         LINE#         21
  C:00B0H         LINE#         22
  C:00B9H         LINE#         23
BL51 BANKED LINKER/LOCATER V6.22.2.0                                                  09/19/2018  10:14:33  PAGE 9


  C:00BEH         LINE#         24
  C:00C2H         LINE#         26
  C:00C2H         LINE#         27
  C:00C2H         LINE#         29
  C:00CAH         LINE#         30
  C:00CAH         LINE#         31
  C:00CDH         LINE#         32
  C:00D2H         LINE#         33
  C:00D7H         LINE#         34
  C:00D7H         LINE#         35
  C:00E9H         LINE#         36
  C:00E9H         LINE#         38
  C:00F1H         LINE#         39
  C:00F1H         LINE#         40
  C:00F1H         LINE#         41
  C:00F1H         LINE#         42
  C:00F1H         LINE#         43
  C:00F4H         LINE#         45
  C:00F4H         LINE#         46
  C:00FFH         LINE#         47
  C:00FFH         LINE#         48
  C:010EH         LINE#         49
  C:010EH         LINE#         50
  C:0111H         LINE#         52
  C:0111H         LINE#         53
  C:0119H         LINE#         54
  C:0119H         LINE#         55
  C:0128H         LINE#         56
  C:012BH         LINE#         57
  C:0133H         LINE#         58
  C:0133H         LINE#         59
  C:0138H         LINE#         60
  C:013EH         LINE#         61
  C:0145H         LINE#         62
  C:014EH         LINE#         63
  C:0154H         LINE#         64
  C:0154H         LINE#         65
  C:0157H         LINE#         66
  C:0162H         LINE#         67
  C:0162H         LINE#         68
  C:0174H         LINE#         69
  C:0174H         LINE#         70
  C:017BH         LINE#         71
  C:0181H         LINE#         72
  C:0187H         LINE#         73
  C:0189H         LINE#         74
  C:018BH         LINE#         75
  C:019EH         LINE#         76
  C:019EH         LINE#         77
  C:01A3H         LINE#         78
  C:01A9H         LINE#         79
  C:01AFH         LINE#         80
  C:01B1H         LINE#         81
  C:01B3H         LINE#         82
  C:01C6H         LINE#         83
  C:01C6H         LINE#         84
  C:01CCH         LINE#         85
BL51 BANKED LINKER/LOCATER V6.22.2.0                                                  09/19/2018  10:14:33  PAGE 10


  C:01D2H         LINE#         86
  C:01D9H         LINE#         87
  C:01E2H         LINE#         88
  C:01E2H         LINE#         89
  C:01EBH         LINE#         90
  C:01EBH         LINE#         91
  C:01EEH         LINE#         92
  C:01F9H         LINE#         93
  C:01F9H         LINE#         94
  C:0202H         LINE#         95
  C:0210H         LINE#         96
  C:0238H         LINE#         97
  C:0244H         LINE#         98
  C:0251H         LINE#         99
  C:025EH         LINE#         100
  C:026BH         LINE#         101
  C:0272H         LINE#         102
  C:027BH         LINE#         103
  C:0284H         LINE#         104
  C:028DH         LINE#         105
  C:0296H         LINE#         107
  C:02A9H         LINE#         108
  C:02A9H         LINE#         109
  C:02B0H         LINE#         110
  C:02B6H         LINE#         111
  C:02BCH         LINE#         112
  C:02BEH         LINE#         113
  C:02C0H         LINE#         114
  C:02D3H         LINE#         115
  C:02D3H         LINE#         116
  C:02D8H         LINE#         117
  C:02DEH         LINE#         118
  C:02E4H         LINE#         119
  C:02E6H         LINE#         120
  C:02E8H         LINE#         121
  C:02FBH         LINE#         122
  C:02FBH         LINE#         123
  C:0301H         LINE#         124
  C:0307H         LINE#         125
  C:030EH         LINE#         126
  C:0317H         LINE#         127
  C:0317H         LINE#         129
  C:0323H         LINE#         130
  C:0328H         LINE#         131
  C:032CH         LINE#         132
  C:032CH         LINE#         133
  C:032EH         LINE#         134
  C:0336H         LINE#         135
  C:0336H         LINE#         136
  C:0342H         LINE#         137
  C:034FH         LINE#         138
  C:0359H         LINE#         139
  C:035EH         LINE#         141
  C:0361H         LINE#         142
  C:0369H         LINE#         143
  C:0369H         LINE#         144
  C:036EH         LINE#         145
BL51 BANKED LINKER/LOCATER V6.22.2.0                                                  09/19/2018  10:14:33  PAGE 11


  C:0371H         LINE#         146
  C:0380H         LINE#         147
  C:0386H         LINE#         149
  C:0386H         LINE#         150
  C:038EH         LINE#         151
  C:038EH         LINE#         152
  C:0393H         LINE#         153
  C:0396H         LINE#         154
  C:03A5H         LINE#         155
  C:03ACH         LINE#         157
  C:03ACH         LINE#         158
  C:03B7H         LINE#         159
  C:03B7H         LINE#         161
  C:03BFH         LINE#         162
  C:03BFH         LINE#         163
  C:03C4H         LINE#         164
  C:03CAH         LINE#         165
  C:03D1H         LINE#         166
  C:03DAH         LINE#         167
  C:03E6H         LINE#         168
  C:03EBH         LINE#         169
  C:03EFH         LINE#         170
  C:03F2H         LINE#         171
  C:03FBH         LINE#         172
  C:03FBH         LINE#         173
  C:040DH         LINE#         174
  C:040DH         LINE#         175
  C:0414H         LINE#         176
  C:041AH         LINE#         177
  C:0420H         LINE#         178
  C:0422H         LINE#         179
  C:0424H         LINE#         180
  C:0437H         LINE#         181
  C:0437H         LINE#         182
  C:043CH         LINE#         183
  C:0442H         LINE#         184
  C:0448H         LINE#         185
  C:044AH         LINE#         186
  C:044CH         LINE#         187
  C:045FH         LINE#         188
  C:045FH         LINE#         189
  C:0465H         LINE#         190
  C:046BH         LINE#         191
  C:0472H         LINE#         192
  C:047BH         LINE#         193
  C:047BH         LINE#         194
  C:0487H         LINE#         195
  C:048CH         LINE#         196
  C:0491H         LINE#         197
  C:0491H         LINE#         198
  C:0491H         LINE#         199
  C:049CH         LINE#         200
  C:049CH         LINE#         201
  C:04AEH         LINE#         202
  C:04AEH         LINE#         203
  C:04B5H         LINE#         204
  C:04BBH         LINE#         205
BL51 BANKED LINKER/LOCATER V6.22.2.0                                                  09/19/2018  10:14:33  PAGE 12


  C:04C1H         LINE#         206
  C:04C3H         LINE#         207
  C:04C5H         LINE#         208
  C:04D8H         LINE#         209
  C:04D8H         LINE#         210
  C:04DDH         LINE#         211
  C:04E3H         LINE#         212
  C:04E9H         LINE#         213
  C:04EBH         LINE#         214
  C:04EDH         LINE#         215
  C:0500H         LINE#         216
  C:0500H         LINE#         217
  C:0506H         LINE#         218
  C:050CH         LINE#         219
  C:0513H         LINE#         220
  C:051CH         LINE#         221
  C:051CH         LINE#         222
  C:0521H         LINE#         223
  C:0521H         LINE#         224
  C:052CH         LINE#         225
  C:052CH         LINE#         226
  C:053EH         LINE#         227
  C:053EH         LINE#         228
  C:0545H         LINE#         229
  C:054BH         LINE#         230
  C:0551H         LINE#         231
  C:0553H         LINE#         232
  C:0555H         LINE#         233
  C:0568H         LINE#         234
  C:0568H         LINE#         235
  C:056DH         LINE#         236
  C:0573H         LINE#         237
  C:0579H         LINE#         238
  C:057BH         LINE#         239
  C:057DH         LINE#         240
  C:0590H         LINE#         241
  C:0590H         LINE#         242
  C:0596H         LINE#         243
  C:059CH         LINE#         244
  C:05A3H         LINE#         245
  C:05ACH         LINE#         246
  C:05ACH         LINE#         247
  C:05B9H         LINE#         248
  C:05C6H         LINE#         249
  C:05D3H         LINE#         250
  C:05E0H         LINE#         252
  C:05E7H         LINE#         253
  C:05F0H         LINE#         254
  C:05F9H         LINE#         255
  C:0602H         LINE#         256
  C:060BH         LINE#         258
  C:0618H         LINE#         259
  C:0625H         LINE#         260
  C:0632H         LINE#         261
  C:063FH         LINE#         263
  C:0646H         LINE#         264
  C:064FH         LINE#         265
BL51 BANKED LINKER/LOCATER V6.22.2.0                                                  09/19/2018  10:14:33  PAGE 13


  C:0658H         LINE#         266
  C:0661H         LINE#         267
  C:066AH         LINE#         269
  C:0679H         LINE#         270
  C:067EH         LINE#         271
  C:067EH         LINE#         272
  C:067EH         LINE#         273
  C:06AEH         LINE#         274
  C:06AEH         LINE#         275
  C:06AEH         LINE#         276
  C:06AEH         LINE#         277
  C:06AEH         LINE#         278
  C:06AEH         LINE#         279
  C:06AEH         LINE#         280
  C:06B0H         LINE#         282
  C:06B0H         LINE#         283
  C:06E3H         LINE#         284
  C:06E3H         LINE#         285
  C:06E6H         LINE#         286
  C:06F8H         LINE#         287
  C:06FEH         LINE#         288
  C:0704H         LINE#         289
  C:070DH         LINE#         290
  C:0716H         LINE#         292
  C:0716H         LINE#         293
  C:0716H         LINE#         294
  -------         ENDPROC       PRIVATEMODE_START
  -------         ENDMOD        PRIVATEMODE

  -------         MODULE        PUBLICFUNCTION
  C:0000H         SYMBOL        _ICE_DUMMY_
  D:0080H         PUBLIC        P0
  D:0090H         PUBLIC        P1
  D:00A0H         PUBLIC        P2
  D:00B0H         PUBLIC        P3
  D:00C0H         PUBLIC        P4
  C:26EDH         PUBLIC        _Get_HMLvalue
  D:00C8H         PUBLIC        P5
  D:00E8H         PUBLIC        P6
  D:00F8H         PUBLIC        P7
  C:2911H         PUBLIC        Flow_to_Valve_PublicMode
  C:1F69H         PUBLIC        Recovery_PacketData
  D:00A8H         PUBLIC        IE
  D:00B8H         PUBLIC        IP
  D:00D8H         PUBLIC        CCON
  D:0098H         PUBLIC        SCON
  D:0088H         PUBLIC        TCON
  C:2D3CH         PUBLIC        _Get_HLvalue
  C:2E80H         PUBLIC        _Get_Long_H
  C:2215H         PUBLIC        Valve_to_Flow
  C:2DF5H         PUBLIC        _Get_Long_L
  C:289DH         PUBLIC        Flow_to_Valve_FlowMode
  C:29F9H         PUBLIC        _Char_to_Int
  C:2DDCH         PUBLIC        _Valve_Switch
  C:2644H         PUBLIC        SystemInit_PacketData
  C:1BEBH         PUBLIC        _Get_Check
  C:2DC7H         PUBLIC        _Get_Hvalue
BL51 BANKED LINKER/LOCATER V6.22.2.0                                                  09/19/2018  10:14:33  PAGE 14


  C:0013H         PUBLIC        _Get_Lvalue
  C:2E95H         PUBLIC        _Get_Long_M1
  C:2EAAH         PUBLIC        _Get_Long_M2
  C:2143H         PUBLIC        _Hex_to_Int
  D:00D0H         PUBLIC        PSW
  -------         PROC          _VALVE_SWITCH
  D:0055H         SYMBOL        Switch
  C:2DDCH         LINE#         18
  C:2DE0H         LINE#         19
  C:2DE0H         LINE#         20
  C:2DE8H         LINE#         21
  C:2DE8H         LINE#         22
  C:2DEBH         LINE#         23
  C:2DEBH         LINE#         24
  C:2DF1H         LINE#         25
  C:2DF1H         LINE#         26
  C:2DF4H         LINE#         27
  C:2DF4H         LINE#         28
  -------         ENDPROC       _VALVE_SWITCH
  C:2DC2H         SYMBOL        L?0054
  -------         PROC          L?0053
  -------         ENDPROC       L?0053
  C:2DC2H         SYMBOL        L?0054
  -------         PROC          _GET_HVALUE
  D:0006H         SYMBOL        Check
  -------         DO            
  X:0094H         SYMBOL        Hvalue
  -------         ENDDO         
  C:2DC7H         LINE#         30
  C:2DC7H         LINE#         31
  C:2DC7H         LINE#         32
  C:2DCEH         LINE#         33
  C:2DDBH         LINE#         34
  C:2DDBH         LINE#         35
  -------         ENDPROC       _GET_HVALUE
  C:000EH         SYMBOL        L?0051
  -------         PROC          L?0050
  -------         ENDPROC       L?0050
  C:000EH         SYMBOL        L?0051
  -------         PROC          _GET_LVALUE
  D:0006H         SYMBOL        Check
  -------         DO            
  X:0094H         SYMBOL        Lvalue
  -------         ENDDO         
  C:0013H         LINE#         37
  C:0013H         LINE#         38
  C:0013H         LINE#         39
  C:001AH         LINE#         40
  C:0022H         LINE#         41
  C:0022H         LINE#         42
  -------         ENDPROC       _GET_LVALUE
  -------         PROC          _GET_LONG_H
  D:0004H         SYMBOL        Check
  -------         DO            
  X:008AH         SYMBOL        Hvalue
  -------         ENDDO         
  C:2E80H         LINE#         44
BL51 BANKED LINKER/LOCATER V6.22.2.0                                                  09/19/2018  10:14:33  PAGE 15


  C:2E80H         LINE#         45
  C:2E80H         LINE#         46
  C:2E87H         LINE#         47
  C:2E94H         LINE#         48
  C:2E94H         LINE#         49
  -------         ENDPROC       _GET_LONG_H
  -------         PROC          _GET_LONG_M1
  D:0004H         SYMBOL        Check
  -------         DO            
  X:008AH         SYMBOL        Lvalue
  -------         ENDDO         
  C:2E95H         LINE#         51
  C:2E95H         LINE#         52
  C:2E95H         LINE#         53
  C:2E9CH         LINE#         54
  C:2EA9H         LINE#         55
  C:2EA9H         LINE#         56
  -------         ENDPROC       _GET_LONG_M1
  -------         PROC          _GET_LONG_M2
  D:0004H         SYMBOL        Check
  -------         DO            
  X:008AH         SYMBOL        Hvalue
  -------         ENDDO         
  C:2EAAH         LINE#         57
  C:2EAAH         LINE#         58
  C:2EAAH         LINE#         59
  C:2EB1H         LINE#         60
  C:2EBEH         LINE#         61
  C:2EBEH         LINE#         62
  -------         ENDPROC       _GET_LONG_M2
  -------         PROC          _GET_LONG_L
  D:0055H         SYMBOL        Check
  -------         DO            
  X:008AH         SYMBOL        Lvalue
  -------         ENDDO         
  C:2DF5H         LINE#         64
  C:2DFDH         LINE#         65
  C:2DFDH         LINE#         66
  C:2E04H         LINE#         67
  C:2E0DH         LINE#         68
  C:2E0DH         LINE#         69
  -------         ENDPROC       _GET_LONG_L
  -------         PROC          L?0052
  -------         ENDPROC       L?0052
  -------         PROC          _GET_HLVALUE
  D:0007H         SYMBOL        Hvalue
  D:0005H         SYMBOL        Lvalue
  -------         DO            
  X:0090H         SYMBOL        HLvalue
  -------         ENDDO         
  C:2D3CH         LINE#         71
  C:2D3CH         LINE#         72
  C:2D3CH         LINE#         73
  C:2D43H         LINE#         74
  C:2D54H         LINE#         75
  C:2D54H         LINE#         76
  -------         ENDPROC       _GET_HLVALUE
BL51 BANKED LINKER/LOCATER V6.22.2.0                                                  09/19/2018  10:14:33  PAGE 16


  -------         PROC          _GET_HMLVALUE
  D:0053H         SYMBOL        Hvalue
  D:0055H         SYMBOL        M1value
  D:0057H         SYMBOL        M2value
  D:0059H         SYMBOL        Lvalue
  -------         DO            
  X:0082H         SYMBOL        HMLvalue
  -------         ENDDO         
  C:26EDH         LINE#         78
  C:26F9H         LINE#         79
  C:26F9H         LINE#         80
  C:2703H         LINE#         81
  C:2780H         LINE#         82
  C:278EH         LINE#         83
  -------         ENDPROC       _GET_HMLVALUE
  -------         PROC          _GET_CHECK
  D:0001H         SYMBOL        HCheck
  D:005FH         SYMBOL        LCheck
  -------         DO            
  X:008EH         SYMBOL        Check
  -------         ENDDO         
  C:1BEBH         LINE#         85
  C:1BEBH         LINE#         86
  C:1BEBH         LINE#         88
  C:1D22H         LINE#         89
  C:1D2BH         LINE#         90
  -------         ENDPROC       _GET_CHECK
  -------         PROC          _CHAR_TO_INT
  D:006EH         SYMBOL        ch
  C:29F9H         LINE#         93
  C:29FBH         LINE#         94
  C:29FBH         LINE#         95
  C:2A00H         LINE#         96
  C:2A10H         LINE#         97
  C:2A42H         LINE#         98
  C:2A44H         LINE#         99
  C:2A4BH         LINE#         100
  C:2A62H         LINE#         102
  C:2A66H         LINE#         103
  -------         ENDPROC       _CHAR_TO_INT
  -------         PROC          _HEX_TO_INT
  D:006BH         SYMBOL        hex
  -------         DO            
  X:0082H         SYMBOL        len
  X:0084H         SYMBOL        num
  X:0086H         SYMBOL        temp
  X:0088H         SYMBOL        bits
  X:008AH         SYMBOL        i
  -------         ENDDO         
  C:2143H         LINE#         105
  C:2149H         LINE#         106
  C:2149H         LINE#         108
  C:2150H         LINE#         112
  C:215BH         LINE#         114
  C:2183H         LINE#         115
  C:2183H         LINE#         116
  C:21A0H         LINE#         117
BL51 BANKED LINKER/LOCATER V6.22.2.0                                                  09/19/2018  10:14:33  PAGE 17


  C:21CEH         LINE#         118
  C:21EAH         LINE#         119
  C:21F4H         LINE#         120
  C:220CH         LINE#         121
  C:2214H         LINE#         122
  -------         ENDPROC       _HEX_TO_INT
  -------         PROC          FLOW_TO_VALVE_FLOWMODE
  -------         DO            
  X:008AH         SYMBOL        HL
  X:008CH         SYMBOL        HLC
  D:0053H         SYMBOL        i
  -------         ENDDO         
  C:289DH         LINE#         124
  C:289DH         LINE#         125
  C:289DH         LINE#         126
  C:28A4H         LINE#         127
  C:28ACH         LINE#         129
  C:28B7H         LINE#         130
  C:28CBH         LINE#         131
  C:28CBH         LINE#         132
  C:28F8H         LINE#         133
  C:2902H         LINE#         134
  C:2910H         LINE#         135
  -------         ENDPROC       FLOW_TO_VALVE_FLOWMODE
  -------         PROC          FLOW_TO_VALVE_PUBLICMODE
  -------         DO            
  X:0082H         SYMBOL        HL
  X:0084H         SYMBOL        HLC
  D:0055H         SYMBOL        i
  -------         ENDDO         
  C:2911H         LINE#         137
  C:2911H         LINE#         138
  C:2911H         LINE#         139
  C:2918H         LINE#         140
  C:2920H         LINE#         142
  C:292BH         LINE#         143
  C:293FH         LINE#         144
  C:293FH         LINE#         145
  C:296CH         LINE#         146
  C:2976H         LINE#         147
  C:2984H         LINE#         148
  -------         ENDPROC       FLOW_TO_VALVE_PUBLICMODE
  -------         PROC          VALVE_TO_FLOW
  -------         DO            
  X:008EH         SYMBOL        UseFlow
  X:0090H         SYMBOL        SurplusFlow
  X:0092H         SYMBOL        UsedFlow
  -------         ENDDO         
  C:2215H         LINE#         150
  C:2215H         LINE#         151
  C:2215H         LINE#         155
  C:2237H         LINE#         156
  C:223FH         LINE#         157
  C:2244H         LINE#         158
  C:224CH         LINE#         159
  C:226DH         LINE#         160
  C:228FH         LINE#         161
BL51 BANKED LINKER/LOCATER V6.22.2.0                                                  09/19/2018  10:14:33  PAGE 18


  C:229AH         LINE#         162
  C:22A5H         LINE#         163
  C:22B0H         LINE#         164
  C:22BBH         LINE#         165
  C:22C6H         LINE#         166
  C:22D1H         LINE#         167
  -------         ENDPROC       VALVE_TO_FLOW
  -------         PROC          RECOVERY_PACKETDATA
  C:1F69H         LINE#         169
  C:1F69H         LINE#         170
  C:1F69H         LINE#         171
  C:1F70H         LINE#         172
  C:1F78H         LINE#         173
  C:1F80H         LINE#         174
  C:1F88H         LINE#         175
  C:1F90H         LINE#         177
  C:1F97H         LINE#         178
  C:1FA0H         LINE#         179
  C:1FA6H         LINE#         181
  C:1FABH         LINE#         183
  C:1FB2H         LINE#         184
  C:1FBBH         LINE#         185
  C:1FC0H         LINE#         187
  C:1FC4H         LINE#         188
  C:1FC8H         LINE#         189
  C:1FCCH         LINE#         190
  C:1FD0H         LINE#         191
  C:1FD4H         LINE#         192
  C:1FD8H         LINE#         194
  C:1FDCH         LINE#         195
  C:1FE0H         LINE#         197
  C:1FE4H         LINE#         198
  C:1FE8H         LINE#         200
  C:1FECH         LINE#         201
  C:1FF0H         LINE#         203
  C:1FF4H         LINE#         204
  C:1FF8H         LINE#         206
  C:1FFCH         LINE#         207
  C:2000H         LINE#         209
  C:2007H         LINE#         210
  C:2010H         LINE#         211
  C:2019H         LINE#         212
  C:2022H         LINE#         213
  C:202BH         LINE#         215
  C:2032H         LINE#         216
  C:203BH         LINE#         217
  C:2044H         LINE#         218
  C:204DH         LINE#         219
  -------         ENDPROC       RECOVERY_PACKETDATA
  -------         PROC          SYSTEMINIT_PACKETDATA
  C:2644H         LINE#         222
  C:2644H         LINE#         223
  C:2644H         LINE#         224
  C:2649H         LINE#         225
  C:2650H         LINE#         226
  C:265CH         LINE#         227
  C:2663H         LINE#         228
BL51 BANKED LINKER/LOCATER V6.22.2.0                                                  09/19/2018  10:14:33  PAGE 19


  C:266FH         LINE#         230
  C:2692H         LINE#         231
  C:269BH         LINE#         232
  C:26A8H         LINE#         233
  C:26B5H         LINE#         234
  C:26C2H         LINE#         236
  C:26C9H         LINE#         237
  C:26D2H         LINE#         238
  C:26DBH         LINE#         239
  C:26E4H         LINE#         240
  -------         ENDPROC       SYSTEMINIT_PACKETDATA
  -------         ENDMOD        PUBLICFUNCTION

  -------         MODULE        PUBLICMODE
  C:0000H         SYMBOL        _ICE_DUMMY_
  D:0080H         PUBLIC        P0
  D:0090H         PUBLIC        P1
  D:00A0H         PUBLIC        P2
  D:00B0H         PUBLIC        P3
  D:00C0H         PUBLIC        P4
  D:00C8H         PUBLIC        P5
  D:00E8H         PUBLIC        P6
  D:00F8H         PUBLIC        P7
  D:00A8H         PUBLIC        IE
  D:00B8H         PUBLIC        IP
  D:00D8H         PUBLIC        CCON
  D:0098H         PUBLIC        SCON
  D:0088H         PUBLIC        TCON
  D:008EH         PUBLIC        AUXR
  C:0C2BH         PUBLIC        PublicMode_Start
  D:00D1H         PUBLIC        T4T3M
  D:00D0H         PUBLIC        PSW
  -------         PROC          PUBLICMODE_START
  -------         DO            
  D:0053H         SYMBOL        ValveFlag
  C:0E9EH         SYMBOL        STOPWATER
  -------         ENDDO         
  C:0C2BH         LINE#         16
  C:0C2BH         LINE#         17
  C:0C2BH         LINE#         18
  C:0C30H         LINE#         19
  C:0C35H         LINE#         20
  C:0C3CH         LINE#         21
  C:0C45H         LINE#         22
  C:0C48H         LINE#         23
  C:0C4BH         LINE#         25
  C:0C4BH         LINE#         26
  C:0C4BH         LINE#         28
  C:0C53H         LINE#         29
  C:0C53H         LINE#         30
  C:0C56H         LINE#         31
  C:0C5BH         LINE#         32
  C:0C60H         LINE#         33
  C:0C60H         LINE#         34
  C:0C72H         LINE#         35
  C:0C72H         LINE#         36
  C:0C7AH         LINE#         37
BL51 BANKED LINKER/LOCATER V6.22.2.0                                                  09/19/2018  10:14:33  PAGE 20


  C:0C7AH         LINE#         38
  C:0C7AH         LINE#         39
  C:0C7AH         LINE#         40
  C:0C7AH         LINE#         41
  C:0C7DH         LINE#         43
  C:0C7DH         LINE#         44
  C:0C88H         LINE#         45
  C:0C88H         LINE#         46
  C:0C88H         LINE#         47
  C:0C88H         LINE#         48
  C:0C8AH         LINE#         50
  C:0C8AH         LINE#         51
  C:0C92H         LINE#         52
  C:0C92H         LINE#         53
  C:0CA1H         LINE#         54
  C:0CA4H         LINE#         55
  C:0CACH         LINE#         56
  C:0CACH         LINE#         57
  C:0CB1H         LINE#         58
  C:0CB7H         LINE#         59
  C:0CBEH         LINE#         60
  C:0CC7H         LINE#         61
  C:0CCDH         LINE#         62
  C:0CCDH         LINE#         63
  C:0CD0H         LINE#         64
  C:0CD8H         LINE#         65
  C:0CD8H         LINE#         66
  C:0CDDH         LINE#         67
  C:0CE3H         LINE#         68
  C:0CE9H         LINE#         69
  C:0CF2H         LINE#         70
  C:0CF8H         LINE#         71
  C:0CF8H         LINE#         72
  C:0CFBH         LINE#         73
  C:0D03H         LINE#         74
  C:0D03H         LINE#         75
  C:0D08H         LINE#         76
  C:0D0BH         LINE#         77
  C:0D1AH         LINE#         78
  C:0D21H         LINE#         80
  C:0D21H         LINE#         81
  C:0D29H         LINE#         82
  C:0D29H         LINE#         83
  C:0D2EH         LINE#         84
  C:0D31H         LINE#         85
  C:0D3DH         LINE#         86
  C:0D43H         LINE#         88
  C:0D43H         LINE#         89
  C:0D4BH         LINE#         90
  C:0D4BH         LINE#         91
  C:0D57H         LINE#         92
  C:0D64H         LINE#         93
  C:0D6BH         LINE#         94
  C:0D6BH         LINE#         95
  C:0D6EH         LINE#         96
  C:0D76H         LINE#         97
  C:0D76H         LINE#         98
BL51 BANKED LINKER/LOCATER V6.22.2.0                                                  09/19/2018  10:14:33  PAGE 21


  C:0D7BH         LINE#         99
  C:0D83H         LINE#         100
  C:0D83H         LINE#         101
  C:0D89H         LINE#         102
  C:0D90H         LINE#         103
  C:0D99H         LINE#         104
  C:0D9EH         LINE#         105
  C:0DA0H         LINE#         106
  C:0DA6H         LINE#         107
  C:0DA6H         LINE#         108
  C:0DABH         LINE#         109
  C:0DB1H         LINE#         110
  C:0DBAH         LINE#         111
  C:0DC0H         LINE#         112
  C:0DC0H         LINE#         113
  C:0DC9H         LINE#         114
  C:0DC9H         LINE#         115
  C:0DCCH         LINE#         116
  C:0DD7H         LINE#         117
  C:0DD7H         LINE#         118
  C:0DDCH         LINE#         119
  C:0DE2H         LINE#         120
  C:0DEBH         LINE#         121
  C:0DF6H         LINE#         123
  C:0DFDH         LINE#         124
  C:0E06H         LINE#         125
  C:0E0FH         LINE#         126
  C:0E14H         LINE#         127
  C:0E18H         LINE#         128
  C:0E1AH         LINE#         129
  C:0E1AH         LINE#         130
  C:0E1AH         LINE#         131
  C:0E22H         LINE#         132
  C:0E22H         LINE#         133
  C:0E27H         LINE#         135
  C:0E30H         LINE#         138
  C:0E32H         LINE#         139
  C:0E32H         LINE#         140
  C:0E45H         LINE#         141
  C:0E45H         LINE#         142
  C:0E4BH         LINE#         143
  C:0E51H         LINE#         144
  C:0E5AH         LINE#         149
  C:0E5AH         LINE#         150
  C:0E62H         LINE#         151
  C:0E62H         LINE#         152
  C:0E66H         LINE#         155
  C:0E78H         LINE#         156
  C:0E81H         LINE#         157
  C:0E8AH         LINE#         158
  C:0E92H         LINE#         159
  C:0E92H         LINE#         160
  C:0E96H         LINE#         161
  C:0E98H         LINE#         162
  C:0E98H         LINE#         163
  C:0E9BH         LINE#         165
  C:0E9BH         LINE#         167
BL51 BANKED LINKER/LOCATER V6.22.2.0                                                  09/19/2018  10:14:33  PAGE 22


  C:0E9EH         LINE#         169
  C:0E9EH         LINE#         170
  C:0EA1H         LINE#         171
  C:0EA4H         LINE#         174
  C:0EB1H         LINE#         175
  C:0EBEH         LINE#         176
  C:0ECBH         LINE#         177
  C:0ED8H         LINE#         179
  C:0EDFH         LINE#         180
  C:0EE8H         LINE#         181
  C:0EF1H         LINE#         182
  C:0EFAH         LINE#         183
  C:0F03H         LINE#         186
  C:0F0CH         LINE#         187
  C:0F14H         LINE#         188
  C:0F18H         LINE#         189
  C:0F1CH         LINE#         191
  C:0F1CH         LINE#         192
  C:0F1EH         LINE#         193
  C:0F26H         LINE#         194
  C:0F26H         LINE#         195
  C:0F2FH         LINE#         197
  C:0F34H         LINE#         198
  C:0F34H         LINE#         199
  C:0F34H         LINE#         201
  C:0F64H         LINE#         202
  C:0F64H         LINE#         203
  C:0F64H         LINE#         204
  C:0F64H         LINE#         205
  C:0F64H         LINE#         206
  C:0F64H         LINE#         207
  C:0F64H         LINE#         208
  C:0F64H         LINE#         209
  C:0F64H         LINE#         210
  C:0F64H         LINE#         211
  C:0F66H         LINE#         213
  C:0F66H         LINE#         214
  C:0F99H         LINE#         215
  C:0F99H         LINE#         216
  C:0F9CH         LINE#         217
  C:0FAEH         LINE#         218
  C:0FB5H         LINE#         219
  C:0FBCH         LINE#         220
  C:0FCBH         LINE#         221
  C:0FD1H         LINE#         222
  C:0FD7H         LINE#         223
  C:0FE0H         LINE#         224
  C:0FE9H         LINE#         226
  C:0FE9H         LINE#         227
  C:0FE9H         LINE#         228
  -------         ENDPROC       PUBLICMODE_START
  -------         ENDMOD        PUBLICMODE

  -------         MODULE        GPRS
  C:0000H         SYMBOL        _ICE_DUMMY_
  C:2056H         PUBLIC        GPRS_SendHeartPacket
  C:2A67H         PUBLIC        GPRS_Signal
BL51 BANKED LINKER/LOCATER V6.22.2.0                                                  09/19/2018  10:14:33  PAGE 23


  D:0080H         PUBLIC        P0
  D:0090H         PUBLIC        P1
  D:00A0H         PUBLIC        P2
  D:00B0H         PUBLIC        P3
  D:00C0H         PUBLIC        P4
  D:00C8H         PUBLIC        P5
  D:00E8H         PUBLIC        P6
  D:00F8H         PUBLIC        P7
  D:00A8H         PUBLIC        IE
  C:2445H         PUBLIC        _RECV_Return
  D:00B8H         PUBLIC        IP
  D:00D8H         PUBLIC        CCON
  C:2385H         PUBLIC        GPRS_Mode
  C:12F6H         PUBLIC        _GPRS_SendData
  C:2E3EH         PUBLIC        GPRS_Init
  D:0098H         PUBLIC        SCON
  D:0088H         PUBLIC        TCON
  B:00B0H.5       PUBLIC        P35
  C:24F5H         PUBLIC        _RECV_Return_Special
  C:1F51H         SYMBOL        _?ix1000
  C:1F66H         SYMBOL        _?ix1001
  C:1D4CH         PUBLIC        _GPRS_ConnectCreat
  C:0026H         PUBLIC        GPRS_ConnectClose
  D:00D0H         PUBLIC        PSW
  C:1841H         PUBLIC        GPRS_ICCID
  C:2436H         SYMBOL        L?0095
  -------         PROC          L?0094
  -------         ENDPROC       L?0094
  C:2436H         SYMBOL        L?0095
  -------         PROC          _RECV_RETURN
  D:006BH         SYMBOL        Recv1
  D:006EH         SYMBOL        Recv2
  C:2445H         LINE#         14
  C:244BH         LINE#         15
  C:244BH         LINE#         16
  C:2459H         LINE#         17
  C:2459H         LINE#         18
  C:245DH         LINE#         19
  C:245DH         LINE#         20
  C:2467H         LINE#         21
  C:2467H         LINE#         22
  C:24A3H         LINE#         23
  C:24A5H         LINE#         26
  C:24A5H         LINE#         27
  C:24ABH         LINE#         28
  C:24ABH         LINE#         29
  C:24C2H         LINE#         30
  C:24C4H         LINE#         32
  C:24C6H         LINE#         33
  C:24C6H         LINE#         35
  C:24C6H         LINE#         36
  C:24DDH         LINE#         37
  C:24E2H         LINE#         39
  C:24E5H         LINE#         40
  C:24E5H         LINE#         41
  -------         ENDPROC       _RECV_RETURN
  -------         PROC          L?0096
BL51 BANKED LINKER/LOCATER V6.22.2.0                                                  09/19/2018  10:14:33  PAGE 24


  -------         ENDPROC       L?0096
  -------         PROC          _RECV_RETURN_SPECIAL
  D:005CH         SYMBOL        Recv1
  D:005FH         SYMBOL        Recv2
  C:24F5H         LINE#         43
  C:24FBH         LINE#         44
  C:24FBH         LINE#         45
  C:2509H         LINE#         46
  C:2509H         LINE#         47
  C:250DH         LINE#         48
  C:250DH         LINE#         49
  C:2517H         LINE#         50
  C:2517H         LINE#         51
  C:2553H         LINE#         52
  C:2555H         LINE#         55
  C:2555H         LINE#         56
  C:255BH         LINE#         57
  C:255BH         LINE#         58
  C:2572H         LINE#         59
  C:2574H         LINE#         61
  C:2576H         LINE#         62
  C:2576H         LINE#         64
  C:2576H         LINE#         65
  C:258DH         LINE#         66
  C:2592H         LINE#         68
  C:2595H         LINE#         69
  C:2595H         LINE#         70
  -------         ENDPROC       _RECV_RETURN_SPECIAL
  -------         PROC          GPRS_INIT
  C:2E3EH         LINE#         72
  C:2E3EH         LINE#         73
  C:2E3EH         LINE#         74
  C:2E41H         LINE#         75
  C:2E43H         LINE#         76
  C:2E4AH         LINE#         77
  C:2E51H         LINE#         78
  C:2E53H         LINE#         79
  -------         ENDPROC       GPRS_INIT
  -------         PROC          GPRS_MODE
  C:2385H         LINE#         80
  C:2385H         LINE#         81
  C:2385H         LINE#         82
  C:2385H         LINE#         83
  C:2385H         LINE#         84
  C:2387H         LINE#         85
  C:238EH         LINE#         86
  C:238EH         LINE#         87
  C:2397H         LINE#         88
  C:23A0H         LINE#         89
  C:23A7H         LINE#         91
  C:23A9H         LINE#         95
  C:23BFH         LINE#         96
  C:23BFH         LINE#         97
  C:23C8H         LINE#         98
  C:23D1H         LINE#         99
  C:23D8H         LINE#         100
  C:23DAH         LINE#         104
BL51 BANKED LINKER/LOCATER V6.22.2.0                                                  09/19/2018  10:14:33  PAGE 25


  C:23F0H         LINE#         105
  C:23F0H         LINE#         106
  C:23F9H         LINE#         107
  C:2402H         LINE#         108
  C:2409H         LINE#         109
  C:240BH         LINE#         115
  C:2412H         LINE#         116
  C:2412H         LINE#         117
  C:241BH         LINE#         118
  C:2424H         LINE#         119
  C:242BH         LINE#         120
  C:242DH         LINE#         121
  -------         ENDPROC       GPRS_MODE
  -------         PROC          L?0097
  -------         ENDPROC       L?0097
  -------         PROC          _GPRS_CONNECTCREAT
  D:005CH         SYMBOL        ServerIP
  D:005FH         SYMBOL        ServerPort
  C:1D4CH         LINE#         124
  C:1D52H         LINE#         125
  C:1D52H         LINE#         126
  C:1D5BH         LINE#         127
  C:1D60H         LINE#         128
  C:1D69H         LINE#         129
  C:1D6EH         LINE#         130
  C:1D73H         LINE#         131
  C:1D78H         LINE#         132
  C:1D81H         LINE#         133
  C:1D86H         LINE#         134
  C:1D8BH         LINE#         135
  C:1D90H         LINE#         136
  C:1D99H         LINE#         137
  C:1D9EH         LINE#         138
  C:1DA7H         LINE#         139
  C:1DAEH         LINE#         140
  C:1DAEH         LINE#         141
  C:1DAEH         LINE#         142
  C:1DC6H         LINE#         143
  C:1DC6H         LINE#         144
  C:1DC8H         LINE#         146
  C:1DC8H         LINE#         147
  C:1DE0H         LINE#         148
  C:1DE0H         LINE#         149
  C:1DE9H         LINE#         151
  C:1DE9H         LINE#         152
  C:1E01H         LINE#         153
  C:1E01H         LINE#         154
  C:1E0AH         LINE#         155
  C:1E13H         LINE#         156
  C:1E18H         LINE#         157
  C:1E21H         LINE#         158
  C:1E26H         LINE#         159
  C:1E2BH         LINE#         160
  C:1E30H         LINE#         161
  C:1E39H         LINE#         162
  C:1E3EH         LINE#         163
  C:1E43H         LINE#         164
BL51 BANKED LINKER/LOCATER V6.22.2.0                                                  09/19/2018  10:14:33  PAGE 26


  C:1E48H         LINE#         165
  C:1E51H         LINE#         166
  C:1E56H         LINE#         167
  C:1E5FH         LINE#         171
  C:1E5FH         LINE#         172
  -------         ENDPROC       _GPRS_CONNECTCREAT
  -------         PROC          GPRS_CONNECTCLOSE
  C:0026H         LINE#         176
  C:0026H         LINE#         177
  C:0026H         LINE#         178
  C:0026H         LINE#         179
  C:0026H         LINE#         180
  C:0028H         LINE#         181
  C:003EH         LINE#         182
  C:003EH         LINE#         183
  C:0047H         LINE#         184
  C:0050H         LINE#         185
  C:0057H         LINE#         186
  C:0059H         LINE#         187
  -------         ENDPROC       GPRS_CONNECTCLOSE
  -------         PROC          L?0098
  -------         ENDPROC       L?0098
  -------         PROC          _GPRS_SENDDATA
  D:0057H         SYMBOL        Command
  D:0058H         SYMBOL        Mode
  D:0059H         SYMBOL        Status
  -------         DO            
  D:005AH         SYMBOL        Send_Num
  X:008AH         SYMBOL        HCheck
  X:008CH         SYMBOL        LCheck
  C:1380H         SYMBOL        SENDFLAG
  -------         ENDDO         
  C:12F6H         LINE#         190
  C:12FCH         LINE#         191
  C:12FCH         LINE#         192
  C:1301H         LINE#         195
  C:130AH         LINE#         196
  C:130FH         LINE#         197
  C:1312H         LINE#         198
  C:131BH         LINE#         200
  C:131BH         LINE#         201
  C:131BH         LINE#         202
  C:1333H         LINE#         203
  C:1333H         LINE#         204
  C:1333H         LINE#         205
  C:1333H         LINE#         206
  C:1354H         LINE#         207
  C:1354H         LINE#         208
  C:1357H         LINE#         209
  C:135AH         LINE#         210
  C:1361H         LINE#         211
  C:1368H         LINE#         212
  C:136BH         LINE#         213
  C:1374H         LINE#         214
  C:137DH         LINE#         215
  C:137DH         LINE#         219
  C:1380H         LINE#         220
BL51 BANKED LINKER/LOCATER V6.22.2.0                                                  09/19/2018  10:14:33  PAGE 27


  C:1380H         LINE#         221
  C:1389H         LINE#         222
  C:1392H         LINE#         223
  C:139EH         LINE#         224
  C:13AAH         LINE#         225
  C:13B6H         LINE#         226
  C:13C2H         LINE#         227
  C:13C8H         LINE#         228
  C:13CEH         LINE#         229
  C:13D4H         LINE#         230
  C:13D7H         LINE#         231
  C:13E3H         LINE#         232
  C:13EFH         LINE#         233
  C:13FBH         LINE#         234
  C:1407H         LINE#         235
  C:1413H         LINE#         236
  C:141FH         LINE#         237
  C:142BH         LINE#         238
  C:1437H         LINE#         239
  C:1443H         LINE#         240
  C:144FH         LINE#         241
  C:1461H         LINE#         242
  C:146AH         LINE#         243
  C:1473H         LINE#         244
  C:147BH         LINE#         245
  C:1483H         LINE#         246
  C:148BH         LINE#         247
  C:1493H         LINE#         248
  C:149BH         LINE#         249
  C:14A3H         LINE#         250
  C:14ABH         LINE#         251
  C:14B3H         LINE#         252
  C:14BBH         LINE#         253
  C:14C3H         LINE#         254
  C:14CBH         LINE#         255
  C:14D3H         LINE#         256
  C:14DBH         LINE#         257
  C:14E3H         LINE#         258
  C:14EBH         LINE#         259
  C:14F3H         LINE#         260
  C:14FBH         LINE#         261
  C:1503H         LINE#         262
  C:150BH         LINE#         263
  C:1513H         LINE#         264
  C:151BH         LINE#         265
  C:1523H         LINE#         266
  C:152BH         LINE#         267
  C:1533H         LINE#         268
  C:153BH         LINE#         269
  C:1543H         LINE#         270
  C:154BH         LINE#         271
  C:1553H         LINE#         272
  C:155BH         LINE#         273
  C:1563H         LINE#         274
  C:156BH         LINE#         275
  C:1573H         LINE#         276
  C:157BH         LINE#         277
BL51 BANKED LINKER/LOCATER V6.22.2.0                                                  09/19/2018  10:14:33  PAGE 28


  C:1583H         LINE#         278
  C:158BH         LINE#         279
  C:1593H         LINE#         280
  C:1598H         LINE#         282
  C:1598H         LINE#         283
  C:1598H         LINE#         284
  C:15A1H         LINE#         285
  C:15A1H         LINE#         286
  C:15A6H         LINE#         288
  C:15A6H         LINE#         289
  C:15A6H         LINE#         290
  -------         ENDPROC       _GPRS_SENDDATA
  -------         PROC          GPRS_SENDHEARTPACKET
  -------         DO            
  D:0055H         SYMBOL        Send_Num
  C:210BH         SYMBOL        SENDHEARTFLAG
  -------         ENDDO         
  C:2056H         LINE#         291
  C:2056H         LINE#         292
  C:2056H         LINE#         293
  C:205BH         LINE#         294
  C:2064H         LINE#         295
  C:2069H         LINE#         296
  C:2074H         LINE#         297
  C:2080H         LINE#         298
  C:208CH         LINE#         299
  C:2098H         LINE#         300
  C:20A1H         LINE#         302
  C:20A1H         LINE#         303
  C:20A1H         LINE#         304
  C:20B9H         LINE#         305
  C:20B9H         LINE#         306
  C:20B9H         LINE#         307
  C:20B9H         LINE#         308
  C:20DAH         LINE#         309
  C:20DAH         LINE#         310
  C:20DDH         LINE#         311
  C:20E0H         LINE#         312
  C:20E7H         LINE#         313
  C:20EEH         LINE#         314
  C:20F1H         LINE#         315
  C:20F6H         LINE#         316
  C:20FFH         LINE#         317
  C:2108H         LINE#         318
  C:2108H         LINE#         319
  C:210BH         LINE#         320
  C:210BH         LINE#         321
  C:2114H         LINE#         322
  C:211CH         LINE#         323
  C:2124H         LINE#         324
  C:212CH         LINE#         325
  C:2134H         LINE#         327
  C:2134H         LINE#         328
  C:2134H         LINE#         329
  C:213DH         LINE#         330
  C:213DH         LINE#         331
  C:2142H         LINE#         333
BL51 BANKED LINKER/LOCATER V6.22.2.0                                                  09/19/2018  10:14:33  PAGE 29


  C:2142H         LINE#         334
  C:2142H         LINE#         335
  -------         ENDPROC       GPRS_SENDHEARTPACKET
  -------         PROC          GPRS_SIGNAL
  -------         DO            
  D:005CH         SYMBOL        Signal
  -------         ENDDO         
  C:2A67H         LINE#         337
  C:2A67H         LINE#         338
  C:2A67H         LINE#         340
  C:2A67H         LINE#         341
  C:2A67H         LINE#         342
  C:2A69H         LINE#         344
  C:2A7FH         LINE#         345
  C:2A7FH         LINE#         346
  C:2A88H         LINE#         347
  C:2A91H         LINE#         348
  C:2A98H         LINE#         350
  C:2A9AH         LINE#         351
  C:2AC2H         LINE#         352
  C:2AC9H         LINE#         353
  -------         ENDPROC       GPRS_SIGNAL
  -------         PROC          GPRS_ICCID
  -------         DO            
  D:0053H         SYMBOL        Signal
  D:0068H         SYMBOL        Temp
  -------         ENDDO         
  C:1841H         LINE#         356
  C:1841H         LINE#         357
  C:1841H         LINE#         358
  C:1854H         LINE#         359
  C:1867H         LINE#         360
  C:1867H         LINE#         361
  C:1867H         LINE#         362
  C:1869H         LINE#         363
  C:187FH         LINE#         364
  C:187FH         LINE#         365
  C:1888H         LINE#         366
  C:1891H         LINE#         367
  C:1898H         LINE#         368
  C:189AH         LINE#         369
  C:18C0H         LINE#         370
  C:18D8H         LINE#         371
  C:18E6H         LINE#         372
  C:18EDH         LINE#         373
  C:18F9H         LINE#         375
  C:1911H         LINE#         376
  C:1920H         LINE#         377
  C:1927H         LINE#         379
  C:193FH         LINE#         380
  C:194EH         LINE#         381
  C:1955H         LINE#         383
  C:196DH         LINE#         384
  C:197CH         LINE#         385
  C:1983H         LINE#         387
  C:199BH         LINE#         388
  C:19AAH         LINE#         389
BL51 BANKED LINKER/LOCATER V6.22.2.0                                                  09/19/2018  10:14:33  PAGE 30


  C:19B1H         LINE#         391
  C:19C9H         LINE#         392
  C:19D8H         LINE#         393
  C:19DFH         LINE#         395
  C:19F7H         LINE#         396
  C:1A06H         LINE#         397
  C:1A0DH         LINE#         399
  C:1A25H         LINE#         400
  C:1A34H         LINE#         401
  C:1A3BH         LINE#         403
  C:1A53H         LINE#         404
  C:1A62H         LINE#         405
  C:1A69H         LINE#         407
  C:1A81H         LINE#         408
  C:1A90H         LINE#         409
  -------         ENDPROC       GPRS_ICCID
  -------         ENDMOD        GPRS

  -------         MODULE        USART
  C:0000H         SYMBOL        _ICE_DUMMY_
  D:0080H         PUBLIC        P0
  D:0090H         PUBLIC        P1
  D:00A0H         PUBLIC        P2
  D:00B0H         PUBLIC        P3
  D:00C0H         PUBLIC        P4
  D:00C8H         PUBLIC        P5
  B:00A8H.7       PUBLIC        EA
  D:00E8H         PUBLIC        P6
  D:00F8H         PUBLIC        P7
  C:2AD5H         PUBLIC        Uart1_Recv_NUM_AT
  D:00A8H         PUBLIC        IE
  B:00A8H.4       PUBLIC        ES
  C:2CA1H         PUBLIC        _Uart1_Send_Data
  D:00B8H         PUBLIC        IP
  C:15A7H         PUBLIC        Uart1_Recv_Deal
  B:0098H.0       PUBLIC        RI
  B:0098H.1       PUBLIC        TI
  D:00D8H         PUBLIC        CCON
  D:0099H         PUBLIC        SBUF
  D:0098H         PUBLIC        SCON
  D:0089H         PUBLIC        TMOD
  D:0088H         PUBLIC        TCON
  B:00C8H.0       PUBLIC        P50
  B:00C8H.1       PUBLIC        P51
  C:0003H         PUBLIC        _Uart1_Send
  D:008EH         PUBLIC        AUXR
  C:2D71H         PUBLIC        Uart1_Init
  B:00A8H.3       PUBLIC        ET1
  D:008DH         PUBLIC        TH1
  C:2B3FH         PUBLIC        Uart1_Recv_NUM_Packet
  D:008BH         PUBLIC        TL1
  B:0088H.6       PUBLIC        TR1
  C:0066H         PUBLIC        Uart1_Isr
  C:2F74H         PUBLIC        _Clear_Buf
  D:00D0H         PUBLIC        PSW
  -------         PROC          UART1_INIT
  C:2D71H         LINE#         15
BL51 BANKED LINKER/LOCATER V6.22.2.0                                                  09/19/2018  10:14:33  PAGE 31


  C:2D71H         LINE#         16
  C:2D71H         LINE#         17
  C:2D74H         LINE#         18
  C:2D77H         LINE#         19
  C:2D7AH         LINE#         20
  C:2D7DH         LINE#         21
  C:2D80H         LINE#         22
  C:2D83H         LINE#         23
  C:2D85H         LINE#         24
  C:2D87H         LINE#         28
  C:2D89H         LINE#         29
  C:2D8BH         LINE#         30
  -------         ENDPROC       UART1_INIT
  -------         PROC          _UART1_SEND
  D:0007H         SYMBOL        Buf
  C:0003H         LINE#         32
  C:0003H         LINE#         33
  C:0003H         LINE#         34
  C:0005H         LINE#         35
  C:0008H         LINE#         37
  C:000AH         LINE#         38
  -------         ENDPROC       _UART1_SEND
  -------         PROC          _UART1_SEND_DATA
  D:006BH         SYMBOL        Buf
  C:2CA1H         LINE#         40
  C:2CA7H         LINE#         41
  C:2CA7H         LINE#         42
  C:2CB2H         LINE#         43
  C:2CB2H         LINE#         44
  C:2CC3H         LINE#         45
  C:2CC5H         LINE#         46
  -------         ENDPROC       _UART1_SEND_DATA
  -------         PROC          UART1_RECV_NUM_AT
  -------         DO            
  D:0006H         SYMBOL        RecStr
  X:007CH         SYMBOL        Num
  X:007DH         SYMBOL        Count
  C:2AE2H         SYMBOL        Loop
  -------         ENDDO         
  C:2AD5H         LINE#         48
  C:2AD5H         LINE#         49
  C:2AD5H         LINE#         50
  C:2AD9H         LINE#         51
  C:2ADEH         LINE#         52
  C:2AE2H         LINE#         53
  C:2AE2H         LINE#         54
  C:2AE9H         LINE#         55
  C:2AF0H         LINE#         56
  C:2AF2H         LINE#         57
  C:2B06H         LINE#         58
  C:2B06H         LINE#         59
  C:2B09H         LINE#         60
  C:2B0EH         LINE#         61
  C:2B11H         LINE#         62
  C:2B11H         LINE#         63
  C:2B13H         LINE#         64
  C:2B21H         LINE#         65
BL51 BANKED LINKER/LOCATER V6.22.2.0                                                  09/19/2018  10:14:33  PAGE 32


  C:2B32H         LINE#         66
  C:2B32H         LINE#         67
  C:2B34H         LINE#         68
  C:2B38H         LINE#         69
  C:2B38H         LINE#         70
  C:2B38H         LINE#         71
  C:2B38H         LINE#         72
  C:2B38H         LINE#         73
  C:2B3AH         LINE#         74
  C:2B3EH         LINE#         75
  -------         ENDPROC       UART1_RECV_NUM_AT
  -------         PROC          UART1_RECV_NUM_PACKET
  -------         DO            
  D:0006H         SYMBOL        RecStr
  X:007CH         SYMBOL        Num
  X:007DH         SYMBOL        Count
  C:2B4CH         SYMBOL        Loop
  -------         ENDDO         
  C:2B3FH         LINE#         77
  C:2B3FH         LINE#         78
  C:2B3FH         LINE#         79
  C:2B43H         LINE#         80
  C:2B48H         LINE#         81
  C:2B4CH         LINE#         82
  C:2B4CH         LINE#         83
  C:2B53H         LINE#         84
  C:2B5AH         LINE#         85
  C:2B5CH         LINE#         86
  C:2B70H         LINE#         87
  C:2B70H         LINE#         88
  C:2B73H         LINE#         89
  C:2B78H         LINE#         90
  C:2B7BH         LINE#         91
  C:2B7BH         LINE#         92
  C:2B7DH         LINE#         93
  C:2B8BH         LINE#         94
  C:2B9CH         LINE#         95
  C:2B9CH         LINE#         96
  C:2B9EH         LINE#         98
  C:2BA2H         LINE#         99
  C:2BA2H         LINE#         100
  C:2BA2H         LINE#         101
  C:2BA2H         LINE#         102
  C:2BA2H         LINE#         103
  C:2BA4H         LINE#         105
  C:2BA8H         LINE#         106
  -------         ENDPROC       UART1_RECV_NUM_PACKET
  -------         PROC          UART1_RECV_DEAL
  -------         DO            
  X:007CH         SYMBOL        Check
  X:007EH         SYMBOL        HCheck
  X:0080H         SYMBOL        LCheck
  -------         ENDDO         
  C:15A7H         LINE#         108
  C:15A7H         LINE#         109
  C:15A7H         LINE#         114
  C:15AFH         LINE#         115
BL51 BANKED LINKER/LOCATER V6.22.2.0                                                  09/19/2018  10:14:33  PAGE 33


  C:15B7H         LINE#         116
  C:15BFH         LINE#         117
  C:15C7H         LINE#         118
  C:15CFH         LINE#         119
  C:15D7H         LINE#         120
  C:15DFH         LINE#         121
  C:15E7H         LINE#         122
  C:15EFH         LINE#         123
  C:15F7H         LINE#         124
  C:15FFH         LINE#         125
  C:1607H         LINE#         126
  C:160FH         LINE#         127
  C:1617H         LINE#         128
  C:161FH         LINE#         129
  C:1627H         LINE#         130
  C:162FH         LINE#         131
  C:1637H         LINE#         132
  C:163FH         LINE#         133
  C:1647H         LINE#         134
  C:164FH         LINE#         135
  C:1657H         LINE#         136
  C:165FH         LINE#         137
  C:1667H         LINE#         138
  C:166FH         LINE#         139
  C:1677H         LINE#         140
  C:167FH         LINE#         141
  C:1687H         LINE#         142
  C:168FH         LINE#         143
  C:1697H         LINE#         144
  C:169FH         LINE#         145
  C:16A7H         LINE#         146
  C:16AFH         LINE#         147
  C:16B7H         LINE#         148
  C:16BFH         LINE#         149
  C:16C7H         LINE#         151
  C:16D0H         LINE#         152
  C:1807H         LINE#         153
  C:1818H         LINE#         154
  C:1820H         LINE#         157
  C:183AH         LINE#         158
  C:183AH         LINE#         159
  C:1840H         LINE#         160
  C:1840H         LINE#         161
  -------         ENDPROC       UART1_RECV_DEAL
  -------         PROC          _CLEAR_BUF
  D:0001H         SYMBOL        Rx_Buf
  C:2F74H         LINE#         163
  C:2F74H         LINE#         164
  C:2F74H         LINE#         165
  -------         ENDPROC       _CLEAR_BUF
  -------         PROC          UART1_ISR
  C:0066H         LINE#         168
  C:0073H         LINE#         171
  C:007BH         LINE#         172
  C:007BH         LINE#         173
  C:0082H         LINE#         174
  C:0082H         LINE#         176
BL51 BANKED LINKER/LOCATER V6.22.2.0                                                  09/19/2018  10:14:33  PAGE 34


  C:0085H         LINE#         177
  C:0085H         LINE#         178
  C:0087H         LINE#         180
  C:0087H         LINE#         181
  C:008AH         LINE#         182
  C:008AH         LINE#         185
  -------         ENDPROC       UART1_ISR
  -------         ENDMOD        USART

  -------         MODULE        DELAY
  C:0000H         SYMBOL        _ICE_DUMMY_
  D:0080H         PUBLIC        P0
  D:0090H         PUBLIC        P1
  D:00A0H         PUBLIC        P2
  D:00B0H         PUBLIC        P3
  D:00C0H         PUBLIC        P4
  D:00C8H         PUBLIC        P5
  D:00E8H         PUBLIC        P6
  D:00F8H         PUBLIC        P7
  D:00A8H         PUBLIC        IE
  D:00B8H         PUBLIC        IP
  D:00D8H         PUBLIC        CCON
  C:2D8CH         PUBLIC        _Delay_S
  D:0098H         PUBLIC        SCON
  D:0088H         PUBLIC        TCON
  C:2E54H         PUBLIC        _Delay_MS
  D:00D0H         PUBLIC        PSW
  -------         PROC          _DELAY_S
  D:0006H         SYMBOL        S
  -------         DO            
  D:0005H         SYMBOL        i
  D:0004H         SYMBOL        j
  D:0003H         SYMBOL        k
  -------         ENDDO         
  C:2D8CH         LINE#         6
  C:2D8CH         LINE#         7
  C:2D8CH         LINE#         9
  C:2D96H         LINE#         10
  C:2D96H         LINE#         11
  C:2D97H         LINE#         12
  C:2D98H         LINE#         13
  C:2D9AH         LINE#         14
  C:2D9CH         LINE#         15
  C:2D9EH         LINE#         17
  C:2D9EH         LINE#         19
  C:2D9EH         LINE#         20
  C:2DA0H         LINE#         22
  C:2DA2H         LINE#         23
  C:2DA4H         LINE#         24
  C:2DA6H         LINE#         25
  -------         ENDPROC       _DELAY_S
  -------         PROC          _DELAY_MS
  D:0006H         SYMBOL        MS
  -------         DO            
  D:0005H         SYMBOL        i
  D:0004H         SYMBOL        j
  -------         ENDDO         
BL51 BANKED LINKER/LOCATER V6.22.2.0                                                  09/19/2018  10:14:33  PAGE 35


  C:2E54H         LINE#         27
  C:2E54H         LINE#         28
  C:2E54H         LINE#         30
  C:2E5EH         LINE#         31
  C:2E5EH         LINE#         32
  C:2E5FH         LINE#         33
  C:2E61H         LINE#         34
  C:2E63H         LINE#         36
  C:2E63H         LINE#         37
  C:2E65H         LINE#         39
  C:2E67H         LINE#         40
  C:2E69H         LINE#         41
  -------         ENDPROC       _DELAY_MS
  -------         ENDMOD        DELAY

  -------         MODULE        IODEAL
  C:0000H         SYMBOL        _ICE_DUMMY_
  D:0096H         PUBLIC        P2M0
  D:0080H         PUBLIC        P0
  D:0095H         PUBLIC        P2M1
  D:0090H         PUBLIC        P1
  D:00A0H         PUBLIC        P2
  D:00B0H         PUBLIC        P3
  D:00C0H         PUBLIC        P4
  D:00C8H         PUBLIC        P5
  D:00E8H         PUBLIC        P6
  D:00F8H         PUBLIC        P7
  D:00A8H         PUBLIC        IE
  D:00B8H         PUBLIC        IP
[...]
  C:22EBH         LINE#         81
  C:22EBH         LINE#         83
  C:22F3H         LINE#         84
  C:22FDH         LINE#         85
  C:22FDH         LINE#         86
  C:2303H         LINE#         87
  C:2309H         LINE#         88
  C:230FH         LINE#         89
  C:2312H         LINE#         90
  C:2324H         LINE#         91
  C:2324H         LINE#         92
  C:2327H         LINE#         93
  C:2327H         LINE#         94
  C:2327H         LINE#         95
  C:232FH         LINE#         96
  C:232FH         LINE#         97
  C:2333H         LINE#         98
  C:235EH         LINE#         99
  C:235EH         LINE#         100
  C:2369H         LINE#         101
  C:236BH         LINE#         103
  C:236BH         LINE#         104
  C:2371H         LINE#         105
  C:2371H         LINE#         106
  C:2377H         LINE#         107
  C:2377H         LINE#         108
  C:237AH         LINE#         109
  -------         ENDPROC       TIM3_ISR
  -------         PROC          TIM4_ISR
  C:2BA9H         LINE#         111
  C:2BB6H         LINE#         113
  C:2BCFH         LINE#         114
  C:2BE4H         LINE#         115
  C:2BE4H         LINE#         116
  C:2BE9H         LINE#         117
  C:2BEEH         LINE#         118
  C:2BF6H         LINE#         119
  C:2BF6H         LINE#         120
  C:2BF9H         LINE#         121
  -------         ENDPROC       TIM4_ISR
  -------         ENDMOD        TIMER

  -------         MODULE        EEPROM
  C:0000H         SYMBOL        _ICE_DUMMY_
  D:0080H         PUBLIC        P0
  D:0090H         PUBLIC        P1
  D:00A0H         PUBLIC        P2
BL51 BANKED LINKER/LOCATER V6.22.2.0                                                  09/19/2018  10:14:33  PAGE 39


  D:00B0H         PUBLIC        P3
  D:00C0H         PUBLIC        P4
  D:00C8H         PUBLIC        P5
  D:00E8H         PUBLIC        P6
  D:00F8H         PUBLIC        P7
  D:00A8H         PUBLIC        IE
  C:2E6AH         PUBLIC        _IapErase
  D:00C5H         PUBLIC        IAP_CMD
  D:00B8H         PUBLIC        IP
  C:2E0EH         PUBLIC        _IapRead
  C:2F67H         PUBLIC        IapIdle
  D:00C3H         PUBLIC        IAP_ADDRH
  D:00D8H         PUBLIC        CCON
  D:00C4H         PUBLIC        IAP_ADDRL
  D:0098H         PUBLIC        SCON
  D:0088H         PUBLIC        TCON
  D:00C7H         PUBLIC        IAP_CONTR
  D:00C2H         PUBLIC        IAP_DATA
  D:00C6H         PUBLIC        IAP_TRIG
  C:2E26H         PUBLIC        _IapProgram
  D:00D0H         PUBLIC        PSW
  -------         PROC          IAPIDLE
  C:2F67H         LINE#         8
  C:2F67H         LINE#         9
  C:2F67H         LINE#         10
  C:2F6AH         LINE#         11
  C:2F6CH         LINE#         12
  C:2F6EH         LINE#         13
  C:2F71H         LINE#         14
  C:2F73H         LINE#         15
  -------         ENDPROC       IAPIDLE
  -------         PROC          _IAPREAD
  D:0006H         SYMBOL        addr
  -------         DO            
  D:0007H         SYMBOL        dat
  -------         ENDDO         
  C:2E0EH         LINE#         17
  C:2E0EH         LINE#         18
  C:2E0EH         LINE#         21
  C:2E11H         LINE#         22
  C:2E14H         LINE#         23
  C:2E16H         LINE#         24
  C:2E1AH         LINE#         25
  C:2E1DH         LINE#         26
  C:2E20H         LINE#         27
  C:2E21H         LINE#         28
  C:2E23H         LINE#         29
  -------         ENDPROC       _IAPREAD
  -------         PROC          _IAPPROGRAM
  D:0006H         SYMBOL        addr
  D:0005H         SYMBOL        dat
  C:2E26H         LINE#         34
  C:2E26H         LINE#         35
  C:2E26H         LINE#         36
  C:2E29H         LINE#         37
  C:2E2CH         LINE#         38
  C:2E2EH         LINE#         39
BL51 BANKED LINKER/LOCATER V6.22.2.0                                                  09/19/2018  10:14:33  PAGE 40


  C:2E32H         LINE#         40
  C:2E34H         LINE#         41
  C:2E37H         LINE#         42
  C:2E3AH         LINE#         43
  C:2E3BH         LINE#         44
  -------         ENDPROC       _IAPPROGRAM
  -------         PROC          _IAPERASE
  D:0006H         SYMBOL        addr
  C:2E6AH         LINE#         47
  C:2E6AH         LINE#         48
  C:2E6AH         LINE#         49
  C:2E6DH         LINE#         50
  C:2E70H         LINE#         51
  C:2E72H         LINE#         52
  C:2E76H         LINE#         53
  C:2E79H         LINE#         54
  C:2E7CH         LINE#         55
  C:2E7DH         LINE#         56
  -------         ENDPROC       _IAPERASE
  -------         ENDMOD        EEPROM

  -------         MODULE        ?C_STARTUP
  C:278FH         SEGMENT       ?C_C51STARTUP
  I:007DH         SEGMENT       ?STACK
  C:0000H         PUBLIC        ?C_STARTUP
  D:00E0H         SYMBOL        ACC
  D:00F0H         SYMBOL        B
  D:0083H         SYMBOL        DPH
  D:0082H         SYMBOL        DPL
  N:0000H         SYMBOL        IBPSTACK
  N:0100H         SYMBOL        IBPSTACKTOP
  N:0080H         SYMBOL        IDATALEN
  C:2792H         SYMBOL        IDATALOOP
  N:0000H         SYMBOL        PBPSTACK
  N:0100H         SYMBOL        PBPSTACKTOP
  N:0000H         SYMBOL        PDATALEN
  N:0000H         SYMBOL        PDATASTART
  N:0000H         SYMBOL        PPAGE
  N:0000H         SYMBOL        PPAGEENABLE
  D:00A0H         SYMBOL        PPAGE_SFR
  D:0081H         SYMBOL        SP
  C:278FH         SYMBOL        STARTUP1
  N:0000H         SYMBOL        XBPSTACK
  N:0000H         SYMBOL        XBPSTACKTOP
  N:0000H         SYMBOL        XDATALEN
  N:0000H         SYMBOL        XDATASTART
  C:0000H         LINE#         126
  C:278FH         LINE#         133
  C:2791H         LINE#         134
  C:2792H         LINE#         135
  C:2793H         LINE#         136
  C:2795H         LINE#         185
  C:2798H         LINE#         196
  -------         ENDMOD        ?C_STARTUP

  -------         MODULE        MAIN
  C:0000H         SYMBOL        _ICE_DUMMY_
BL51 BANKED LINKER/LOCATER V6.22.2.0                                                  09/19/2018  10:14:33  PAGE 41


  D:0080H         PUBLIC        P0
  D:0090H         PUBLIC        P1
  D:00A0H         PUBLIC        P2
  D:00B0H         PUBLIC        P3
  D:00C0H         PUBLIC        P4
  D:00C8H         PUBLIC        P5
  D:00E8H         PUBLIC        P6
  D:00F8H         PUBLIC        P7
  D:00A8H         PUBLIC        IE
  D:00B8H         PUBLIC        IP
  D:00D8H         PUBLIC        CCON
  C:0717H         PUBLIC        main
  D:0098H         PUBLIC        SCON
  D:0088H         PUBLIC        TCON
  B:00C8H.0       PUBLIC        P50
  B:00C8H.1       PUBLIC        P51
  D:00D0H         PUBLIC        PSW
  -------         PROC          MAIN
  -------         DO            
  C:0AF3H         SYMBOL        MODESWITCH
  -------         ENDDO         
  C:0717H         LINE#         20
  C:0717H         LINE#         21
  C:0717H         LINE#         22
  C:0719H         LINE#         23
  C:071CH         LINE#         24
  C:0723H         LINE#         25
  C:0725H         LINE#         27
  C:0728H         LINE#         28
  C:072BH         LINE#         29
  C:072EH         LINE#         30
  C:0731H         LINE#         31
  C:0734H         LINE#         32
  C:0743H         LINE#         33
  C:0747H         LINE#         34
  C:0747H         LINE#         35
  C:074FH         LINE#         36
  C:0756H         LINE#         37
  C:075FH         LINE#         38
  C:0762H         LINE#         39
  C:0762H         LINE#         40
  C:0762H         LINE#         41
  C:0762H         LINE#         42
  C:0765H         LINE#         44
  C:0765H         LINE#         45
  C:076DH         LINE#         46
  C:0774H         LINE#         47
  C:077DH         LINE#         48
  C:0789H         LINE#         49
  C:0795H         LINE#         50
  C:079EH         LINE#         51
  C:07A7H         LINE#         52
  C:07B0H         LINE#         53
  C:07B9H         LINE#         54
  C:07D7H         LINE#         56
  C:07E0H         LINE#         57
  C:07E9H         LINE#         58
BL51 BANKED LINKER/LOCATER V6.22.2.0                                                  09/19/2018  10:14:33  PAGE 42


  C:07F2H         LINE#         59
  C:07FBH         LINE#         60
  C:07FDH         LINE#         61
  C:0804H         LINE#         62
  C:0806H         LINE#         63
  C:0806H         LINE#         64
  C:0809H         LINE#         65
  C:080CH         LINE#         66
  C:080FH         LINE#         67
  C:0821H         LINE#         68
  C:0821H         LINE#         69
  C:0821H         LINE#         70
  C:082DH         LINE#         71
  C:0839H         LINE#         72
  C:0845H         LINE#         73
  C:0851H         LINE#         74
  C:0875H         LINE#         75
  C:0875H         LINE#         76
  C:087BH         LINE#         77
  C:0881H         LINE#         78
  C:088AH         LINE#         79
  C:088DH         LINE#         80
  C:088DH         LINE#         81
  C:088DH         LINE#         82
  C:0895H         LINE#         83
  C:0895H         LINE#         84
  C:08A1H         LINE#         85
  C:08ADH         LINE#         86
  C:08B4H         LINE#         87
  C:08C0H         LINE#         88
  C:08CCH         LINE#         89
  C:08D8H         LINE#         90
  C:08E4H         LINE#         91
  C:08F3H         LINE#         92
  C:08F8H         LINE#         93
  C:08FBH         LINE#         94
  C:08FBH         LINE#         95
  C:092BH         LINE#         96
  C:092BH         LINE#         97
  C:092EH         LINE#         98
  C:0940H         LINE#         99
  C:0946H         LINE#         100
  C:094CH         LINE#         101
  C:0955H         LINE#         102
  C:0964H         LINE#         103
  C:096AH         LINE#         104
  C:096FH         LINE#         105
  C:0978H         LINE#         106
  C:0981H         LINE#         107
  C:0981H         LINE#         108
  C:09B1H         LINE#         109
  C:09B1H         LINE#         110
  C:09B4H         LINE#         111
  C:09C6H         LINE#         112
  C:09CCH         LINE#         113
  C:09D2H         LINE#         114
  C:09DBH         LINE#         115
BL51 BANKED LINKER/LOCATER V6.22.2.0                                                  09/19/2018  10:14:33  PAGE 43


  C:09EAH         LINE#         116
  C:09F0H         LINE#         117
  C:09F5H         LINE#         118
  C:09FEH         LINE#         119
  C:0A07H         LINE#         120
  C:0A07H         LINE#         121
  C:0A12H         LINE#         122
  C:0A12H         LINE#         123
  C:0A16H         LINE#         124
  C:0A25H         LINE#         125
  C:0A25H         LINE#         126
  C:0A28H         LINE#         127
  C:0A28H         LINE#         129
  C:0A28H         LINE#         130
  C:0A28H         LINE#         131
  C:0A28H         LINE#         132
  C:0A30H         LINE#         133
  C:0A30H         LINE#         134
  C:0A3FH         LINE#         135
  C:0A42H         LINE#         136
  C:0A42H         LINE#         137
  C:0A72H         LINE#         138
  C:0A72H         LINE#         139
  C:0A75H         LINE#         140
  C:0A87H         LINE#         141
  C:0A8EH         LINE#         142
  C:0A95H         LINE#         143
  C:0AA4H         LINE#         144
  C:0AAAH         LINE#         145
  C:0AAFH         LINE#         146
  C:0AB8H         LINE#         147
  C:0AC1H         LINE#         148
  C:0AC1H         LINE#         149
  C:0AF1H         LINE#         150
  C:0AF1H         LINE#         151
  C:0AF1H         LINE#         152
  C:0AF1H         LINE#         153
  C:0AF1H         LINE#         154
  C:0AF1H         LINE#         155
  C:0AF1H         LINE#         156
  C:0AF1H         LINE#         157
  C:0AF1H         LINE#         158
  C:0AF1H         LINE#         159
  C:0AF1H         LINE#         160
  C:0AF1H         LINE#         161
  C:0AF1H         LINE#         162
  C:0AF1H         LINE#         163
  C:0AF1H         LINE#         164
  C:0AF3H         LINE#         165
  C:0AF8H         LINE#         166
  C:0B0AH         LINE#         167
  C:0B0AH         LINE#         168
  C:0B0DH         LINE#         169
  C:0B0FH         LINE#         170
  C:0B21H         LINE#         171
  C:0B21H         LINE#         172
  C:0B24H         LINE#         173
BL51 BANKED LINKER/LOCATER V6.22.2.0                                                  09/19/2018  10:14:33  PAGE 44


  C:0B24H         LINE#         174
  C:0B54H         LINE#         175
  C:0B54H         LINE#         176
  C:0B57H         LINE#         177
  C:0B69H         LINE#         178
  C:0B70H         LINE#         179
  C:0B77H         LINE#         180
  C:0B86H         LINE#         181
  C:0B8CH         LINE#         182
  C:0B91H         LINE#         183
  C:0B9AH         LINE#         184
  C:0BA3H         LINE#         185
  C:0BA6H         LINE#         186
  C:0BA6H         LINE#         187
  C:0BD9H         LINE#         188
  C:0BD9H         LINE#         189
  C:0BDCH         LINE#         190
  C:0BEEH         LINE#         191
  C:0BF5H         LINE#         192
  C:0BFCH         LINE#         193
  C:0C0BH         LINE#         194
  C:0C11H         LINE#         195
  C:0C16H         LINE#         196
  C:0C1FH         LINE#         197
  C:0C28H         LINE#         198
  -------         ENDPROC       MAIN
  -------         ENDMOD        MAIN

  -------         MODULE        PACKET
  C:0000H         SYMBOL        _ICE_DUMMY_
  C:0095H         PUBLIC        Valve1L
  X:0000H         PUBLIC        Rx_Buffer_AT
  X:0032H         PUBLIC        Order
  X:0033H         PUBLIC        RechargeFlow_01
  X:0034H         PUBLIC        RechargeFlow_02
  D:0021H         PUBLIC        ValveCountDown_M1
  X:0035H         PUBLIC        RechargeDay_01
  D:0022H         PUBLIC        ValveCountDown_M2
  X:0036H         PUBLIC        Rx_Buffer
  X:005AH         PUBLIC        RechargeDay_02
  D:0023H         PUBLIC        Lock
  D:0025H         PUBLIC        ValveCount
  D:0029H         PUBLIC        TempTimer_Start
  D:002BH         PUBLIC        PollTimer_Start
  D:002DH         PUBLIC        PollTimer_Start_Stop
  D:002FH         PUBLIC        ValveAll
  D:0033H         PUBLIC        PollTimer
  D:0037H         PUBLIC        StartBool
  X:005BH         PUBLIC        GPRSSignal
  X:005CH         PUBLIC        Check_01
  X:005DH         PUBLIC        Check_02
  X:005EH         PUBLIC        DeviceID_01
  X:005FH         PUBLIC        DeviceID_02
  X:0060H         PUBLIC        DeviceID_03
  D:0039H         PUBLIC        TempTimer_Stop
  X:0061H         PUBLIC        DeviceID_04
  D:003BH         PUBLIC        PollTimer_Stop
BL51 BANKED LINKER/LOCATER V6.22.2.0                                                  09/19/2018  10:14:33  PAGE 45


  D:003DH         PUBLIC        ValveCountDown
  X:0062H         PUBLIC        DeviceFlow_01
  X:0063H         PUBLIC        DeviceFlow_02
  X:0064H         PUBLIC        WaterTDS_01
  X:0065H         PUBLIC        WaterTDS_02
  D:0041H         PUBLIC        StopBool
  D:0043H         PUBLIC        BUSY
  D:0045H         PUBLIC        ValveAll_H
  D:0046H         PUBLIC        ValveAll_L
  X:0066H         PUBLIC        ICCID1_01
  D:0047H         PUBLIC        ValveCountDown_H
  X:0067H         PUBLIC        ICCID2_01
  X:0068H         PUBLIC        ICCID1_02
  X:0069H         PUBLIC        ICCID3_01
  X:006AH         PUBLIC        ICCID2_02
  X:006BH         PUBLIC        ICCID4_01
  X:006CH         PUBLIC        ICCID3_02
  X:006DH         PUBLIC        ICCID5_01
  X:006EH         PUBLIC        ICCID4_02
  D:0048H         PUBLIC        ValveCountDown_L
  X:006FH         PUBLIC        ICCID5_02
  X:0070H         PUBLIC        DeviceMode
  X:0071H         PUBLIC        DeviceStatus
  C:0097H         PUBLIC        Valve001L
  X:0072H         PUBLIC        SurplusFlow_01
  X:0073H         PUBLIC        SurplusFlow_02
  D:0049H         PUBLIC        HeartPacketBool
  D:004BH         PUBLIC        Send_OK_Flag
  X:0074H         PUBLIC        Buf_Length
  X:0076H         PUBLIC        SurplusDay_01
  X:0077H         PUBLIC        SurplusDay_02
  D:004DH         PUBLIC        ICCIDBool
  X:0078H         PUBLIC        UsedFlow_01
  X:0079H         PUBLIC        UsedFlow_02
  X:007AH         PUBLIC        UsedDay_01
  D:004FH         PUBLIC        OpenDeviceCount
  X:007BH         PUBLIC        UsedDay_02
  D:0051H         PUBLIC        ValveAll_M1
  D:0052H         PUBLIC        ValveAll_M2
  -------         ENDMOD        PACKET

  -------         MODULE        ?C?COPY
  C:10BAH         PUBLIC        ?C?COPY
  -------         ENDMOD        ?C?COPY

  -------         MODULE        ?C?CLDPTR
  C:10E0H         PUBLIC        ?C?CLDPTR
  -------         ENDMOD        ?C?CLDPTR

  -------         MODULE        ?C?CLDOPTR
  C:10F9H         PUBLIC        ?C?CLDOPTR
  -------         ENDMOD        ?C?CLDOPTR

  -------         MODULE        ?C?IMUL
  C:1126H         PUBLIC        ?C?IMUL
  -------         ENDMOD        ?C?IMUL

BL51 BANKED LINKER/LOCATER V6.22.2.0                                                  09/19/2018  10:14:33  PAGE 46


  -------         MODULE        ?C?ISTPTR
  C:1138H         PUBLIC        ?C?ISTPTR
  -------         ENDMOD        ?C?ISTPTR

  -------         MODULE        ?C?ULDIV
  C:1193H         PUBLIC        ?C?ULDIV
  -------         ENDMOD        ?C?ULDIV

  -------         MODULE        ?C?SLCMP
  C:1225H         PUBLIC        ?C?SLCMP
  -------         ENDMOD        ?C?SLCMP

  -------         MODULE        ?C?ULCMP
  C:123BH         PUBLIC        ?C?ULCMP
  -------         ENDMOD        ?C?ULCMP

  -------         MODULE        ?C?ULSHR
  C:124CH         PUBLIC        ?C?ULSHR
  -------         ENDMOD        ?C?ULSHR

  -------         MODULE        ?C?LSTXDATA
  C:125FH         PUBLIC        ?C?LSTXDATA
  -------         ENDMOD        ?C?LSTXDATA

  -------         MODULE        ?C?LSTKXDATA
  C:126BH         PUBLIC        ?C?LSTKXDATA
  -------         ENDMOD        ?C?LSTKXDATA

  -------         MODULE        ISALPHA
  C:2DA7H         PUBLIC        _isalpha
  -------         ENDMOD        ISALPHA

  -------         MODULE        ISDIGIT
  C:2F2DH         PUBLIC        _isdigit
  -------         ENDMOD        ISDIGIT

  -------         MODULE        ISUPPER
  C:2F3CH         PUBLIC        _isupper
  -------         ENDMOD        ISUPPER

  -------         MODULE        STRNCPY
  D:006BH         PUBLIC        ?_strncpy?BYTE
  C:2C04H         PUBLIC        _strncpy
  -------         ENDMOD        STRNCPY

  -------         MODULE        STRLEN
  C:2EBFH         PUBLIC        _STRLEN
  -------         ENDMOD        STRLEN

  -------         MODULE        STRCHR
  C:2D55H         PUBLIC        _STRCHR
  -------         ENDMOD        STRCHR

  -------         MODULE        STRSTR
  D:0071H         PUBLIC        ?_strstr?BYTE
  C:281BH         PUBLIC        _strstr
  -------         ENDMOD        STRSTR
BL51 BANKED LINKER/LOCATER V6.22.2.0                                                  09/19/2018  10:14:33  PAGE 47



  -------         MODULE        ATOI
  C:2596H         PUBLIC        _atoi
  -------         ENDMOD        ATOI

  -------         MODULE        ?C?MEMSET
  C:129CH         PUBLIC        ?C?MEMSET
  -------         ENDMOD        ?C?MEMSET

  -------         MODULE        ?C?CSTOPTR
  C:12C8H         PUBLIC        ?C?CSTOPTR
  -------         ENDMOD        ?C?CSTOPTR

  -------         MODULE        ISSPACE
  C:2ED4H         PUBLIC        _isspace
  -------         ENDMOD        ISSPACE

Program Size: data=109.1 xdata=150 code=12156
LINK/LOCATE RUN COMPLETE.  0 WARNING(S),  0 ERROR(S)
